[www.xperience-group.com/index.html]
[www.xperience-group.com/fonts.gstatic.com/s/roboto/v27/KFOmCnqEu92Fr1Mu4mxP.ttf]
[backblue.gif]
[fade.gif]
[index.html]
[www.xperience-group.com/wp-content/cache/autoptimize/autoptimize_3974f6677f030255e362589e3e508283.css]
[www.xperience-group.com/wp-content/uploads/maxmegamenu/style.css]
[www.xperience-group.com/wp-content/cache/asset-cleanup/css/item/dashicons-v0674266b01f309e2fa6fa538694aed869905c665.css]
[www.xperience-group.com/wp-content/cache/asset-cleanup/css/item/xperience-style-va6cf68d6da58a02df6999ddbd16b55ce99c60e5d.css]
[www.xperience-group.com/wp-content/themes/xperience-child/css/slick.css]
[www.xperience-group.com/wp-content/cache/asset-cleanup/css/item/slick-theme-css-v937e1e5792546557cd334fcc38dd2d87a61682ef.css]
[www.xperience-group.com/wp-includes/js/jquery/jquery.js]
[www.xperience-group.com/wp-content/plugins/megamenu/js/maxmegamenu.js]
[www.xperience-group.com/wp-content/plugins/megamenu-pro/assets/public.js]
[www.xperience-group.com/wp-content/cache/asset-cleanup/css/item/child-style-va6cf68d6da58a02df6999ddbd16b55ce99c60e5d.css]
[www.xperience-group.com/wp-content/cache/asset-cleanup/css/item/all-style-v7ce5a36eceaed298c856d2f117a97933ea5255a7.css]
[www.xperience-group.com/wp-content/themes/xperience-child/css/style.css]
[www.xperience-group.com/wp-content/cache/asset-cleanup/css/item/customizer-merge-style-v28f67ef946be236bd772c1d67b38a099d14508f9.css]
[www.xperience-group.com/feed/index.html]
[www.xperience-group.com/comments/feed/index.html]
[www.xperience-group.com/wp-json/wp/v2/pages/966.json]
[www.xperience-group.com/xmlrpc0db0.php]
[www.xperience-group.com/wp-json/index.html]
[www.xperience-group.com/wp-includes/wlwmanifest.xml]
[www.xperience-group.com/wp-json/oembed/1.0/embede87d.json]
[www.xperience-group.com/wp-json/oembed/1.0/embed9f3e]
[www.xperience-group.com/wp-content/uploads/2019/12/cropped-logos-32x32.png]
[www.xperience-group.com/wp-content/uploads/2019/12/cropped-logos-192x192.png]
[www.xperience-group.com/wp-content/uploads/2019/12/cropped-logos-180x180.png]
[www.xperience-group.com/wp-content/themes/xperience-child/webfonts/fa-brands-400.woff2]
[www.xperience-group.com/wp-content/themes/xperience-child/webfonts/fa-solid-900.woff2]
[www.xperience-group.com/wp-content/uploads/2019/12/Xperience-Logo.svg]
[www.xperience-group.com/support/index.html]
[www.xperience-group.com/about-us/careers-at-xperience/index.html]
[www.xperience-group.com/contact-us/index.html]
[www.xperience-group.com/digital-transformation/xperience-solutions/index.html]
[www.xperience-group.com/sage-200/index.html]
[www.xperience-group.com/sage-50/index.html]
[ajax.googleapis.com/ajax/libs/jquery/3.4.1/jquery.min.js]
[www.xperience-group.com/wp-content/themes/xperience-child/js/slick.min.js]
[www.xperience-group.com/crm-software/index.html]
[maxcdn.bootstrapcdn.com/bootstrap/4.3.1/js/bootstrap.min.js]
[www.xperience-group.com/act-crm/index.html]
[kit.fontawesome.com/cef03e2529.js]
[code.iconify.design/1/1.0.3/iconify.min.js]
[888926.smushcdn.com/2060143/wp-content/uploads/2019/12/WellgroomedImpressiveAoudad-size_restricted-10af1.gif]
[www.xperience-group.com/cloud-computing-solutions/microsoft-365/index.html]
[888926.smushcdn.com/2060143/wp-content/uploads/2021/08/iStock-867902816-1-10af1.jpg]
[www.xperience-group.com/xperience-data-centres/index.html]
[www.xperience-group.com/it-infrastructure/managed-it/index.html]
[www.xperience-group.com/managed-it-support/index.html]
[www.xperience-group.com/managed-it-support/managed-it-complementary-it-support/index.html]
[888926.smushcdn.com/2060143/wp-content/uploads/2021/08/Man-running-fast-1423x500-1-10af1.jpg]
[www.xperience-group.com/it-professional-services/index.html]
[www.xperience-group.com/our-sectors/index.html]
[www.xperience-group.com/it-backups/index.html]
[www.xperience-group.com/industry/construction/index.html]
[888926.smushcdn.com/2060143/wp-content/uploads/2021/08/website_banner-10af1.jpg]
[www.xperience-group.com/industry/legal/index.html]
[www.xperience-group.com/industry/service-facilities-management/index.html]
[www.xperience-group.com/industry/financial-services/index.html]
[www.xperience-group.com/industry/distribution-wholesale/index.html]
[888926.smushcdn.com/2060143/wp-content/uploads/2021/08/small-erp0af1.jpg]
[www.xperience-group.com/industry/manufacturing/index.html]
[888926.smushcdn.com/2060143/wp-content/uploads/2020/02/iStock-966826582-image-of-woman-at-laptop-for-homepage0af1.jpg]
[www.xperience-group.com/industry/not-for-profit/index.html]
[www.xperience-group.com/case-studies/index.html]
[888926.smushcdn.com/2060143/wp-content/uploads/2020/02/iStock-476085510-managed-IT-banner0af1.jpg]
[www.xperience-group.com/2020-round-up/index.html]
[888926.smushcdn.com/2060143/wp-content/uploads/2020/02/iStock-1162194052-1-Cloud-banner0af1.jpg]
[www.xperience-group.com/news/index.html]
[888926.smushcdn.com/2060143/wp-content/uploads/2020/02/iStock-981344368-v40af1.jpg]
[www.xperience-group.com/xperience-g-cloud-government-framework/index.html]
[888926.smushcdn.com/2060143/wp-content/uploads/2020/05/Service-350-x-2150af1.jpg]
[www.xperience-group.com/news-critical-security-update/index.html]
[888926.smushcdn.com/2060143/wp-content/uploads/2021/02/Businesswoman-in-glasses-lloking-the-the-screen-350x0af1.jpg]
[888926.smushcdn.com/2060143/wp-content/uploads/2021/05/distribution-web-version-350x215-10af1.jpg]
[www.xperience-group.com/blogs/index.html]
[888926.smushcdn.com/2060143/wp-content/uploads/2020/05/library-350-x-2150af1.jpg]
[www.xperience-group.com/why-successful-digital-transformation-calls-for-more-than-just-technology/index.html]
[www.xperience-group.com/about-us/index.html]
[www.xperience-group.com/is-microsoft-teams-more-than-an-online-meeting-app/index.html]
[888926.smushcdn.com/2060143/wp-content/uploads/2020/03/aconstruction-banner0af1.jpg]
[www.xperience-group.com/wp-content/uploads/2019/12/x-logo-xperience.svg]
[888926.smushcdn.com/2060143/wp-content/uploads/2020/04/Working-from-home-1423-x-5000af1.jpg]
[www.xperience-group.com/about-us/our-partners/index.html]
[www.xperience-group.com/about-us/our-accreditations/index.html]
[888926.smushcdn.com/2060143/wp-content/uploads/2019/12/6ba65c76be1bf942667a93319473eda90af1.jpg]
[www.xperience-group.com/about-us/team/index.html]
[www.xperience-group.com/adapt-and-strengthen-in-extraordinary-times/index.html]
[888926.smushcdn.com/2060143/wp-content/uploads/2016/04/iStock-1132012464-sage-bannerWEB0af1.jpg]
[www.xperience-group.com/xperience-partners-with-irish-football-association/index.html]
[www.xperience-group.com/dynamics365/microsoft-dynamics-365-business-central/index.html]
[www.xperience-group.com/digital-transformation-webinar-series/index.html]
[www.xperience-group.com/accounts-erp-software/index.html]
[www.xperience-group.com/pegasus-opera/index.html]
[888926.smushcdn.com/2060143/wp-content/uploads/2021/02/wEB-BANNER-PODCAST-CLOUD-scaled-e16124356805480af1.jpg]
[www.xperience-group.com/sage-crm/index.html]
[www.xperience-group.com/infor-cloudsuite-crm/index.html]
[888926.smushcdn.com/2060143/wp-content/uploads/2020/02/6867E9B5-F7A8-4B6B-A9A6-4D7ABEDE144E_Gemma-McAnally-scaled-10af1.jpg]
[www.xperience-group.com/cloud-computing-solutions/index.html]
[888926.smushcdn.com/2060143/wp-content/uploads/2020/08/iStock-1059088660-managed-IT-support-30af1.jpg]
[888926.smushcdn.com/2060143/wp-content/uploads/2020/03/Untitled-design0af1.jpg]
[www.xperience-group.com/category/accounting-and-erp/index.html]
[www.xperience-group.com/indexc14b.html]
[www.xperience-group.com/cost-of-using-outdated-software/index.html]
[888926.smushcdn.com/2060143/wp-content/uploads/2020/02/Untitled-design-10af1.jpg]
[www.xperience-group.com/how-well-is-your-current-software-vendor-weathering-the-crisis/index.html]
[888926.smushcdn.com/2060143/wp-content/uploads/2021/04/Coffee-beans-roasting-570x380-10af1.jpg]
[888926.smushcdn.com/2060143/wp-content/uploads/2021/04/fuel-tanks-570x380-10af1.jpg]
[www.xperience-group.com/category/blogs/index.html]
[888926.smushcdn.com/2060143/wp-content/uploads/2021/02/abstract-resized0af1.png]
[www.xperience-group.com/our_team/gemma-mcanally/index.html]
[www.xperience-group.com/moving-from-a-standalone-software-to-a-platform-approach/index.html]
[www.xperience-group.com/case-studies/belvoir-fruit-farms/index.html]
[www.xperience-group.com/case-studies/cloud-computing-sam-mouldings/index.html]
[www.xperience-group.com/case-studies/caffe-society-2021/index.html]
[888926.smushcdn.com/2060143/wp-content/uploads/2020/08/iStock-1169539462-Finance-20af1.jpg]
[www.xperience-group.com/case-studies/hytek/index.html]
[www.xperience-group.com/case-studies/auger-torque/index.html]
[www.xperience-group.com/wp-content/themes/xperience-child/css/bootstrap.min.css]
[www.xperience-group.com/wp-content/themes/xperience-child/css/footer.css]
[www.xperience-group.com/wp-content/cache/autoptimize/autoptimize_f741c3be098a672ab157baf845883aa4.php]
[www.xperience-group.com/terms-and-conditions/index.html]
[www.xperience-group.com/cookie-policy/index.html]
[www.xperience-group.com/index.html]
[static.cloudflareinsights.com/beacon.min.js]
[www.xperience-group.com/sitemap/index.html]
[www.xperience-group.com/copyright-notice/index.html]
[www.xperience-group.com/complaints-handling/index.html]
[www.xperience-group.com/privacy-statement/index.html]
[www.xperience-group.com/uk-domains-terms-of-service/index.html]
[www.xperience-group.com/wp-content/cache/autoptimize/autoptimize_3974f6677f030255e362589e3e508283.css]
[www.xperience-group.com/wp-content/uploads/maxmegamenu/style.css]
[www.xperience-group.com/wp-content/cache/asset-cleanup/css/item/dashicons-v0674266b01f309e2fa6fa538694aed869905c665.css]
[www.xperience-group.com/wp-includes/fonts/dashicons7d4b.eot]
[www.xperience-group.com/wp-content/themes/xperience-child/fonts/ArialMTStd-ExtraBold.woff2]
[www.xperience-group.com/wp-content/themes/xperience-child/fonts/ArialMTStd-ExtraBold.woff]
[www.xperience-group.com/wp-content/themes/xperience-child/fonts/Arial-Black.woff2]
[www.xperience-group.com/wp-content/themes/xperience-child/fonts/Arial-Black.woff]
[www.xperience-group.com/wp-content/themes/xperience-child/fonts/ArialMT.woff2]
[www.xperience-group.com/wp-content/themes/xperience-child/fonts/ArialMT.woff]
[www.xperience-group.com/wp-content/themes/xperience-child/fonts/Arial-BoldMT.woff2]
[www.xperience-group.com/wp-content/themes/xperience-child/fonts/Arial-BoldMT.woff]
[www.xperience-group.com/wp-content/cache/asset-cleanup/css/item/xperience-style-va6cf68d6da58a02df6999ddbd16b55ce99c60e5d.css]
[www.xperience-group.com/wp-content/themes/xperience-child/css/slick.css]
[www.xperience-group.com/wp-content/themes/xperience-child/image/ajax-loader.gif]
[www.xperience-group.com/wp-content/themes/xperience-child/css/fonts/slick.eot]
[www.xperience-group.com/wp-content/cache/asset-cleanup/css/item/slick-theme-css-v937e1e5792546557cd334fcc38dd2d87a61682ef.css]
[www.xperience-group.com/wp-content/cache/asset-cleanup/css/item/child-style-va6cf68d6da58a02df6999ddbd16b55ce99c60e5d.css]
[www.xperience-group.com/wp-content/themes/xperience-child/css/fonts/slickd41d.eot]
[www.xperience-group.com/wp-content/themes/xperience-child/webfonts/fa-brands-400.eot]
[www.xperience-group.com/wp-content/themes/xperience-child/webfonts/fa-brands-400d41d.eot]
[www.xperience-group.com/wp-content/themes/xperience-child/webfonts/fa-brands-400.woff]
[www.xperience-group.com/wp-content/themes/xperience-child/webfonts/fa-brands-400.ttf]
[www.xperience-group.com/wp-content/themes/xperience-child/webfonts/fa-regular-400.eot]
[www.xperience-group.com/wp-content/themes/xperience-child/webfonts/fa-brands-400.svg]
[www.xperience-group.com/wp-content/themes/xperience-child/webfonts/fa-regular-400d41d.eot]
[www.xperience-group.com/wp-content/themes/xperience-child/webfonts/fa-regular-400.woff2]
[www.xperience-group.com/wp-content/themes/xperience-child/webfonts/fa-regular-400.woff]
[www.xperience-group.com/wp-content/themes/xperience-child/webfonts/fa-regular-400.ttf]
[www.xperience-group.com/wp-content/themes/xperience-child/webfonts/fa-regular-400.svg]
[www.xperience-group.com/wp-content/themes/xperience-child/webfonts/fa-solid-900.eot]
[www.xperience-group.com/wp-content/themes/xperience-child/webfonts/fa-solid-900d41d.eot]
[www.xperience-group.com/wp-content/themes/xperience-child/webfonts/fa-solid-900.woff]
[www.xperience-group.com/wp-content/themes/xperience-child/webfonts/fa-solid-900.ttf]
[www.xperience-group.com/wp-content/cache/asset-cleanup/css/item/all-style-v7ce5a36eceaed298c856d2f117a97933ea5255a7.css]
[www.xperience-group.com/wp-content/themes/xperience-child/webfonts/fa-solid-900.svg]
[www.xperience-group.com/media/right-arrow-link.svg]
[www.xperience-group.com/media/right-arrow-link-white.svg]
[www.xperience-group.com/wp-content/themes/xperience-child/image/quotation-mark.svg]
[www.xperience-group.com/media/homepage-image.png]
[www.xperience-group.com/wp-content/themes/xperience-child/css/style.css]
[www.xperience-group.com/wp-content/cache/asset-cleanup/css/item/customizer-merge-style-v28f67ef946be236bd772c1d67b38a099d14508f9.css]
[www.xperience-group.com/xmlrpc0db0.html]
[secure.hero6bell.com/212101.html]
[www.xperience-group.com/wp-content/uploads/2019/12/Xperience-Logo.svg]
[www.xperience-group.com/wp-json/wp/v2/pages/87.json]
[www.xperience-group.com/wp-json/oembed/1.0/embed14e2.json]
[www.xperience-group.com/wp-json/oembed/1.0/embed09a7]
[www.xperience-group.com/wp-content/uploads/2019/12/support-telephone.svg]
[888926.smushcdn.com/2060143/wp-content/uploads/2020/03/Online-training-in-the-classroom-64x64-10af1.jpg]
[888926.smushcdn.com/2060143/wp-content/uploads/2020/03/virtual-reality-64x64-10af1.jpg]
[888926.smushcdn.com/2060143/wp-content/uploads/2020/03/Optical-fibers-Abstract-blur-background-64x64-10af1.jpg]
[www.xperience-group.com/wp-content/cache/autoptimize/autoptimize_b817cc151ddaea0a22fbc4e828a2ff3c.php]
[www.xperience-group.com/support/index.html]
[www.xperience-group.com/wp-json/wp/v2/pages/30705.json]
[www.xperience-group.com/wp-json/oembed/1.0/embed5cdf.json]
[www.xperience-group.com/wp-json/oembed/1.0/embedd9a0]
[cdnjs.cloudflare.com/ajax/libs/popper.js/1.14.7/umd/popper.min.js]
[888926.smushcdn.com/2060143/wp-content/uploads/2014/11/iStock-863497476-1WEB0af1.jpg]
[888926.smushcdn.com/2060143/wp-content/uploads/2021/05/Careers-page.jpg-20af1.jpg]
[888926.smushcdn.com/2060143/wp-content/uploads/2019/12/iStock-1130133774-Cloud0af1.png]
[888926.smushcdn.com/2060143/wp-content/uploads/2020/02/s200CRMiStock-11392459281423x500px0af1.jpg]
[888926.smushcdn.com/2060143/wp-content/uploads/2020/09/setting-goals-post-it-notes-1423x500-10af1.png]
[888926.smushcdn.com/2060143/wp-content/uploads/2020/03/5-10af1.png]
[888926.smushcdn.com/2060143/wp-content/uploads/2021/05/Copy-of-Candidate-guide0af1.png]
[www.xperience-group.com/wp-content/uploads/2021/06/Candidate-guide-updated.pdf]
[www.xperience-group.com/wp-content/plugins/contact-form-7/includes/css/styles.css]
[www.xperience-group.com/wp-content/plugins/integration-dynamics/resources/front/css/jquery.datetimepicker.css]
[www.xperience-group.com/wp-content/cache/asset-cleanup/css/item/iul5qke-style-v80c9acf9845bad85c22a9b6849c71ca5a10e8902.css]
[www.xperience-group.com/about-us/careers-at-xperience/index.html]
[www.xperience-group.com/wp-content/cache/autoptimize/autoptimize_9790c62e895dc79e7ab2a265fc15ab25.php]
[www.xperience-group.com/wp-content/plugins/contact-form-7/includes/js/index.js]
[www.xperience-group.com/wp-json/wp/v2/pages/89.json]
[www.xperience-group.com/wp-json/oembed/1.0/embed00c3.json]
[www.xperience-group.com/wp-json/oembed/1.0/embedd1d2]
[www.xperience-group.com/wp-includes/js/dist/vendor/wp-polyfill.min.js]
[www.xperience-group.com/wp-includes/js/dist/vendor/wp-polyfill-fetch.min6e0e.js]
[www.xperience-group.com/wp-includes/js/dist/vendor/wp-polyfill-node-contains.min2e00.js]
[www.xperience-group.com/wp-includes/js/dist/vendor/wp-polyfill-dom-rect.min2e00.js]
[www.xperience-group.com/wp-includes/js/dist/vendor/wp-polyfill-url.min5aed.js]
[www.xperience-group.com/wp-includes/js/dist/vendor/wp-polyfill-formdata.mine9bd.js]
[www.xperience-group.com/wp-includes/js/dist/vendor/wp-polyfill-element-closest.min4c56.js]
[www.google.com/recaptcha/apie5e7.js]
[www.xperience-group.com/contact-us/index.html]
[www.xperience-group.com/standard-page/digital-transformation/index.html]
[www.xperience-group.com/wp-content/cache/autoptimize/autoptimize_c6e5b64660cabc42ae4919b184627ad2.php]
[www.xperience-group.com/digital-transformation/index.html]
[www.xperience-group.com/wp-json/wp/v2/pages/3168.json]
[www.xperience-group.com/wp-json/oembed/1.0/embedb6c2.json]
[www.xperience-group.com/wp-json/oembed/1.0/embed38c7]
[888926.smushcdn.com/2060143/wp-content/uploads/2020/02/iStock-1130133774-Solutions0af1.jpg]
[www.xperience-group.com/products/demo/index.html]
[www.xperience-group.com/products/product-standard-demo/index.html]
[www.xperience-group.com/why-xperience-for-digital-transformation/index.html]
[888926.smushcdn.com/2060143/wp-content/uploads/2020/02/Digital-Transformation0af1.png]
[888926.smushcdn.com/2060143/wp-content/uploads/2020/06/20af1.png]
[www.xperience-group.com/digital-transformation/xperience-solutions/index.html]
[www.xperience-group.com/products/accounts-erp-software/index.html]
[www.xperience-group.com/wp-content/cache/autoptimize/autoptimize_80334dc60bbe3ec89e4c4d67dbc25a93.php]
[www.xperience-group.com/wp-json/wp/v2/pages/23.json]
[www.xperience-group.com/wp-json/oembed/1.0/embed13bb.json]
[www.xperience-group.com/wp-json/oembed/1.0/embedc401]
[888926.smushcdn.com/2060143/wp-content/uploads/2019/12/iStock-1132012464-sage-banner-v10af1.jpg]
[888926.smushcdn.com/2060143/wp-content/uploads/2020/08/play-button0af1.png]
[888926.smushcdn.com/2060143/wp-content/uploads/2021/04/gray-tunnel-396x215-10af1.jpg]
[888926.smushcdn.com/2060143/wp-content/uploads/2020/02/Futuristic-graphical-user-interface-concept-396x215-10af1.jpg]
[888926.smushcdn.com/2060143/wp-content/uploads/2021/06/iStock-514260952-sage-agile-service-card0af1.jpg]
[888926.smushcdn.com/2060143/wp-content/uploads/2021/04/Sage-service-card-396x215-10af1.jpg]
[888926.smushcdn.com/2060143/wp-content/uploads/2021/06/iStock-1131903805-customer-service-sage-200-service-card0af1.jpg]
[888926.smushcdn.com/2060143/wp-content/uploads/2019/12/d365bciStock-973143870396x215-10af1.jpg]
[888926.smushcdn.com/2060143/wp-content/uploads/2020/12/feature-icon-20af1.png]
[888926.smushcdn.com/2060143/wp-content/uploads/2020/02/Xperience-Logo-resized-for-website0af1.jpg]
[www.xperience-group.com/sage-200/manufacturing/index.html]
[888926.smushcdn.com/2060143/wp-content/uploads/2019/12/businessman-focusing-on-work-on-his-laptop-350x400-10af1.png]
[www.xperience-group.com/webex-improve-your-sage-200-reports-with-power-bi/index.html]
[www.xperience-group.com/sage-200/project-accounting/index.html]
[888926.smushcdn.com/2060143/wp-content/uploads/2020/03/Sage200-infographic-1002x10240af1.jpg]
[www.xperience-group.com/sage-200/sage-200-crm/index.html]
[www.xperience-group.com/dynamics-365-sage-200-integration/index.html]
[888926.smushcdn.com/2060143/wp-content/uploads/2020/02/ERP-Sage-50-and-Microsoft-Excel-Training-10af1.jpg]
[888926.smushcdn.com/2060143/wp-content/uploads/2019/01/shutterstock_1007122360-Converted-1234-0af1.jpg]
[www.xperience-group.com/category/dynamics-365/index.html]
[888926.smushcdn.com/2060143/wp-content/uploads/2018/11/shutterstock_777221539WEB0af1.jpg]
[www.xperience-group.com/category/sage-200/index.html]
[www.xperience-group.com/can-erp-software-help-your-business-grow-in-2019/index.html]
[www.xperience-group.com/category/office-365/index.html]
[www.xperience-group.com/what-is-sage/index.html]
[www.xperience-group.com/category/sage-50/index.html]
[www.xperience-group.com/when-do-i-need-to-start-preparing-for-making-tax-digital/index.html]
[888926.smushcdn.com/2060143/wp-content/uploads/2018/10/iStock-599104836-sage-50-pageWEB0af1.jpg]
[www.xperience-group.com/sage-200-extra-product-evolution/index.html]
[www.xperience-group.com/category/pegasus/index.html]
[888926.smushcdn.com/2060143/wp-content/uploads/2018/09/iStock-529418712-CRMWEB0af1.jpg]
[888926.smushcdn.com/2060143/wp-content/uploads/2020/03/Socks0af1.png]
[www.xperience-group.com/sage-200/index.html]
[www.xperience-group.com/wp-content/cache/autoptimize/autoptimize_b2e6399523a4fe37057c9054827245c5.php]
[www.xperience-group.com/category/cloud/index.html]
[www.xperience-group.com/wp-json/wp/v2/pages/25.json]
[www.xperience-group.com/case-studies/cleversocks/index.html]
[www.xperience-group.com/wp-json/oembed/1.0/embed9cfe.json]
[www.xperience-group.com/wp-json/oembed/1.0/embedadec]
[www.xperience-group.com/benefits-of-sage-50c-accounts/index.html]
[www.xperience-group.com/partner-vs-direct/index.html]
[888926.smushcdn.com/2060143/wp-content/uploads/2019/12/contracts-ledger-resized0af1.jpg]
[888926.smushcdn.com/2060143/wp-content/uploads/2019/12/grinding-machine-396x215-10af1.jpg]
[888926.smushcdn.com/2060143/wp-content/uploads/2019/12/iStock-966202812-payroll-service-card0af1.jpg]
[www.xperience-group.com/sage-50/cim50-manufacturing-software/index.html]
[888926.smushcdn.com/2060143/wp-content/uploads/2019/12/s200PAiStock-1179509096396x215px0af1.jpg]
[888926.smushcdn.com/2060143/wp-content/uploads/2020/02/Young-business-people-working-on-a-startup-office-1110x340-10af1.jpg]
[888926.smushcdn.com/2060143/wp-content/uploads/2020/02/Employees-focused-in-this-office-540x360-10af1.jpg]
[888926.smushcdn.com/2060143/wp-content/uploads/2021/08/artist-drawing-at-home-in-company-of-her-poodle-dog-picture-id1136855170-1-e16299870199140af1.jpg]
[www.xperience-group.com/sage-50/sage-50-services/index.html]
[888926.smushcdn.com/2060143/wp-content/uploads/2020/12/Office-building-in-the-cloud0af1.jpg]
[www.xperience-group.com/how-remote-working-can-put-your-business-at-greater-risk-of-cyber-attacks/index.html]
[www.xperience-group.com/category/security/index.html]
[888926.smushcdn.com/2060143/wp-content/uploads/2019/08/abstract-digitalisation-1423x500-10af1.jpg]
[www.xperience-group.com/faster-cheaper-better-the-devils-triangle-of-a-successful-digital-transformation-project/index.html]
[www.xperience-group.com/successful-project-management-how-to-lay-the-foundations-in-the-preparation-stage/index.html]
[www.xperience-group.com/category/crm/index.html]
[888926.smushcdn.com/2060143/wp-content/uploads/2019/03/bandwidth-close-up-computer-connection-1148820-1-10af1.jpg]
[www.xperience-group.com/erp-crm-digital-transformation-projects/index.html]
[www.xperience-group.com/category/tips/index.html]
[www.xperience-group.com/category/it-infrastructure/index.html]
[888926.smushcdn.com/2060143/wp-content/uploads/2021/06/abstract-white-buildings-570x370-10af1.jpg]
[www.xperience-group.com/sage-50/index.html]
[www.xperience-group.com/microsoft-dynamics-365-business-central/index.html]
[www.xperience-group.com/products/pegasus-opera/index.html]
[www.xperience-group.com/wp-content/cache/autoptimize/autoptimize_3043e1938baa6253e24693834541f798.php]
[www.xperience-group.com/case-studies/bl-group/index.html]
[www.xperience-group.com/wp-json/wp/v2/pages/9.json]
[www.xperience-group.com/wp-json/oembed/1.0/embedf56e.json]
[www.xperience-group.com/wp-json/oembed/1.0/embed3feb]
[888926.smushcdn.com/2060143/wp-content/uploads/2019/12/architecture-bridge-buildings-business-374018-buildings-crm-service-card0af1.jpg]
[888926.smushcdn.com/2060143/wp-content/uploads/2019/12/ManLaptopiStock-611904222365x215px0af1.jpg]
[888926.smushcdn.com/2060143/wp-content/uploads/2019/12/ThreePeoplLaptopiStock-863497476365x215px0af1.jpg]
[888926.smushcdn.com/2060143/wp-content/uploads/2020/12/three-persons-sitting-on-the-stairs-talking-with-each-other-1438072-10af1.jpg]
[888926.smushcdn.com/2060143/wp-content/uploads/2020/02/350x2500af1.jpg]
[888926.smushcdn.com/2060143/wp-content/uploads/2021/06/christopher-burns-Kj2SaNHG-hg-unsplash-scaled0af1.jpg]
[www.xperience-group.com/crm-software/crm-guide-lz/index.html]
[888926.smushcdn.com/2060143/wp-content/uploads/2020/05/120af1.png]
[888926.smushcdn.com/2060143/wp-content/uploads/2020/03/30af1.png]
[www.xperience-group.com/crm-software-what-does-the-future-look-like-for-crm-and-your-customers/index.html]
[www.xperience-group.com/crm-software/index.html]
[www.xperience-group.com/wp-content/cache/autoptimize/autoptimize_b70b0f9bcdb01d62acf9c0238aa48cc3.php]
[www.xperience-group.com/case-studies/bmg-labtech/index.html]
[www.xperience-group.com/case-studies/apr-telecoms/index.html]
[www.xperience-group.com/wp-json/wp/v2/pages/31.json]
[www.xperience-group.com/wp-json/oembed/1.0/embedda45.json]
[www.xperience-group.com/wp-json/oembed/1.0/embed64bd]
[www.xperience-group.com/act-crm/whats-new-in-act/index.html]
[888926.smushcdn.com/2060143/wp-content/uploads/2020/02/Businessman-working-on-his-laptop-in-the-office-396x215-10af1.jpg]
[888926.smushcdn.com/2060143/wp-content/uploads/2019/12/Businessman-talking-to-his-colleagues-on-presentation-in-the-office-iStock-11363544480af1.jpg]
[888926.smushcdn.com/2060143/wp-content/uploads/2020/02/Braden0af1.jpg]
[888926.smushcdn.com/2060143/wp-content/uploads/2019/04/Act-winner-1423-x-5000af1.jpg]
[www.xperience-group.com/act-crm/act-growth-suite/index.html]
[888926.smushcdn.com/2060143/wp-content/uploads/2018/11/Tablet-laptop-visual-dataiStock-1069541922WEB0af1.jpg]
[www.xperience-group.com/category/act/index.html]
[www.xperience-group.com/category/news/index.html]
[www.xperience-group.com/act-custom-tables/index.html]
[www.xperience-group.com/xperience-group-wins-international-act-partner-of-the-year-award-for-the-6th-time-running/index.html]
[888926.smushcdn.com/2060143/wp-content/uploads/2015/01/iStock-1090560784-1WEB0af1.jpg]
[www.xperience-group.com/swiftpage-ends-support-act-v18/index.html]
[888926.smushcdn.com/2060143/wp-content/uploads/2014/12/shutterstock_777221539WEB0af1.jpg]
[www.xperience-group.com/act-finding-specific-contacts-using-advanced-queries/index.html]
[888926.smushcdn.com/2060143/wp-content/uploads/2020/05/70af1.png]
[888926.smushcdn.com/2060143/wp-content/uploads/2020/02/160af1.png]
[www.xperience-group.com/case-studies/measurement-solutions/index.html]
[www.xperience-group.com/case-studies/rathmore-financial/index.html]
[888926.smushcdn.com/2060143/wp-content/uploads/2020/02/130af1.png]
[www.xperience-group.com/act-crm/index.html]
[www.xperience-group.com/wp-content/cache/autoptimize/autoptimize_52eb9bcc0c1fb06920425764a5ea3c5e.php]
[www.xperience-group.com/crm-software/sage-crm/index.html]
[www.xperience-group.com/crm-software/microsoft-dynamics-365-crm/index.html]
[www.xperience-group.com/crm-software/infor-cloudsuite-crm/index.html]
[www.xperience-group.com/products/cloud-computing-solutions/index.html]
[www.xperience-group.com/cloud-computing/xperience-cloud-platform/index.html]
[www.xperience-group.com/cyber-security/index.html]
[www.xperience-group.com/backups/index.html]
[www.xperience-group.com/cybersecurity/index.html]
[www.xperience-group.com/case-studies/rapid-response-reporting/index.html]
[www.xperience-group.com/microsoft-dynamics-365-crm/index.html]
[www.xperience-group.com/wp-json/wp/v2/pages/18767.json]
[www.xperience-group.com/wp-json/oembed/1.0/embeda457.json]
[www.xperience-group.com/wp-json/oembed/1.0/embed0fc4]
[888926.smushcdn.com/2060143/wp-content/uploads/2020/02/210af1.png]
[888926.smushcdn.com/2060143/wp-content/uploads/2020/02/Young-man-sitting-in-office-and-working-on-desktop-pc-396x224-10af1.jpg]
[888926.smushcdn.com/2060143/wp-content/uploads/2019/12/150af1.png]
[888926.smushcdn.com/2060143/wp-content/uploads/2020/02/23-10af1.png]
[888926.smushcdn.com/2060143/wp-content/uploads/2020/02/10-10af1.png]
[www.xperience-group.com/cloud-computing-solutions/microsoft-365/index.html]
[www.xperience-group.com/wp-content/cache/autoptimize/autoptimize_b7b3f05b71a6ecd556ee15768c7a0c96.php]
[www.xperience-group.com/wp-json/wp/v2/pages/18034.json]
[www.xperience-group.com/wp-json/oembed/1.0/embed3b92.json]
[www.xperience-group.com/wp-json/oembed/1.0/embedf7b4]
[www.xperience-group.com/xperience-data-centres/index.html]
[www.xperience-group.com/wp-content/cache/autoptimize/autoptimize_c30f9dedfe8f5d3a61dcf28a313439db.php]
[www.xperience-group.com/why-xperience-for-cloud-computing/index.html]
[www.xperience-group.com/wp-json/wp/v2/pages/38.json]
[www.xperience-group.com/wp-json/oembed/1.0/embed5277.json]
[www.xperience-group.com/wp-json/oembed/1.0/embed0f08]
[www.xperience-group.com/it-infrastructure/index.html]
[888926.smushcdn.com/2060143/wp-content/uploads/2019/12/photo-of-person-typing-on-computer-keyboard-735911-remote-assistance-web-managed-IT0af1.jpg]
[888926.smushcdn.com/2060143/wp-content/uploads/2020/02/cloud-computing-and-technology-network-connection-concept-picture-id1051496224-Data-back-up0af1.jpg]
[888926.smushcdn.com/2060143/wp-content/uploads/2021/05/iStock-1059088660-managed-IT-support-2-TILE-10af1.jpg]
[888926.smushcdn.com/2060143/wp-content/uploads/2019/12/140af1.png]
[888926.smushcdn.com/2060143/wp-content/uploads/2021/03/Antispam-396x215-10af1.jpg]
[888926.smushcdn.com/2060143/wp-content/uploads/2021/05/iStock-1148233882-BACKUP-20af1.jpg]
[www.google.com/recaptcha/api.js]
[www.xperience-group.com/it-infrastructure/managed-it/index.html]
[www.xperience-group.com/wp-content/cache/autoptimize/autoptimize_280ab46fe83bb7ff118c4b3c58c304f7.php]
[www.xperience-group.com/wp-json/wp/v2/pages/25859.json]
[www.xperience-group.com/wp-json/oembed/1.0/embed4c0c.json]
[www.xperience-group.com/wp-json/oembed/1.0/embed0d81]
[888926.smushcdn.com/2060143/wp-content/uploads/2020/08/Managed-IT-Support-infographic-e15967290989330af1.jpg]
[888926.smushcdn.com/2060143/wp-content/uploads/2020/08/Managed-IT-Onboarding-Final-PNG0af1.png]
[www.xperience-group.com/wp-content/cache/asset-cleanup/css/item/tablepress-default-v595189d331fa2b8a831c5c5ff660600429748eea.css]
[www.xperience-group.com/managed-it-support/index.html]
[www.xperience-group.com/wp-content/cache/autoptimize/autoptimize_11e5281bdfb0f424428e62970e435fe4.php]
[www.xperience-group.com/wp-json/wp/v2/pages/25970.json]
[www.xperience-group.com/wp-json/oembed/1.0/embedb552.json]
[www.xperience-group.com/wp-json/oembed/1.0/embed0368]
[www.xperience-group.com/managed-it-support/managed-it-complementary-it-support/index.html]
[www.xperience-group.com/collaboration-and-communication/index.html]
[www.xperience-group.com/wp-content/cache/autoptimize/autoptimize_de4907f333c9c0bb7a5e4d70b8856d38.php]
[www.xperience-group.com/remote-working-webinar-series/index.html]
[www.xperience-group.com/managed-it-collaboration-and-communication/index.html]
[www.xperience-group.com/wp-json/wp/v2/pages/26042.json]
[www.xperience-group.com/wp-json/oembed/1.0/embed0c46.json]
[www.xperience-group.com/wp-json/oembed/1.0/embed5ceb]
[888926.smushcdn.com/2060143/wp-content/uploads/2020/08/iStock-1177384544-IT-support-20af1.jpg]
[888926.smushcdn.com/2060143/wp-content/uploads/2020/08/GettyImages-906499360-4-pixlr0af1.jpg]
[888926.smushcdn.com/2060143/wp-content/uploads/2020/08/iStock-503620650-1-Woman-at-servers-pixlr0af1.jpg]
[888926.smushcdn.com/2060143/wp-content/uploads/2020/08/iStock-529418712-1-3-pixlr0af1.jpg]
[888926.smushcdn.com/2060143/wp-content/uploads/2020/08/iStock-1180225153-CRM-pixlr0af1.jpg]
[www.xperience-group.com/it-professional-services/index.html]
[www.xperience-group.com/wp-content/cache/autoptimize/autoptimize_135e978670fdbab6129f35201eff1326.php]
[www.xperience-group.com/wp-json/wp/v2/pages/19819.json]
[www.xperience-group.com/wp-json/oembed/1.0/embed66ff.json]
[www.xperience-group.com/wp-json/oembed/1.0/embed1b0e]
[www.xperience-group.com/wp-content/uploads/2021/05/Veeam_7_Critical_Reasons_Office365-Compressed.pdf]
[888926.smushcdn.com/2060143/wp-content/uploads/2021/05/businessman-working-on-the-laptop-540x690-10af1.jpg]
[888926.smushcdn.com/2060143/wp-content/uploads/2018/03/110af1.png]
[888926.smushcdn.com/2060143/wp-content/uploads/2020/05/lazy-christmas-at-home-picture-id1073717662-10af1.jpg]
[www.xperience-group.com/it-backups/index.html]
[www.xperience-group.com/wp-json/wp/v2/pages/16933.json]
[www.xperience-group.com/wp-json/oembed/1.0/embed2d54.json]
[www.xperience-group.com/wp-json/oembed/1.0/embedcc2f]
[888926.smushcdn.com/2060143/wp-content/uploads/2020/02/sectors-banner0af1.jpg]
[888926.smushcdn.com/2060143/wp-content/uploads/2019/12/dist.-540x260-10af1.jpg]
[888926.smushcdn.com/2060143/wp-content/uploads/2020/02/manufacturing-image0af1.jpg]
[888926.smushcdn.com/2060143/wp-content/uploads/2020/02/iStock-968924932-20af1.jpg]
[888926.smushcdn.com/2060143/wp-content/uploads/2020/02/lawyer0af1.jpg]
[888926.smushcdn.com/2060143/wp-content/uploads/2020/02/reporting-540x260-10af1.jpg]
[888926.smushcdn.com/2060143/wp-content/uploads/2020/02/happy-charitable-workers-packing-canned-food-in-cardboard-box-picture-id1202957644-v2-1-banner0af1.jpg]
[www.xperience-group.com/our-sectors/index.html]
[www.xperience-group.com/wp-content/cache/autoptimize/autoptimize_9a11e54d0547175208c962d81f2d3e43.php]
[www.xperience-group.com/wp-json/wp/v2/pages/56.json]
[www.xperience-group.com/wp-json/oembed/1.0/embed08c9.json]
[www.xperience-group.com/wp-json/oembed/1.0/embed503e]
[www.xperience-group.com/contracts365/index.html]
[www.xperience-group.com/industry/index.html]
[888926.smushcdn.com/2060143/wp-content/uploads/2019/12/iStock-471134551-housebuilding-for-ERP-page0af1.jpg]
[www.xperience-group.com/housebuilder365/index.html]
[888926.smushcdn.com/2060143/wp-content/uploads/2020/02/Woman-working-on-ipad-0af1.jpg]
[888926.smushcdn.com/2060143/wp-content/uploads/2020/02/Untitled-design-40af1.png]
[www.xperience-group.com/case-studies/alba-facilities-services/index.html]
[www.xperience-group.com/case-studies/emtec-group/index.html]
[888926.smushcdn.com/2060143/wp-content/uploads/2020/02/Untitled-design-30af1.jpg]
[888926.smushcdn.com/2060143/wp-content/uploads/2018/03/photo-of-people-on-building-under-construction0af1.jpg]
[www.xperience-group.com/case-studies/morris-and-spottiswood/index.html]
[www.xperience-group.com/3-must-have-construction-software-features/index.html]
[888926.smushcdn.com/2060143/wp-content/uploads/2018/03/construction-building-0af1.jpg]
[www.xperience-group.com/tips-for-selecting-construction-management-software/index.html]
[888926.smushcdn.com/2060143/wp-content/uploads/2018/03/iStock-1072111648-1WEB-10af1.jpg]
[888926.smushcdn.com/2060143/wp-content/uploads/2020/10/construction-landscape-1423x500-10af1.png]
[www.xperience-group.com/selecting-a-software-provider-is-cfmd-important/index.html]
[www.xperience-group.com/digital-transformation-construction-industry/index.html]
[888926.smushcdn.com/2060143/wp-content/uploads/2020/09/20210507_1343510af1.jpg]
[www.xperience-group.com/industry/construction/index.html]
[www.xperience-group.com/wp-content/cache/autoptimize/autoptimize_d6f628b7ec71aa62ca3cfdc6a8badc04.php]
[www.xperience-group.com/our_team/adele-ibhadon/index.html]
[www.xperience-group.com/wp-json/wp/v2/pages/62.json]
[www.xperience-group.com/wp-json/oembed/1.0/embedcc49.json]
[www.xperience-group.com/wp-json/oembed/1.0/embede0d7]
[888926.smushcdn.com/2060143/wp-content/uploads/2019/12/patrik-gothe-xiTFENI0dMY-unsplash-law-banner0af1.jpg]
[888926.smushcdn.com/2060143/wp-content/uploads/2020/02/iStock-516891176-benefite-v30af1.jpg]
[888926.smushcdn.com/2060143/wp-content/uploads/2020/03/Untitled-design-40af1.jpg]
[888926.smushcdn.com/2060143/wp-content/uploads/2020/05/xperience-image-case-studies0af1.jpg]
[www.xperience-group.com/case-studies/murphy-orawe/index.html]
[www.xperience-group.com/case-studies/the-doorstore/index.html]
[888926.smushcdn.com/2060143/wp-content/uploads/2014/12/iStock-1172943967-1WEB0af1.jpg]
[888926.smushcdn.com/2060143/wp-content/uploads/2019/12/fabio-oyXis2kALVg-unsplash-sage-finance-service-card-web0af1.jpg]
[888926.smushcdn.com/2060143/wp-content/uploads/2020/02/IMG_3642_Simon-Fovargue0af1.jpg]
[www.xperience-group.com/tips-cybercrime-prevention/index.html]
[888926.smushcdn.com/2060143/wp-content/uploads/2017/06/iStock-1132079855-1WEB0af1.jpg]
[www.xperience-group.com/tips-for-remote-working/index.html]
[www.xperience-group.com/our_team/simon-fovargue/index.html]
[888926.smushcdn.com/2060143/wp-content/uploads/2017/04/iStock-1090560784-1WEB0af1.jpg]
[www.xperience-group.com/6-steps-digital-transformation/index.html]
[www.xperience-group.com/data-quality/index.html]
[www.xperience-group.com/industry/legal/index.html]
[www.xperience-group.com/wp-content/cache/autoptimize/autoptimize_f36e623473adcc8e71286249a1fe95e6.php]
[www.xperience-group.com/wp-json/wp/v2/pages/68.json]
[www.xperience-group.com/wp-json/oembed/1.0/embed12ae.json]
[www.xperience-group.com/wp-json/oembed/1.0/embed31bd]
[888926.smushcdn.com/2060143/wp-content/uploads/2019/12/service-management-banner0af1.jpg]
[www.xperience-group.com/why-xperience-for-erp-for-service-facilities-management/index.html]
[888926.smushcdn.com/2060143/wp-content/uploads/2019/12/iStock-1057104720-erp-page0af1.jpg]
[www.xperience-group.com/microsoft-dynamics-365-crm/microsoft-dynamics-365-field-service/index.html]
[888926.smushcdn.com/2060143/wp-content/uploads/2019/12/Untitled-design-65-field-service-medium0af1.png]
[888926.smushcdn.com/2060143/wp-content/uploads/2019/12/Unite-365-service-card0af1.png]
[888926.smushcdn.com/2060143/wp-content/uploads/2019/07/abstract-building0af1.jpg]
[www.xperience-group.com/unite365/index.html]
[888926.smushcdn.com/2060143/wp-content/uploads/2019/06/building-apartment0af1.jpg]
[www.xperience-group.com/why-choose-unite-365/index.html]
[www.xperience-group.com/looking-after-every-room-in-the-house-service-management-industry-ai-amendments/index.html]
[888926.smushcdn.com/2060143/wp-content/uploads/2020/02/GettyImages-6370483740af1.jpg]
[www.xperience-group.com/industry/service-facilities-management/index.html]
[www.xperience-group.com/podcast-digital-technologies-how-can-you-cut-through-the-noise/index.html]
[www.xperience-group.com/wp-json/wp/v2/pages/60.json]
[www.xperience-group.com/wp-json/oembed/1.0/embedaf6f.json]
[www.xperience-group.com/wp-json/oembed/1.0/embed5672]
[888926.smushcdn.com/2060143/wp-content/uploads/2019/12/iStock-1169539462-Finance-web-banner0af1.jpg]
[www.xperience-group.com/wp-content/uploads/2021/01/FSQS-Guidelines-for-Registered-Suppliers.pdf]
[888926.smushcdn.com/2060143/wp-content/uploads/2019/12/iStock-1057833248-CRM-Financial-Services0af1.jpg]
[888926.smushcdn.com/2060143/wp-content/uploads/2019/12/aron-van-de-pol-hXOGHaGCtdA-unsplash-2-Cloud-465-x-5000af1.jpg]
[888926.smushcdn.com/2060143/wp-content/uploads/2019/12/iStock-1159761648-3-465-x-5000af1.jpg]
[888926.smushcdn.com/2060143/wp-content/uploads/2016/09/iStock-1149149793-1-abstract-networks-1423-x-5000af1.jpg]
[888926.smushcdn.com/2060143/wp-content/uploads/2018/12/iStock-1162194052-1-Cloud-1-our-WEB0af1.jpg]
[888926.smushcdn.com/2060143/wp-content/uploads/2015/01/shutterstock_1450517552-cloud-WEB0af1.jpg]
[www.xperience-group.com/industry/financial-services/index.html]
[www.xperience-group.com/digital-transformation-smes/index.html]
[www.xperience-group.com/wp-json/wp/v2/pages/58.json]
[www.xperience-group.com/digital-transformation-benefits/index.html]
[www.xperience-group.com/are-you-at-risk-of-data-theft/index.html]
[www.xperience-group.com/category/archive/index.html]
[www.xperience-group.com/wp-json/oembed/1.0/embed36ec.json]
[www.xperience-group.com/wp-json/oembed/1.0/embed7f19]
[888926.smushcdn.com/2060143/wp-content/uploads/2019/12/iStock-182859759-distribution-v10af1.jpg]
[888926.smushcdn.com/2060143/wp-content/uploads/2021/05/465-x-5000af1.jpg]
[888926.smushcdn.com/2060143/wp-content/uploads/2019/12/Managed-IT-10af1.jpg]
[888926.smushcdn.com/2060143/wp-content/uploads/2021/04/Woman-looking-at-her-laptop-465x500-10af1.jpg]
[www.xperience-group.com/industry/distribution-wholesale/index.html]
[www.xperience-group.com/erp-wholesale-distribution-solutions/index.html]
[www.xperience-group.com/wp-json/wp/v2/pages/64.json]
[www.xperience-group.com/wp-json/oembed/1.0/embed556b.json]
[www.xperience-group.com/wp-json/oembed/1.0/embeda4e5]
[888926.smushcdn.com/2060143/wp-content/uploads/2020/02/iStock-907490936-manufacturing-web0af1.jpg]
[888926.smushcdn.com/2060143/wp-content/uploads/2019/12/unsplash-manufacturing-and-construction0af1.jpg]
[888926.smushcdn.com/2060143/wp-content/uploads/2019/12/iStock-1129342100-CRM-0af1.jpg]
[www.xperience-group.com/crm-manufacturing-software/index.html]
[888926.smushcdn.com/2060143/wp-content/uploads/2021/06/1622042345466-10af1.jpg]
[888926.smushcdn.com/2060143/wp-content/uploads/2019/12/GettyImages-906499360-3-465-x-5000af1.jpg]
[www.xperience-group.com/industry/manufacturing/index.html]
[www.xperience-group.com/wp-json/wp/v2/pages/27283.json]
[www.xperience-group.com/wp-json/oembed/1.0/embed215a.json]
[www.xperience-group.com/wp-json/oembed/1.0/embed9f29]
[888926.smushcdn.com/2060143/wp-content/uploads/2019/12/happy-charitable-workers-packing-canned-food-in-cardboard-box-picture-id1202957644-v2-1-banner0af1.jpg]
[888926.smushcdn.com/2060143/wp-content/uploads/2020/09/iStock-529419028-1-0af1.jpg]
[www.xperience-group.com/industry/not-for-profit/index.html]
[www.xperience-group.com/wp-content/cache/autoptimize/autoptimize_697cf536cad0cac76259b6ba05cc63a7.php]
[www.xperience-group.com/wp-json/wp/v2/pages/823.json]
[www.xperience-group.com/wp-json/oembed/1.0/embedf95c.json]
[www.xperience-group.com/wp-json/oembed/1.0/embeda4db]
[www.xperience-group.com/category/accounting-and-erp/index8369.html]
[www.xperience-group.com/category/act/index8369.html]
[www.xperience-group.com/category/archive/index8369.html]
[www.xperience-group.com/category/blogs/index8369.html]
[www.xperience-group.com/category/tips/index8369.html]
[www.xperience-group.com/category/cloud/index8369.html]
[www.xperience-group.com/category/construction/index8369.html]
[www.xperience-group.com/category/crm/index8369.html]
[www.xperience-group.com/category/events/index8369.html]
[www.xperience-group.com/category/it-infrastructure/index8369.html]
[www.xperience-group.com/category/security/index8369.html]
[www.xperience-group.com/category/manufacturing/index8369.html]
[www.xperience-group.com/category/dynamics-365/index8369.html]
[www.xperience-group.com/category/news/index8369.html]
[www.xperience-group.com/category/office-365/index8369.html]
[www.xperience-group.com/category/our-people/index8369.html]
[www.xperience-group.com/category/pegasus/index8369.html]
[www.xperience-group.com/category/sage-200/index8369.html]
[www.xperience-group.com/category/sage-50/index8369.html]
[www.xperience-group.com/category/sage-crm/index8369.html]
[www.xperience-group.com/category/service-management/index8369.html]
[www.xperience-group.com/category/service-management/index.html]
[www.xperience-group.com/category/manufacturing/index.html]
[www.xperience-group.com/category/legal/index8369.html]
[888926.smushcdn.com/2060143/wp-content/uploads/2020/05/fish-on-the-baord-resized0af1.jpg]
[www.xperience-group.com/case-studies/kilhorne-bay-seafood/index.html]
[www.xperience-group.com/case-studies/rutland-lighting/index.html]
[888926.smushcdn.com/2060143/wp-content/uploads/2020/05/thomas-evans-tvnnomHvv9I-unsplash570x3700af1.jpg]
[www.xperience-group.com/wp-content/cache/autoptimize/autoptimize_1557cbe10b3ac9cf34c36f7f58c3386d.php]
[www.xperience-group.com/case-studies/index.html]
[www.xperience-group.com/wp-json/wp/v2/pages/1450.json]
[www.xperience-group.com/wp-json/oembed/1.0/embed1ff5.json]
[www.xperience-group.com/wp-json/oembed/1.0/embed24ca]
[www.xperience-group.com/category/construction/index.html]
[www.xperience-group.com/category/events/index.html]
[www.xperience-group.com/category/our-people/index.html]
[www.xperience-group.com/category/sage-crm/index.html]
[www.xperience-group.com/category/legal/index.html]
[www.xperience-group.com/lisburn-firm-xperience-it-to-invest-1-5m-and-create-16-jobs-to-increase-sales/index.html]
[www.xperience-group.com/fast-track-dynamics-365-business-central-implementation-programme/index.html]
[www.xperience-group.com/webinar-poll-results-79-of-leaders-admit-pandemic-impacted-their-digital-business-transformation/index.html]
[888926.smushcdn.com/2060143/wp-content/uploads/2020/08/GettyImages-906499360-6-1423-x-5000af1.jpg]
[www.xperience-group.com/veeam-1-backup-recovery-platform-publishes-report-on-privacy-and-data-protection-trends/index.html]
[888926.smushcdn.com/2060143/wp-content/uploads/2021/03/website_banner0af1.jpg]
[888926.smushcdn.com/2060143/wp-content/uploads/2021/03/Easter-bunny-banner0af1.jpg]
[www.xperience-group.com/easter-opening-hours-2021/index.html]
[www.xperience-group.com/microsoft-cloud-strength-drives-second-quarter-financial-results/index.html]
[888926.smushcdn.com/2060143/wp-content/uploads/2020/03/iStock-470706444-accreditations-web-banner0af1.jpg]
[888926.smushcdn.com/2060143/wp-content/uploads/2017/01/shutterstock_777221539WEB0af1.jpg]
[888926.smushcdn.com/2060143/wp-content/uploads/2021/01/12340af1.jpg]
[www.xperience-group.com/wp-content/cache/autoptimize/autoptimize_43833bde66545a705b48e13f11e25f25.php]
[www.xperience-group.com/news/index.html]
[www.xperience-group.com/microsoft-cloud-strength-fuels-first-quarter-financial-results/index.html]
[www.xperience-group.com/news/page/2/index.html]
[www.xperience-group.com/news/page/3/index.html]
[www.xperience-group.com/news/page/14/index.html]
[www.xperience-group.com/wp-json/wp/v2/posts/29816.json]
[www.xperience-group.com/wp-json/oembed/1.0/embed970d.json]
[www.xperience-group.com/wp-json/oembed/1.0/embed2598]
[www.xperience-group.com/wp-content/uploads/2021/01/1234.jpg]
[888926.smushcdn.com/2060143/wp-content/uploads/2021/01/Christmas-photo0af1.jpg]
[www.xperience-group.com/remote-working-with-xperience/index.html]
[888926.smushcdn.com/2060143/wp-content/uploads/2021/01/all-staff-v2-edit0af1.jpg]
[888926.smushcdn.com/2060143/wp-content/uploads/2021/01/santa-scavenger-hunt-v3-edit0af1.jpg]
[888926.smushcdn.com/2060143/wp-content/uploads/2021/01/GRads-3-10af1.png]
[www.xperience-group.com/2020-round-up/index.html]
[www.xperience-group.com/wp-content/cache/autoptimize/autoptimize_cbf9947e219a98eb0f1601b8c52dc857.php]
[www.xperience-group.com/wp-json/wp/v2/posts/28888.json]
[www.xperience-group.com/wp-json/oembed/1.0/embed93e9.json]
[www.xperience-group.com/wp-json/oembed/1.0/embed3485]
[www.xperience-group.com/wp-content/uploads/2020/03/iStock-470706444-accreditations-web-banner.jpg]
[www.xperience-group.com/xperience-g-cloud-government-framework/index.html]
[www.xperience-group.com/wp-content/cache/autoptimize/autoptimize_5592058805e505f06ae13abf846cb063.php]
[www.xperience-group.com/wp-json/wp/v2/posts/30278.json]
[www.xperience-group.com/wp-json/oembed/1.0/embed6084.json]
[www.xperience-group.com/wp-json/oembed/1.0/embed18da]
[www.xperience-group.com/wp-content/uploads/2017/01/shutterstock_777221539WEB.jpg]
[www.xperience-group.com/news-critical-security-update/index.html]
[www.xperience-group.com/wp-json/wp/v2/pages/1455.json]
[www.xperience-group.com/wp-json/oembed/1.0/embedd255.json]
[www.xperience-group.com/wp-json/oembed/1.0/embeddbf0]
[www.xperience-group.com/what-is-cyber-security-and-how-has-it-evolved/index.html]
[888926.smushcdn.com/2060143/wp-content/uploads/2021/08/billy-huynh-W8KTS-mhFUE-unsplash-1-scaled0af1.jpg]
[www.xperience-group.com/blogs-cyber-security-checklist-10-questions-for-the-modern-managing-director/index.html]
[www.xperience-group.com/whats-new-in-microsoft-teams/index.html]
[888926.smushcdn.com/2060143/wp-content/uploads/2020/08/iStock-1141760307-Cyber-Security-20af1.jpg]
[www.xperience-group.com/quality-of-internal-it-systems/index.html]
[888926.smushcdn.com/2060143/wp-content/uploads/2020/08/iStock-1153672948-connectivity-20af1.jpg]
[www.xperience-group.com/wp-content/cache/autoptimize/autoptimize_23a8824df59a70fa5e7b3b358b66591e.php]
[www.xperience-group.com/blogs/index.html]
[www.xperience-group.com/blogs/page/2/index.html]
[www.xperience-group.com/cloud-computing-for-business-what-you-need-to-know/index.html]
[www.xperience-group.com/blogs/page/3/index.html]
[www.xperience-group.com/wp-json/wp/v2/posts/30429.json]
[www.xperience-group.com/blogs/page/20/index.html]
[www.xperience-group.com/wp-json/oembed/1.0/embed1ab7.json]
[www.xperience-group.com/wp-json/oembed/1.0/embed41b5]
[www.xperience-group.com/wp-content/uploads/2020/03/aconstruction-banner.jpg]
[www.xperience-group.com/why-successful-digital-transformation-calls-for-more-than-just-technology/index.html]
[www.xperience-group.com/wp-json/wp/v2/posts/30313.json]
[www.xperience-group.com/wp-json/oembed/1.0/embed6432.json]
[www.xperience-group.com/wp-json/oembed/1.0/embed46de]
[www.xperience-group.com/wp-content/uploads/2021/02/wEB-BANNER-PODCAST-CLOUD-scaled-e1612435680548.jpg]
[www.xperience-group.com/is-microsoft-teams-more-than-an-online-meeting-app/index.html]
[www.xperience-group.com/wp-json/wp/v2/pages/77.json]
[www.xperience-group.com/wp-json/oembed/1.0/embeda99f.json]
[www.xperience-group.com/wp-json/oembed/1.0/embed49dc]
[888926.smushcdn.com/2060143/wp-content/uploads/2020/03/iStock-1072138534-about-us0af1.jpg]
[www.xperience-group.com/wp-content/uploads/2020/03/Xperience-8pp-Tech-Bro-Web.pdf]
[888926.smushcdn.com/2060143/wp-content/uploads/2020/02/values-quad-scaled-e16215860533750af1.jpg]
[888926.smushcdn.com/2060143/wp-content/uploads/2020/02/Powercouple_website_photo3-xcf0af1.jpg]
[www.xperience-group.com/wp-content/cache/autoptimize/autoptimize_3be1637a966d14f12a0f56e1932624d6.php]
[www.xperience-group.com/about-us/index.html]
[www.xperience-group.com/career-opportunities-at-xperience/index.html]
[www.xperience-group.com/wp-json/wp/v2/pages/23478.json]
[www.xperience-group.com/wp-json/oembed/1.0/embed14b1.json]
[www.xperience-group.com/wp-json/oembed/1.0/embedee9b]
[www.xperience-group.com/wp-content/uploads/2020/09/iStock-615741100-1-functionality-1.jpg]
[888926.smushcdn.com/2060143/wp-content/uploads/2021/08/Microsoft4eb8.png]
[888926.smushcdn.com/2060143/wp-content/uploads/2020/07/sage-banner0af1.jpg]
[888926.smushcdn.com/2060143/wp-content/uploads/2021/03/Act-Business-Partner-RGB-0020af1.png]
[888926.smushcdn.com/2060143/wp-content/uploads/2020/07/Pegasus-LOGO0af1.png]
[www.xperience-group.com/about-us/our-partners/act-partner/index.html]
[888926.smushcdn.com/2060143/wp-content/uploads/2020/07/BT_Logo0af1.png]
[www.xperience-group.com/about-us/our-partners/pegasus-partner/index.html]
[888926.smushcdn.com/2060143/wp-content/uploads/2020/07/veeam-software-logo-resized0af1.png]
[888926.smushcdn.com/2060143/wp-content/uploads/2021/02/cisco-png-logo-3765-10af1.jpg]
[www.xperience-group.com/about-us/our-partners/veeam-partner/index.html]
[888926.smushcdn.com/2060143/wp-content/uploads/2020/08/pngguru.com-lenovo-logo0af1.png]
[888926.smushcdn.com/2060143/wp-content/uploads/2020/07/logo-infor0af1.png]
[888926.smushcdn.com/2060143/wp-content/uploads/2021/03/accesspay-logo-vector-e16152972316740af1.png]
[888926.smushcdn.com/2060143/wp-content/uploads/2020/07/Dell_Logo0af1.png]
[www.xperience-group.com/about-us/our-partners/our-accesspay-partnership/index.html]
[888926.smushcdn.com/2060143/wp-content/uploads/2021/01/Sophos-S-logo-e16100352574370af1.png]
[888926.smushcdn.com/2060143/wp-content/uploads/2020/07/nominet-Logo0af1.png]
[888926.smushcdn.com/2060143/wp-content/uploads/2021/02/Untitled-design-5-e16133917031570af1.jpg]
[888926.smushcdn.com/2060143/wp-content/uploads/2020/07/Jet-Global0af1.jpg]
[888926.smushcdn.com/2060143/wp-content/uploads/2020/11/Sicon-PRODUCT-SALES-Top-10-20200af1.jpg]
[www.xperience-group.com/jet-reports/index.html]
[888926.smushcdn.com/2060143/wp-content/uploads/2020/07/Tasklet-Factory-Logo0af1.png]
[888926.smushcdn.com/2060143/wp-content/uploads/2020/07/Anveo-Logo0af1.png]
[888926.smushcdn.com/2060143/wp-content/uploads/2020/07/continia-Logo0af1.png]
[888926.smushcdn.com/2060143/wp-content/uploads/2020/07/dimenics-logo0af1.png]
[888926.smushcdn.com/2060143/wp-content/uploads/2020/07/proofpoint-logo-k-small0af1.jpg]
[888926.smushcdn.com/2060143/wp-content/uploads/2020/07/gamma-logo0af1.png]
[888926.smushcdn.com/2060143/wp-content/uploads/2020/07/codeless-platforms0af1.png]
[888926.smushcdn.com/2060143/wp-content/uploads/2020/07/Solarwinds-Logo0af1.jpg]
[888926.smushcdn.com/2060143/wp-content/uploads/2020/07/zynk-logo0af1.jpg]
[888926.smushcdn.com/2060143/wp-content/uploads/2020/07/OpenText-Logo0af1.png]
[www.xperience-group.com/about-us/our-partners/index.html]
[www.xperience-group.com/wp-json/wp/v2/pages/798.json]
[www.xperience-group.com/wp-json/oembed/1.0/embed4c4d.json]
[www.xperience-group.com/wp-json/oembed/1.0/embeddeb7]
[888926.smushcdn.com/2060143/wp-content/uploads/2020/09/microsoft-gold-partner-resized3cc2.png]
[888926.smushcdn.com/2060143/wp-content/uploads/2020/07/Sage_Group-Logo.wine_0af1.png]
[888926.smushcdn.com/2060143/wp-content/uploads/2020/03/ISO-27001-Logo-Resized0af1.jpg]
[888926.smushcdn.com/2060143/wp-content/uploads/2021/03/Act-Diamond-RGB-0020af1.png]
[888926.smushcdn.com/2060143/wp-content/uploads/2021/03/Act-Channel-Partner-RGB-0020af1.png]
[888926.smushcdn.com/2060143/wp-content/uploads/2020/03/ripe-ncc-member-resized0af1.png]
[888926.smushcdn.com/2060143/wp-content/uploads/2020/03/Nominet_OM_Port_RGB_Grey-Resized0af1.png]
[888926.smushcdn.com/2060143/wp-content/uploads/2021/01/Sophos-Gold-Partner-Badge-PNG-0020af1.png]
[888926.smushcdn.com/2060143/wp-content/uploads/2021/01/Financial-Supplier-Qualification-System0af1.png]
[www.xperience-group.com/wp-content/cache/autoptimize/autoptimize_aaeec524912c7b12eb2089304d841412.php]
[www.xperience-group.com/about-us/our-accreditations/index.html]
[www.xperience-group.com/wp-json/wp/v2/pages/85.json]
[www.xperience-group.com/wp-json/oembed/1.0/embedcdd7.json]
[www.xperience-group.com/wp-json/oembed/1.0/embed3f67]
[888926.smushcdn.com/2060143/wp-content/uploads/2020/08/Big-banner-4-BW-OUr-Team0af1.png]
[www.xperience-group.com/category-filter-result/index198d.html]
[www.xperience-group.com/category-filter-result/index9c36.html]
[www.xperience-group.com/category-filter-result/indexb3a7.html]
[www.xperience-group.com/category-filter-result/index1160.html]
[www.xperience-group.com/category-filter-result/indexda3f.html]
[www.xperience-group.com/category-filter-result/indexcb0c.html]
[www.xperience-group.com/category-filter-result/index6713.html]
[www.xperience-group.com/category-filter-result/index0d6f.html]
[www.xperience-group.com/category-filter-result/index80d0.html]
[www.xperience-group.com/category-filter-result/index4984.html]
[www.xperience-group.com/category-filter-result/index866f.html]
[www.xperience-group.com/category-filter-result/index2009.html]
[www.xperience-group.com/category-filter-result/indexfa7f.html]
[www.xperience-group.com/category-filter-result/index5e49.html]
[www.xperience-group.com/category-filter-result/index7dda.html]
[www.xperience-group.com/category-filter-result/index469b.html]
[www.xperience-group.com/category-filter-result/index9d5e.html]
[www.xperience-group.com/category-filter-result/indexb7de.html]
[www.xperience-group.com/category-filter-result/index1b22.html]
[www.xperience-group.com/category-filter-result/index9645.html]
[www.xperience-group.com/category-filter-result/indexd2fd.html]
[888926.smushcdn.com/2060143/wp-content/uploads/2020/02/iain-e16182216496630af1.jpg]
[www.xperience-group.com/category-filter-result/index3e22.html]
[www.xperience-group.com/our_team/fergus-mcilduff-duplicate-1/index.html]
[888926.smushcdn.com/2060143/wp-content/uploads/2021/05/Fergus-600x660-10af1.png]
[888926.smushcdn.com/2060143/wp-content/uploads/2020/02/IMG_1282_Andrew-Cavey-30af1.jpg]
[www.xperience-group.com/our_team/fergus-mcilduff/index.html]
[www.xperience-group.com/our_team/andrew-cavey/index.html]
[888926.smushcdn.com/2060143/wp-content/uploads/2020/02/PL10af1.jpg]
[888926.smushcdn.com/2060143/wp-content/uploads/2020/02/Pic1_Martin-McAllister0af1.jpg]
[888926.smushcdn.com/2060143/wp-content/uploads/2020/02/Richard-Kennedy-20af1.jpg]
[www.xperience-group.com/our_team/patrick-leggett/index.html]
[888926.smushcdn.com/2060143/wp-content/uploads/2020/09/IMG-20200909-WA0032-Mike-20af1.jpg]
[888926.smushcdn.com/2060143/wp-content/uploads/2020/02/IMG_20200913_161645_David-Curtis-scaled0af1.jpg]
[888926.smushcdn.com/2060143/wp-content/uploads/2020/02/A82183EF-9C26-4038-AC9D-52A87ED68A5B_Gerry-ONeill-20af1.jpg]
[888926.smushcdn.com/2060143/wp-content/uploads/2020/09/Mark-kinkead-30af1.jpg]
[888926.smushcdn.com/2060143/wp-content/uploads/2019/12/logos0af1.png]
[www.xperience-group.com/about-us/team/index.html]
[www.xperience-group.com/our_team/martin-mcalister/index.html]
[www.xperience-group.com/our_team/richard-kennedy/index.html]
[www.xperience-group.com/our_team/gerry-oneil/index.html]
[www.xperience-group.com/our_team/2245/index.html]
[www.xperience-group.com/our_team/mike-mcleish/index.html]
[www.xperience-group.com/our_team/mark-kinkead/index.html]
[www.xperience-group.com/wp-json/wp/v2/pages/30243.json]
[www.xperience-group.com/about-us/team/page/2/index.html]
[www.xperience-group.com/wp-json/oembed/1.0/embeda718.json]
[www.xperience-group.com/wp-json/oembed/1.0/embedd204]
[888926.smushcdn.com/2060143/wp-content/uploads/2021/03/iStock-867902816-10af1.jpg]
[888926.smushcdn.com/2060143/wp-content/uploads/2021/03/businessman-working-on-his-laptop-in-the-office0af1.jpg]
[888926.smushcdn.com/2060143/wp-content/uploads/2020/03/iStock-1149149793-financial-services-0af1.jpg]
[888926.smushcdn.com/2060143/wp-content/uploads/2021/03/Businessman-on-the-phone-working-on-his-laptop-412x346-10af1.jpg]
[888926.smushcdn.com/2060143/wp-content/uploads/2021/03/Guus-Resized-20af1.jpg]
[www.xperience-group.com/digital-transformation-webinar-series/index.html]
[www.xperience-group.com/wp-content/cache/autoptimize/autoptimize_be68efcfa9fbc89b7d870b3cc84c0bc3.php]
[www.xperience-group.com/wp-json/wp/v2/pages/28511.json]
[www.xperience-group.com/wp-json/oembed/1.0/embed7212.json]
[www.xperience-group.com/wp-json/oembed/1.0/embed1c8b]
[888926.smushcdn.com/2060143/wp-content/uploads/2020/11/website-banner-climber0af1.jpg]
[www.xperience-group.com/podcast-digital-transformation-journey-steps-to-success/index.html]
[888926.smushcdn.com/2060143/wp-content/uploads/2020/09/iStock-1187179171-1-ERP-banner0af1.jpg]
[888926.smushcdn.com/2060143/wp-content/uploads/2020/09/iStock-1134291628-man-and-woman-shaking-hands-CRM-v20af1.jpg]
[888926.smushcdn.com/2060143/wp-content/uploads/2020/09/christina-wocintechchat-com-HocFQHhGjDE-unsplash-sales-infor-scaled-10af1.jpg]
[888926.smushcdn.com/2060143/wp-content/uploads/2020/09/iStock-1182603584-cloud0af1.jpg]
[888926.smushcdn.com/2060143/wp-content/uploads/2020/09/Still-310af1.jpg]
[www.xperience-group.com/adapt-and-strengthen-in-extraordinary-times/index.html]
[www.xperience-group.com/wp-json/wp/v2/posts/30456.json]
[www.xperience-group.com/wp-json/oembed/1.0/embed548f.json]
[www.xperience-group.com/wp-json/oembed/1.0/embedfde1]
[www.xperience-group.com/wp-content/uploads/2021/03/website_banner.jpg]
[www.xperience-group.com/xperience-partners-with-irish-football-association/index.html]
[www.xperience-group.com/wp-json/wp/v2/pages/15.json]
[www.xperience-group.com/wp-json/oembed/1.0/embed38bf.json]
[www.xperience-group.com/wp-json/oembed/1.0/embed1b10]
[www.xperience-group.com/dynamics365/index.html]
[888926.smushcdn.com/2060143/wp-content/uploads/2019/12/iStock-1131903805-customer-service-business-central-365-web-banner0af1.jpg]
[888926.smushcdn.com/2060143/wp-content/uploads/2020/09/iStock-1180561955-1-DT-version-10af1.jpg]
[888926.smushcdn.com/2060143/wp-content/uploads/2020/08/Evolve-medium0af1.png]
[www.xperience-group.com/dynamics365/microsoft-dynamics-365-business-central/dynamics-365-business-central-evolve-project/index.html]
[888926.smushcdn.com/2060143/wp-content/uploads/2020/08/540-x-260-designs-12-transform0af1.png]
[888926.smushcdn.com/2060143/wp-content/uploads/2019/12/20af1.png]
[888926.smushcdn.com/2060143/wp-content/uploads/2019/12/30af1.png]
[888926.smushcdn.com/2060143/wp-content/uploads/2019/12/50af1.png]
[888926.smushcdn.com/2060143/wp-content/uploads/2019/12/40af1.png]
[www.xperience-group.com/dynamics-365-find-out-more/index.html]
[www.xperience-group.com/dynamics-365-business-central-a-fast-growing-microsoft-erp-for-small-business/index.html]
[888926.smushcdn.com/2060143/wp-content/uploads/2017/03/iStock-599104836-sage-50-pageWEB0af1.jpg]
[888926.smushcdn.com/2060143/wp-content/uploads/2020/02/280af1.png]
[www.xperience-group.com/wp-content/cache/autoptimize/autoptimize_db6bd3ae1193b7e60fb7b897a84b302d.php]
[www.xperience-group.com/dynamics365/microsoft-dynamics-365-business-central/index.html]
[www.xperience-group.com/how-to-increase-employee-engagement-with-dynamics-365-business-central/index.html]
[www.xperience-group.com/case-studies/dunlop-aircraft-tyres/index.html]
[www.xperience-group.com/wp-json/wp/v2/pages/27.json]
[www.xperience-group.com/wp-json/oembed/1.0/embed7300.json]
[www.xperience-group.com/wp-json/oembed/1.0/embedf6d1]
[888926.smushcdn.com/2060143/wp-content/uploads/2020/02/PegasusiStock-10695419221423x500px0af1.jpg]
[888926.smushcdn.com/2060143/wp-content/uploads/2020/03/Cloud-image-10af1.png]
[888926.smushcdn.com/2060143/wp-content/uploads/2019/12/s200CRMiStock-1139245928396x215-10af1.jpg]
[www.xperience-group.com/pegasus-opera/index.html]
[www.xperience-group.com/wp-content/cache/autoptimize/autoptimize_c4cdd103c93aba0ad45387e06021e28a.php]
[www.xperience-group.com/wp-json/wp/v2/pages/6.json]
[www.xperience-group.com/wp-json/oembed/1.0/embed9031.json]
[www.xperience-group.com/wp-json/oembed/1.0/embedb9d5]
[www.xperience-group.com/erp-guide-lz/index.html]
[888926.smushcdn.com/2060143/wp-content/uploads/2020/02/md365-banner0af1.jpg]
[888926.smushcdn.com/2060143/wp-content/uploads/2020/06/Final-comms-from-Iain-image0af1.jpg]
[888926.smushcdn.com/2060143/wp-content/uploads/2015/04/Tablet-laptop-visual-dataiStock-1069541922WEB0af1.jpg]
[888926.smushcdn.com/2060143/wp-content/uploads/2020/03/scheduler-task-view0af1.jpg]
[888926.smushcdn.com/2060143/wp-content/uploads/2019/12/iStock-1131903805-customer-service-business-central0af1.jpg]
[888926.smushcdn.com/2060143/wp-content/uploads/2019/12/iStock-1132012464-sage-200-thumbnail0af1.jpg]
[888926.smushcdn.com/2060143/wp-content/uploads/2020/02/PegasusiStock-1069541922396x215-10af1.jpg]
[www.xperience-group.com/services-and-facilities-management-solutions/index.html]
[www.xperience-group.com/accounts-erp-software/index.html]
[www.xperience-group.com/wp-content/cache/autoptimize/autoptimize_a9662f4ceb87fac3b213686f41e0b1bc.php]
[www.xperience-group.com/wp-json/wp/v2/pages/33.json]
[www.xperience-group.com/wp-json/oembed/1.0/embed198c.json]
[www.xperience-group.com/wp-json/oembed/1.0/embeda8f9]
[888926.smushcdn.com/2060143/wp-content/uploads/2019/12/abstract-art-blur-circle-96381-sales-sage-crm-service-card0af1.jpg]
[888926.smushcdn.com/2060143/wp-content/uploads/2019/12/daniel-korpai-n0mabeJj6_s-unsplash-marketing-sage-srm-service-card0af1.jpg]
[888926.smushcdn.com/2060143/wp-content/uploads/2019/12/two-women-behind-table-1181634-1-sage-crm-service-card0af1.png]
[888926.smushcdn.com/2060143/wp-content/uploads/2020/02/alex-hu-l0JdQAjmRiA-unsplash-1-sage-find-out-more0af1.png]
[www.xperience-group.com/sage-crm/index.html]
[www.xperience-group.com/wp-content/cache/autoptimize/autoptimize_cafbdff60775603765396aad5c00ba6a.php]
[www.xperience-group.com/wp-json/wp/v2/pages/35.json]
[www.xperience-group.com/wp-json/oembed/1.0/embed7b9a.json]
[www.xperience-group.com/wp-json/oembed/1.0/embed1040]
[888926.smushcdn.com/2060143/wp-content/uploads/2019/12/christina-wocintechchat-com-HocFQHhGjDE-unsplash-sales-infor-web0af1.jpg]
[888926.smushcdn.com/2060143/wp-content/uploads/2019/12/s200iStock-478065661396x215px0af1.jpg]
[888926.smushcdn.com/2060143/wp-content/uploads/2019/12/iStock-1131903805-customer-service-infor-service-card0af1.png]
[888926.smushcdn.com/2060143/wp-content/uploads/2019/12/iStock-1160408912-woman-in-airport-infor-service-card0af1.png]
[888926.smushcdn.com/2060143/wp-content/uploads/2020/02/s200crmblockshutterstock_697695826350x250px0af1.jpg]
[www.xperience-group.com/infor-cloudsuite-crm/index.html]
[www.xperience-group.com/managed-it-support/complementary-it-support/index.html]
[www.xperience-group.com/our-professional-services/index.html]
[www.xperience-group.com/cloud-computing/cloud-platform/index.html]
[www.xperience-group.com/wp-content/cache/autoptimize/autoptimize_66615d809c03e7fa19cce5cea28cd871.php]
[www.xperience-group.com/cloud-platform/index.html]
[www.xperience-group.com/wp-json/wp/v2/pages/54.json]
[www.xperience-group.com/cloud-computing-solutions/index.html]
[www.xperience-group.com/industry/legal-sector-it/index.html]
[www.xperience-group.com/wp-content/uploads/2019/12/x-logo-xperience.svg]
[www.xperience-group.com/category/accounting-and-erp/index.html]
[www.xperience-group.com/indexc14b.html]
