[backblue.gif]
[fade.gif]
[index.html]
[www.tryinteract.com/favicon.ico]
[tryinteract-misc.s3-us-west-1.amazonaws.com/open_graph_1024x538.jpg]
[tryinteract-misc.s3-us-west-1.amazonaws.com/open_graph.jpg]
[kit.fontawesome.com/b0c5202116.js]
[use.typekit.net/chq2kfj.js]
[www.tryinteract.com/js/vendor.js]
[fast.wistia.com/assets/external/E-v1.js]
[www.tryinteract.com/images/home_v3/mockup.jpg]
[www.tryinteract.com/images/home_v4/feature-templates-placeholder.jpg]
[www.tryinteract.com/images/home_v4/feature-templates.jpg]
[www.tryinteract.com/images/home_v4/feature-design-placeholder.jpg]
[www.tryinteract.com/images/home_v4/feature-design.jpg]
[www.tryinteract.com/images/home_v4/feature-integrations-placeholder.jpg]
[www.tryinteract.com/images/home_v4/feature-integrations.jpg]
[www.tryinteract.com/images/home_v4/feature-websites-placeholder.jpg]
[www.tryinteract.com/images/home_v4/feature-websites.jpg]
[www.tryinteract.com/images/home_v4/feature-funnel-placeholder.jpg]
[www.tryinteract.com/images/home_v4/feature-funnel.jpg]
[www.tryinteract.com/images/home_v4/corey-williams.jpg]
[www.tryinteract.com/images/home_v4/amy-wine.jpg]
[www.tryinteract.com/images/home_v4/erika-talia.jpg]
[www.tryinteract.com/images/home_v4/jenna-kutcher.jpg]
[www.tryinteract.com/images/home_v4/kaye-putnam.jpg]
[www.tryinteract.com/images/home_v4/primally-pure.jpg]
[www.tryinteract.com/images/home_v3/landing.jpg]
[www.tryinteract.com/images/home_v4/laptop.jpg]
[www.tryinteract.com/images/home/reviews-4.jpg]
[www.tryinteract.com/images/home/reviews-6.jpg]
[www.tryinteract.com/images/home/reviews-8.jpg]
[www.tryinteract.com/images/home/reviews-7.jpg]
[www.tryinteract.com/images/home/reviews-1.jpg]
[www.tryinteract.com/images/home/reviews-5.jpg]
[www.tryinteract.com/js/home_v4.js]
[www.tryinteract.com/index.html]
[www.tryinteract.com/images/examples/logos.png]
[www.tryinteract.com/blog/index.html]
[www.tryinteract.com/images/home/integrations-icons.png]
[www.tryinteract.com/css/main-home-v4.css]
[www.googletagmanager.com/gtm5445.html]
[www.tryinteract.com/podcast/index.html]
[www.tryinteract.com/blog/category/creators-stories/index.html]
[www.tryinteract.com/images/home/reviews-10.jpg]
[www.tryinteract.com/images/home/reviews-11.jpg]
[www.tryinteract.com/images/home/reviews-12.jpg]
[www.tryinteract.com/images/home_v4/stock-3.jpg]
[www.tryinteract.com/js/planse209.js]
[www.tryinteract.com/plans/index.html]
[www.tryinteract.com/blog/how-to-make-a-buzzfeed-style-quiz/index.html]
[www.tryinteract.com/blog/how-to-make-a-multiple-choice-quiz/index.html]
[s3-us-west-1.amazonaws.com/tryinteract-misc/template_categories/animals.jpg]
[s3-us-west-1.amazonaws.com/tryinteract-misc/template_categories/automotive.jpg]
[s3-us-west-1.amazonaws.com/tryinteract-misc/template_categories/beauty.jpg]
[s3-us-west-1.amazonaws.com/tryinteract-misc/template_categories/blogging.jpg]
[s3-us-west-1.amazonaws.com/tryinteract-misc/template_categories/books.jpg]
[s3-us-west-1.amazonaws.com/tryinteract-misc/template_categories/branding.jpg]
[s3-us-west-1.amazonaws.com/tryinteract-misc/template_categories/bridal.jpg]
[s3-us-west-1.amazonaws.com/tryinteract-misc/template_categories/business.jpg]
[s3-us-west-1.amazonaws.com/tryinteract-misc/template_categories/career.jpg]
[s3-us-west-1.amazonaws.com/tryinteract-misc/template_categories/coaching.jpg]
[s3-us-west-1.amazonaws.com/tryinteract-misc/template_categories/education.jpg]
[s3-us-west-1.amazonaws.com/tryinteract-misc/template_categories/entertainment.jpg]
[s3-us-west-1.amazonaws.com/tryinteract-misc/template_categories/entrepreneur.jpg]
[s3-us-west-1.amazonaws.com/tryinteract-misc/template_categories/family-parenting.jpg]
[s3-us-west-1.amazonaws.com/tryinteract-misc/template_categories/fantasy.jpg]
[s3-us-west-1.amazonaws.com/tryinteract-misc/template_categories/fashion.jpg]
[s3-us-west-1.amazonaws.com/tryinteract-misc/template_categories/finance.jpg]
[s3-us-west-1.amazonaws.com/tryinteract-misc/template_categories/food-drink.jpg]
[s3-us-west-1.amazonaws.com/tryinteract-misc/template_categories/health-fitness.jpg]
[s3-us-west-1.amazonaws.com/tryinteract-misc/template_categories/history.jpg]
[s3-us-west-1.amazonaws.com/tryinteract-misc/template_categories/holiday.jpg]
[s3-us-west-1.amazonaws.com/tryinteract-misc/template_categories/home-garden.jpg]
[s3-us-west-1.amazonaws.com/tryinteract-misc/template_categories/interior-design.jpg]
[s3-us-west-1.amazonaws.com/tryinteract-misc/template_categories/leadership.jpg]
[s3-us-west-1.amazonaws.com/tryinteract-misc/template_categories/lifestyle.jpg]
[s3-us-west-1.amazonaws.com/tryinteract-misc/template_categories/marketing.jpg]
[s3-us-west-1.amazonaws.com/tryinteract-misc/template_categories/music.jpg]
[s3-us-west-1.amazonaws.com/tryinteract-misc/template_categories/nature.jpg]
[s3-us-west-1.amazonaws.com/tryinteract-misc/template_categories/photography.jpg]
[s3-us-west-1.amazonaws.com/tryinteract-misc/template_categories/productivity.jpg]
[s3-us-west-1.amazonaws.com/tryinteract-misc/template_categories/psychology.jpg]
[s3-us-west-1.amazonaws.com/tryinteract-misc/template_categories/relationships.jpg]
[s3-us-west-1.amazonaws.com/tryinteract-misc/template_categories/religion.jpg]
[s3-us-west-1.amazonaws.com/tryinteract-misc/template_categories/science.jpg]
[s3-us-west-1.amazonaws.com/tryinteract-misc/template_categories/self-improvement.jpg]
[s3-us-west-1.amazonaws.com/tryinteract-misc/template_categories/skin-care.jpg]
[s3-us-west-1.amazonaws.com/tryinteract-misc/template_categories/social-media.jpg]
[s3-us-west-1.amazonaws.com/tryinteract-misc/template_categories/spirituality.jpg]
[s3-us-west-1.amazonaws.com/tryinteract-misc/template_categories/style.jpg]
[s3-us-west-1.amazonaws.com/tryinteract-misc/template_categories/sustainability.jpg]
[s3-us-west-1.amazonaws.com/tryinteract-misc/template_categories/technology.jpg]
[s3-us-west-1.amazonaws.com/tryinteract-misc/template_categories/travel.jpg]
[s3-us-west-1.amazonaws.com/tryinteract-misc/template_categories/wedding.jpg]
[s3-us-west-1.amazonaws.com/tryinteract-misc/template_categories/wellness.jpg]
[s3-us-west-1.amazonaws.com/tryinteract-misc/template_categories/writing.jpg]
[s3-us-west-1.amazonaws.com/tryinteract-misc/template_categories/zodiac.jpg]
[www.tryinteract.com/js/templatese209.js]
[www.tryinteract.com/quizzes/index.html]
[cdnjs.cloudflare.com/ajax/libs/jquery/3.6.0/jquery.min.js]
[www.tryinteract.com/js/integrationse209.js]
[www.tryinteract.com/integrations/index.html]
[www.tryinteract.com/images/logo.svg]
[www.tryinteract.com/images/home_v4/features-1.jpg]
[www.tryinteract.com/images/home_v4/features-2.jpg]
[www.tryinteract.com/images/home_v4/features-3.jpg]
[www.tryinteract.com/images/home_v4/features-4.jpg]
[www.tryinteract.com/images/home_v4/features-5.jpg]
[www.tryinteract.com/images/home_v4/features-6.jpg]
[www.tryinteract.com/images/home_v4/features-7.png]
[www.tryinteract.com/images/home_v4/features-8.jpg]
[www.tryinteract.com/images/home_v4/features-9.jpg]
[www.tryinteract.com/images/home/graph-questions.jpg]
[www.tryinteract.com/images/home/graph-leads.jpg]
[www.tryinteract.com/images/home_v4/features-10.png]
[www.tryinteract.com/features/index.html]
[s3-us-west-1.amazonaws.com/tryinteract-misc/examples/jennakutcher.jpg]
[s3-us-west-1.amazonaws.com/tryinteract-misc/examples/amberlilyestrom.jpg]
[s3-us-west-1.amazonaws.com/tryinteract-misc/examples/erikaholmes.jpg]
[s3-us-west-1.amazonaws.com/tryinteract-misc/examples/inessence.jpg]
[s3-us-west-1.amazonaws.com/tryinteract-misc/examples/femmessence.jpg]
[s3-us-west-1.amazonaws.com/tryinteract-misc/examples/lewishowes.jpg]
[s3-us-west-1.amazonaws.com/tryinteract-misc/examples/screwthecubicle.jpg]
[s3-us-west-1.amazonaws.com/tryinteract-misc/examples/cassandrashepard.jpg]
[s3-us-west-1.amazonaws.com/tryinteract-misc/examples/leisapeterson.jpg]
[s3-us-west-1.amazonaws.com/tryinteract-misc/examples/kimberlysnyder.jpg]
[s3-us-west-1.amazonaws.com/tryinteract-misc/examples/cultivatebalance.jpg]
[s3-us-west-1.amazonaws.com/tryinteract-misc/examples/habithouse.jpg]
[s3-us-west-1.amazonaws.com/tryinteract-misc/examples/ellanylea.jpg]
[s3-us-west-1.amazonaws.com/tryinteract-misc/examples/chantizak.jpg]
[s3-us-west-1.amazonaws.com/tryinteract-misc/examples/tarzankay.jpg]
[s3-us-west-1.amazonaws.com/tryinteract-misc/examples/thecopywriterclub.jpg]
[s3-us-west-1.amazonaws.com/tryinteract-misc/examples/copyhackers.jpg]
[s3-us-west-1.amazonaws.com/tryinteract-misc/examples/thelaunchcopywriter.jpg]
[s3-us-west-1.amazonaws.com/tryinteract-misc/examples/redcross.jpg]
[s3-us-west-1.amazonaws.com/tryinteract-misc/examples/aspca.jpg]
[s3-us-west-1.amazonaws.com/tryinteract-misc/examples/oxfam.jpg]
[s3-us-west-1.amazonaws.com/tryinteract-misc/examples/chla.jpg]
[s3-us-west-1.amazonaws.com/tryinteract-misc/examples/bethkirby.jpg]
[s3-us-west-1.amazonaws.com/tryinteract-misc/examples/jeffbullas.jpg]
[s3-us-west-1.amazonaws.com/tryinteract-misc/examples/tonicsiteshop.jpg]
[s3-us-west-1.amazonaws.com/tryinteract-misc/examples/monicalouie.jpg]
[s3-us-west-1.amazonaws.com/tryinteract-misc/examples/rickmulready.jpg]
[s3-us-west-1.amazonaws.com/tryinteract-misc/examples/dananicoledesigns.jpg]
[s3-us-west-1.amazonaws.com/tryinteract-misc/examples/kaylahollatz.jpg]
[s3-us-west-1.amazonaws.com/tryinteract-misc/examples/primallypure.jpg]
[s3-us-west-1.amazonaws.com/tryinteract-misc/examples/beanbox.jpg]
[s3-us-west-1.amazonaws.com/tryinteract-misc/examples/claires.jpg]
[s3-us-west-1.amazonaws.com/tryinteract-misc/examples/ilovejeans.jpg]
[s3-us-west-1.amazonaws.com/tryinteract-misc/examples/peggyhouchinjewelry.jpg]
[i.tryinteract.com/embed/app.js]
[www.tryinteract.com/js/examplese209.js]
[www.tryinteract.com/examples/index.html]
[use.typekit.net/jvi8xzm.js]
[www.tryinteract.com/blog/wp-includes/css/dist/block-library/style.min9f31.css]
[www.tryinteract.com/blog/wp-content/themes/interact-blog/style9f31.css]
[www.tryinteract.com/blog/wp-content/themes/interact-blog/css/bootstrap-grid.min9f31.css]
[www.tryinteract.com/blog/feed/index.html]
[www.tryinteract.com/blog/page/2/index.html]
[www.tryinteract.com/blog/comments/feed/index.html]
[www.tryinteract.com/blog/wp-content/plugins/easy-social-share-buttons3/assets/css/essb-subscribe.min96c0.css]
[www.tryinteract.com/blog/wp-content/plugins/easy-social-share-buttons3/assets/css/essb-display-methods.min96c0.css]
[www.tryinteract.com/blog/wp-content/plugins/easy-social-share-buttons3/assets/css/easy-social-share-buttons.min96c0.css]
[www.tryinteract.com/blog/wp-includes/js/jquery/jquery.min9d52.js]
[www.tryinteract.com/blog/wp-includes/js/jquery/jquery-migrate.mind617.js]
[www.tryinteract.com/blog/wp-json/index.html]
[www.tryinteract.com/blog/wp-includes/wlwmanifest.xml]
[tryinteract-blog.s3-us-west-1.amazonaws.com/blog/wp-content/uploads/2019/09/cropped-blogfavicon-32x32.png]
[tryinteract-blog.s3-us-west-1.amazonaws.com/blog/wp-content/uploads/2019/09/cropped-blogfavicon-192x192.png]
[tryinteract-blog.s3-us-west-1.amazonaws.com/blog/wp-content/uploads/2019/09/cropped-blogfavicon-180x180.png]
[tryinteract-blog.s3-us-west-1.amazonaws.com/blog/wp-content/uploads/2019/07/blog-logo.png]
[www.tryinteract.com/blog/category/tutorials/index.html]
[www.tryinteract.com/blog/category/list-building/index.html]
[www.tryinteract.com/blog/category/case-studies/index.html]
[tryinteract-blog.s3-us-west-1.amazonaws.com/blog/wp-content/uploads/2019/07/austin-distel-Imc-IoZDMXc-unsplash-e1566841720813.jpg]
[www.tryinteract.com/blog/wp-content/uploads/2019/09/kayla-96x96.jpg]
[www.tryinteract.com/blog/sell-online-courses-how-kaye-putnam-generated-100k-revenue-from-her-quiz/index.html]
[www.tryinteract.com/blog/author/kayla-hollatz/index.html]
[www.tryinteract.com/blog/how-to-add-a-quiz-to-instapage/index.html]
[tryinteract-blog.s3-us-west-1.amazonaws.com/blog/wp-content/uploads/2021/08/DTS_Remote_Studio_Tino_Renato_3732-e1630428749745.jpg]
[www.tryinteract.com/blog/taking-leave/index.html]
[tryinteract-blog.s3-us-west-1.amazonaws.com/blog/wp-content/uploads/2021/08/DTS_Home_Office_Maresa_Smith_908-e1630425601179.jpg]
[www.tryinteract.com/blog/how-to-become-a-successful-edupreneur/index.html]
[tryinteract-blog.s3-us-west-1.amazonaws.com/blog/wp-content/uploads/2021/08/kimberly-farmer-lUaaKCUANVI-unsplash-scaled-e1629909452160.jpg]
[www.tryinteract.com/blog/how-allison-burns-generated-1k-leads-for-her-course-with-a-design-quiz/index.html]
[tryinteract-blog.s3-us-west-1.amazonaws.com/blog/wp-content/uploads/2021/08/woman-working.jpg]
[www.tryinteract.com/blog/how-tina-dubois-uses-two-quiz-versions-to-promote-her-course/index.html]
[tryinteract-blog.s3-us-west-1.amazonaws.com/blog/wp-content/uploads/2021/08/soulful-stock-CX_6MUotQd4-unsplash-scaled-e1628019387738.jpg]
[www.tryinteract.com/blog/how-i-finally-got-past-my-blocks-and-made-my-online-course/index.html]
[tryinteract-blog.s3-us-west-1.amazonaws.com/blog/wp-content/uploads/2021/08/michael-fousert-l1Kku7W1EdY-unsplash-scaled-e1627935991714.jpg]
[www.tryinteract.com/blog/how-to-add-a-quiz-to-your-unbounce-landing-page/index.html]
[tryinteract-blog.s3-us-west-1.amazonaws.com/blog/wp-content/uploads/2015/02/rei-kim-YJ9wcT3pfrU-unsplash-e1577716576737.jpg]
[www.tryinteract.com/blog/the-not-so-secret-to-successful-affiliate-partnerships/index.html]
[tryinteract-blog.s3-us-west-1.amazonaws.com/blog/wp-content/uploads/2021/07/xps-pduutGbL2-M-unsplash-scaled-e1627482862791.jpg]
[www.tryinteract.com/blog/how-zafira-rajan-doubled-her-email-list-in-1-month/index.html]
[tryinteract-blog.s3-us-west-1.amazonaws.com/blog/wp-content/uploads/2021/07/mediamodifier-W7AyAs7azHc-unsplash-scaled-e1626881303590.jpg]
[www.tryinteract.com/blog/wp-content/themes/interact-blog/js/navigation4a7d.js]
[www.tryinteract.com/blog/page/3/index.html]
[www.tryinteract.com/blog/wp-content/themes/interact-blog/js/skip-link-focus-fix4a7d.js]
[www.tryinteract.com/blog/wp-content/plugins/easy-social-share-buttons3/assets/js/essb-core.min96c0.js]
[www.tryinteract.com/blog/page/28/index.html]
[www.tryinteract.com/blog/index.html]
[www.tryinteract.com/blog/wp-includes/js/wp-embed.min9f31.js]
[www.tryinteract.com/podcast/wp-includes/css/dist/block-library/style.min03e2.css]
[www.tryinteract.com/podcast/page/2/index.html]
[www.tryinteract.com/podcast/feed/index.html]
[www.tryinteract.com/podcast/comments/feed/index.html]
[www.tryinteract.com/podcast/wp-content/themes/interact-podcast-v2/style03e2.css]
[www.tryinteract.com/podcast/wp-content/themes/interact-podcast-v2/css/bootstrap-grid.min03e2.css]
[www.tryinteract.com/podcast/wp-json/index.html]
[www.tryinteract.com/podcast/wp-includes/wlwmanifest.xml]
[www.tryinteract.com/podcast/wp-content/uploads/2021/02/logo-green.png]
[www.tryinteract.com/podcast/wp-content/uploads/2021/02/creator-stories-logo.png]
[www.tryinteract.com/podcast/wp-content/themes/interact-podcast-v2/images/apple-podcasts.svg]
[www.tryinteract.com/podcast/wp-content/themes/interact-podcast-v2/images/spotify-podcasts.svg]
[www.tryinteract.com/podcast/wp-content/uploads/2021/04/jessmyn-solana-1.jpg]
[www.tryinteract.com/podcast/wp-content/uploads/2021/07/Emily-Kund.png]
[www.tryinteract.com/podcast/wp-content/uploads/2021/07/Jessie-Golden-3-scaled-e1629820480632.jpg]
[www.tryinteract.com/podcast/what-growth-means-as-an-entrepreneur-with-emily-kund/index.html]
[www.tryinteract.com/podcast/scaling-a-business-in-a-rapidly-growing-industry-with-jessie-golden/index.html]
[www.tryinteract.com/podcast/wp-content/uploads/2021/07/Melissa-Litchfield.png]
[www.tryinteract.com/podcast/learning-how-to-delegate-in-order-to-grow-with-melissa-litchfield/index.html]
[www.tryinteract.com/podcast/wp-content/uploads/2021/07/Kabrina-Budwell-scaled.jpg]
[www.tryinteract.com/podcast/achieving-work-life-balance-as-a-mompreneur-with-kabrina-budwell/index.html]
[www.tryinteract.com/podcast/wp-content/uploads/2021/07/Angelique-and-Jeanne-Louise.png]
[www.tryinteract.com/podcast/wp-content/uploads/2021/07/Kat-Elizabeth.jpg]
[www.tryinteract.com/podcast/wp-content/themes/interact-podcast-v2/js/navigation4a7d.js]
[www.tryinteract.com/podcast/cousins-co-founders-the-dynamic-duo-in-business-with-angelique-and-jeanne-louise/index.html]
[www.tryinteract.com/podcast/wp-content/themes/interact-podcast-v2/js/skip-link-focus-fix4a7d.js]
[www.tryinteract.com/podcast/index.html]
[www.tryinteract.com/podcast/wp-includes/js/wp-embed.min03e2.js]
[www.tryinteract.com/podcast/actor-turned-entrepreneur-with-kat-elizabeth/index.html]
[www.tryinteract.com/podcast/page/3/index.html]
[www.tryinteract.com/blog/wp-json/wp/v2/categories/38.json]
[www.tryinteract.com/podcast/page/8/index.html]
[www.tryinteract.com/podcast/how-to-build-resilience-with-jessmyn-solana/index.html]
[www.tryinteract.com/blog/category/creators-stories/page/2/index.html]
[www.tryinteract.com/blog/category/creators-stories/feed/index.html]
[www.tryinteract.com/blog/cold-pitching-for-creative-entrepreneurs/index.html]
[tryinteract-blog.s3-us-west-1.amazonaws.com/blog/wp-content/uploads/2021/07/linkedin-sales-solutions-u2dJKv2Z7Ro-unsplash-e1626879929421.jpg]
[www.tryinteract.com/blog/method-for-unlimited-content-ideas/index.html]
[tryinteract-blog.s3-us-west-1.amazonaws.com/blog/wp-content/uploads/2021/07/diana-dima-Ic7SSSdK-io-unsplash-scaled-e1626287118312.jpg]
[www.tryinteract.com/blog/how-mindfulness-can-positively-contribute-to-your-online-business/index.html]
[tryinteract-blog.s3-us-west-1.amazonaws.com/blog/wp-content/uploads/2021/07/zoltan-tasi-vHnVtLK8rCc-unsplash-scaled-e1625595718715.jpg]
[www.tryinteract.com/blog/how-to-self-care-after-self-sabotage/index.html]
[tryinteract-blog.s3-us-west-1.amazonaws.com/blog/wp-content/uploads/2021/05/alisa-anton-UqDhpC_rc_I-unsplash-e1621444652538.jpg]
[www.tryinteract.com/blog/turn-your-passion-into-money/index.html]
[tryinteract-blog.s3-us-west-1.amazonaws.com/blog/wp-content/uploads/2021/04/avel-chuklanov-DUmFLtMeAbQ-unsplash-e1619461298279.jpg]
[www.tryinteract.com/blog/how-to-disconnect-from-work/index.html]
[tryinteract-blog.s3-us-west-1.amazonaws.com/blog/wp-content/uploads/2021/04/kinga-cichewicz-5e0Lly0lDNw-unsplash-e1618940508221.jpg]
[www.tryinteract.com/blog/category/creators-stories/index.html]
[www.tryinteract.com/images/home_v4/about-1.jpg]
[www.tryinteract.com/images/home_v4/about-annie.jpg]
[www.tryinteract.com/images/home_v4/about-jesy.jpg]
[www.tryinteract.com/images/home_v4/about-matt.jpg]
[www.tryinteract.com/images/home_v4/about-josh.jpg]
[www.tryinteract.com/images/home_v4/about-mark.jpg]
[www.tryinteract.com/images/home_v4/about-melanie.jpg]
[www.tryinteract.com/images/home_v4/about-jackie.jpg]
[www.tryinteract.com/images/home_v4/about-jess.jpg]
[www.tryinteract.com/images/home_v4/about-jared.jpg]
[www.tryinteract.com/images/home_v4/about-alyson.jpg]
[www.tryinteract.com/images/home_v4/about-founders.jpg]
[www.tryinteract.com/js/aboute209.js]
[www.tryinteract.com/about/index.html]
[www.tryinteract.com/images/home_v4/affiliates-1.jpg]
[www.tryinteract.com/images/home_v4/affiliates-2-placeholder.jpg]
[www.tryinteract.com/images/home_v4/affiliates-2.jpg]
[www.tryinteract.com/affiliates/index.html]
[s3-us-west-1.amazonaws.com/tryinteract-misc/examples/nadaliebardo.jpg]
[s3-us-west-1.amazonaws.com/tryinteract-misc/examples/kellytrach.jpg]
[s3-us-west-1.amazonaws.com/tryinteract-misc/examples/kristenpoborsky.jpg]
[s3-us-west-1.amazonaws.com/tryinteract-misc/examples/lindsayscholz.jpg]
[s3-us-west-1.amazonaws.com/tryinteract-misc/examples/drewduboff.jpg]
[s3-us-west-1.amazonaws.com/tryinteract-misc/examples/amiwilliamson.jpg]
[www.tryinteract.com/js/customerse209.js]
[www.tryinteract.com/customers/index.html]
[www.tryinteract.com/images/consultants/chanti.jpg]
[www.tryinteract.com/images/consultants/kayla.jpg]
[www.tryinteract.com/images/consultants/caroline.jpg]
[www.tryinteract.com/images/consultants/katie.jpg]
[www.tryinteract.com/images/consultants/andrea.jpg]
[www.tryinteract.com/images/consultants/zafira.jpg]
[www.tryinteract.com/images/consultants/melissa.jpg]
[www.tryinteract.com/images/consultants/bree.jpg]
[www.tryinteract.com/images/consultants/emily.jpg]
[www.tryinteract.com/images/consultants/jerried.jpg]
[www.tryinteract.com/blog/case-study-1480-leads-at-a-55-8-conversion-rate-with-kayla-hollatz/index.html]
[www.tryinteract.com/images/consultants/rose.jpg]
[www.tryinteract.com/images/consultants/tai.jpg]
[www.tryinteract.com/images/consultants/heather.jpg]
[www.tryinteract.com/images/consultants/kabrina.jpg]
[www.tryinteract.com/images/consultants/linda.jpg]
[www.tryinteract.com/images/consultants/liezl.jpg]
[www.tryinteract.com/images/consultants/persuasionmaven.jpg]
[www.tryinteract.com/images/consultants/helen.jpg]
[www.tryinteract.com/js/consultantse209.js]
[www.tryinteract.com/consultants/index.html]
[www.tryinteract.com/blog/wp-json/wp/v2/posts/10913.json]
[www.tryinteract.com/blog/wp-json/oembed/1.0/embed7447.json]
[www.tryinteract.com/blog/wp-json/oembed/1.0/embedf4b9]
[tryinteract-blog.s3-us-west-1.amazonaws.com/blog/wp-content/uploads/2020/04/damian-zaleski-RYyr-k3Ysqg-unsplash-e1588183257440.jpg]
[www.tryinteract.com/blog/author/joanna/index.html]
[www.tryinteract.com/blog/quiz-funnel-interview-with-chanti-zak/index.html]
[www.tryinteract.com/blog/elizabeth-mccravy-personality-quiz/index.html]
[tryinteract-blog.s3-us-west-1.amazonaws.com/blog/wp-content/uploads/2021/06/Make-Your-own-Quiz-17.png]
[www.tryinteract.com/blog/how-to-write-a-personality-quiz-for-business-results/index.html]
[www.tryinteract.com/blog/10-things-you-can-learn-from-buzzfeed-quizzes/index.html]
[www.tryinteract.com/blog/lead-generating-quiz-advice-from-experts/index.html]
[www.tryinteract.com/blog/quiz-result-landing-pages/index.html]
[tryinteract-blog.s3-us-west-1.amazonaws.com/blog/wp-content/uploads/2021/06/Start-Collecting-Leads-8.png]
[www.tryinteract.com/blog/launch-your-first-quiz/index.html]
[www.tryinteract.com/blog/how-to-add-or-edit-images-in-your-quiz/index.html]
[tryinteract-blog.s3-us-west-1.amazonaws.com/blog/wp-content/uploads/2021/06/make-Your-own-quiz-25.png]
[www.tryinteract.com/blog/using-gifs-in-quizzes/index.html]
[www.tryinteract.com/blog/write-the-perfect-followup-email-sequence-for-your-quiz/index.html]
[tryinteract-blog.s3-us-west-1.amazonaws.com/blog/wp-content/uploads/2021/06/Grow-Your-list-5.png]
[www.tryinteract.com/blog/how-to-make-a-buzzfeed-style-quiz/index.html]
[www.tryinteract.com/blog/how-to-make-a-personality-quiz/index.html]
[maxcdn.bootstrapcdn.com/font-awesome/4.6.3/css/font-awesome.min.css]
[js.center.io/center.js]
[www.tryinteract.com/blog/how-to-promote-your-quiz-on-facebook-twitter-instagram-and-pinterest/index.html]
[www.tryinteract.com/blog/how-to-make-a-multiple-choice-quiz/index.html]
[www.tryinteract.com/images/logo-white.svg]
[www.tryinteract.com/terms/index.html]
[www.tryinteract.com/privacy/index.html]
[www.tryinteract.com/css/main-plans.css]
[www.tryinteract.com/css/maine209.css]
[s3-us-west-1.amazonaws.com/tryinteract-uploads/6011ece6b2b16d001691e8be/_447c6a50-6267-11eb-869a-ed43612569e0_1611948151456.jpg]
[s3-us-west-1.amazonaws.com/tryinteract-uploads/5dab24e5919f5e0014cebae5/_39aaab20-f281-11e9-a7c4-05db4be5226c.jpg]
[s3-us-west-1.amazonaws.com/tryinteract-uploads/5d235a8e6eea5d0014b35917/_985b0460-a571-11e9-be7e-53406457ac28.jpg]
[s3-us-west-1.amazonaws.com/tryinteract-uploads/57ca08a23f85251100b0ed5a/_8a538850-7163-11e6-8915-172cfd5a8293.jpg]
[s3-us-west-1.amazonaws.com/tryinteract-uploads/58fa440478e84c00113c2769/_dd984a80-26b9-11e7-a033-515f8fe89f6b.jpg]
[s3-us-west-1.amazonaws.com/tryinteract-uploads/5aebd2b4bc17b80014a643a1/_ef548cb0-4f4a-11e8-a5c9-cddf2184e673.jpg]
[s3-us-west-1.amazonaws.com/tryinteract-uploads/5b7a54f337bdaf0014c288b8/_01ea3030-a5ec-11e8-8c4f-4b3f9b5b403e.jpg]
[s3-us-west-1.amazonaws.com/tryinteract-uploads/5baf172806889000139e5aa0/_ed9e67a0-c57f-11e8-a781-a1c3546b9a57.jpg]
[s3-us-west-1.amazonaws.com/tryinteract-uploads/5baee3fd6ea1980013952c56/_ce2f2540-c489-11e8-ac00-7b839a818a86.jpg]
[s3-us-west-1.amazonaws.com/tryinteract-uploads/5bb37d36f33b670013fd030e/_9d8bdad0-c64d-11e8-a080-73b0fa33bd42.jpg]
[s3-us-west-1.amazonaws.com/tryinteract-uploads/5bbc1785001f300013c6b12d/_3c5083e0-cb72-11e8-9d5d-53db1b576e74.jpg]
[s3-us-west-1.amazonaws.com/tryinteract-uploads/5bbcd07551fcfc00133d0665/_ab2236f0-cbdc-11e8-9d5d-53db1b576e74.jpg]
[s3-us-west-1.amazonaws.com/tryinteract-uploads/5bbe344327057d0013147241/_af154fc0-ccb0-11e8-8b8e-0571e2c2d39d.jpg]
[s3-us-west-1.amazonaws.com/tryinteract-uploads/5b92da073a06d300142007e4/_486e2a20-b2ee-11e8-b6dd-b5cdd96bd8a9.jpg]
[s3-us-west-1.amazonaws.com/tryinteract-uploads/5bc5217256757900135644d7/_2164e4d0-d0d2-11e8-af14-c75f863d2a2c.jpg]
[s3-us-west-1.amazonaws.com/tryinteract-uploads/5bd2410c5901d2001338df98/_dac5ea80-d8a4-11e8-9c10-e570112010f9.jpg]
[s3-us-west-1.amazonaws.com/tryinteract-uploads/5bc69918898e5c0013baafb2/_2f71ef60-d1b2-11e8-aaf7-9b156978f16e.jpg]
[s3-us-west-1.amazonaws.com/tryinteract-uploads/5bdd1b81d9243a0013cc18d8/_6daadd00-df1d-11e8-bab7-21912480a451.jpg]
[s3-us-west-1.amazonaws.com/tryinteract-uploads/5bd83bc09716f80013cd237c/_6f75a9e0-ddc8-11e8-aa4c-2fb6b9a3d85e.jpg]
[s3-us-west-1.amazonaws.com/tryinteract-uploads/5b970c6ed141a1001418b7c9/_e2bd81b0-b7a4-11e8-a618-ff5e224d35ae.jpg]
[s3-us-west-1.amazonaws.com/tryinteract-uploads/5b959c6f66b56c0014dfcf6d/_9a1ce510-b7a2-11e8-a618-ff5e224d35ae.jpg]
[s3-us-west-1.amazonaws.com/tryinteract-uploads/5be969384825da00130a8676/_ef980350-e671-11e8-bbf1-51e1dd1df51f.jpg]
[s3-us-west-1.amazonaws.com/tryinteract-uploads/5bf07cf90560f30013fb0b52/_d6e09920-eaaf-11e8-a39d-c5d270c81dc7.jpg]
[s3-us-west-1.amazonaws.com/tryinteract-uploads/5bfda9af9ad8f10013261559/_d23004c0-f283-11e8-8642-0fecffdb2e09.jpg]
[s3-us-west-1.amazonaws.com/tryinteract-uploads/5bfebde4ed0ee20013b752d2/_87241390-f328-11e8-b015-9d5635391954.jpg]
[s3-us-west-1.amazonaws.com/tryinteract-uploads/5c05d03f58f00b00133b83e8/_706919d0-f75f-11e8-8638-d9926f556223.jpg]
[s3-us-west-1.amazonaws.com/tryinteract-uploads/5c06bfc79616c60013d752d4/_585d8080-f7ee-11e8-8a92-99fc4acc2ee4.jpg]
[s3-us-west-1.amazonaws.com/tryinteract-uploads/5c0e8c96f612ea0013a44edd/_8c927490-fe2a-11e8-9edd-dfa70d16170d.jpg]
[s3-us-west-1.amazonaws.com/tryinteract-uploads/5c0477e818b75100138415a4/_88f62050-f69d-11e8-a89e-b59e5cec5d93.jpg]
[s3-us-west-1.amazonaws.com/tryinteract-uploads/5c17ccf6130b56001372854a/_24f26f50-02cd-11e9-9ed0-fd27c83ae697.jpg]
[s3-us-west-1.amazonaws.com/tryinteract-uploads/5d18fd0a6afcc900148528a8/_f0ccaba0-9fba-11ea-8d02-451ee593a0de.jpg]
[s3-us-west-1.amazonaws.com/tryinteract-uploads/5c22be5829126b001320b6c6/_af6447e0-08ad-11e9-a3d0-d78664c630e4.jpg]
[s3-us-west-1.amazonaws.com/tryinteract-uploads/5c34a4266fd0150014856d61/_e83db7d0-1349-11e9-b1d8-1dc8ba1b7667.jpg]
[s3-us-west-1.amazonaws.com/tryinteract-uploads/5c37d79e1de37d001480ffee/_7b2e22c0-1532-11e9-9797-d7cb90d3e676.jpg]
[s3-us-west-1.amazonaws.com/tryinteract-uploads/5c4d26b8e786110014d37753/_a86b86b0-21e4-11e9-a123-c16e993dc7a5.jpg]
[s3-us-west-1.amazonaws.com/tryinteract-uploads/5c48d6dc1720a20014850df2/_bd928180-1ff3-11e9-b04d-03ed7e1d4029.jpg]
[s3-us-west-1.amazonaws.com/tryinteract-uploads/5c533be89e6875001425da60/_0d0fa170-258f-11e9-8528-1998e9e7d040.jpg]
[s3-us-west-1.amazonaws.com/tryinteract-uploads/5d16b23991d7420014cba941/_7cd14b30-c80a-11e9-8012-874105611fd9.jpg]
[s3-us-west-1.amazonaws.com/tryinteract-uploads/5d102855938edd0014b13aec/_5b5e78f0-c2e8-11e9-8503-9fc855d371b4.jpg]
[s3-us-west-1.amazonaws.com/tryinteract-uploads/5d1022b0ea941f0014b2ca1e/_c322cfb0-c061-11e9-85f2-677987f1b2fa.jpg]
[s3-us-west-1.amazonaws.com/tryinteract-uploads/5d0e4b96922a210014d2809d/_577dc750-b3c9-11e9-a78d-070f90091a69.jpg]
[s3-us-west-1.amazonaws.com/tryinteract-uploads/5d0e443e922a210014d28061/_fe8811b0-b232-11e9-8f65-2d4c89b9882a.jpg]
[s3-us-west-1.amazonaws.com/tryinteract-uploads/5d0d9439922a210014d27fb9/_c7a7baf0-af9f-11e9-9ce6-279f1f5284ea.jpg]
[s3-us-west-1.amazonaws.com/tryinteract-uploads/5ca7628567ba5000146cef9c/_195f1050-57ad-11e9-a77a-7115bc78afa0.jpg]
[s3-us-west-1.amazonaws.com/tryinteract-uploads/5d0d88d9922a210014d27f7b/_953a6640-ac7e-11e9-b2d3-e3f73c6bc179.jpg]
[s3-us-west-1.amazonaws.com/tryinteract-uploads/5d0d8647d142270014ba21f6/_3b07a630-ac7c-11e9-b2d3-e3f73c6bc179.jpg]
[s3-us-west-1.amazonaws.com/tryinteract-uploads/5d0d8470d142270014ba21eb/_aeccc860-ac78-11e9-b2d3-e3f73c6bc179.jpg]
[s3-us-west-1.amazonaws.com/tryinteract-uploads/5ccdfd7049c503001491bd65/_efc0c170-6eaf-11e9-a51f-47ea6ec7b3c5.jpg]
[s3-us-west-1.amazonaws.com/tryinteract-uploads/5d099f8ce77f1b0014d4008e/_0addb9c0-a9c7-11e9-a9ed-67f468685b6e.jpg]
[s3-us-west-1.amazonaws.com/tryinteract-uploads/5d097aed50f7e30014bde458/_ca82a330-a742-11e9-aef7-d3836d400323.jpg]
[s3-us-west-1.amazonaws.com/tryinteract-uploads/5cffd715a4bf9e00145ac318/_c5b3f130-a4de-11e9-b1b3-d54073713207.jpg]
[www.tryinteract.com/quizzes/animals/index.html]
[s3-us-west-1.amazonaws.com/tryinteract-uploads/568c436b48501511001572f9/08383820-b64c-11e5-aed1-0938618e3a3b.jpg]
[s3-us-west-1.amazonaws.com/tryinteract-uploads/59132fee5ce0fc0011734bd0/_7296b200-3594-11e7-9cae-19bd65b26e7f.jpg]
[s3-us-west-1.amazonaws.com/tryinteract-uploads/5a668ef0cf5cab0014d81514/_80e52b80-ffdc-11e7-a89f-4902a292ca62.jpg]
[s3-us-west-1.amazonaws.com/tryinteract-uploads/5c0c5a9bc0665d0013be6eaa/_5ab16da0-fb46-11e8-9673-d56721e1771d.jpg]
[s3-us-west-1.amazonaws.com/tryinteract-uploads/5c122878a2a0850013924737/_75fbc2d0-fecb-11e8-98f6-27df7bf4facd.jpg]
[s3-us-west-1.amazonaws.com/tryinteract-uploads/5d0d906dd142270014ba2246/_0e2d8060-aefe-11e9-826a-01fcc69fa743.jpg]
[www.tryinteract.com/quizzes/automotive/index.html]
[s3-us-west-1.amazonaws.com/tryinteract-uploads/5a6a4ee40a47a90014215633/_8aed7a90-0218-11e8-8252-2dd51cec6f7e.jpg]
[s3-us-west-1.amazonaws.com/tryinteract-uploads/572fccacb77ca1110068b678/_cf1a17f0-7f6f-11e6-8816-3d3e88430d3a.jpg]
[s3-us-west-1.amazonaws.com/tryinteract-uploads/5bbe9e077002fc001307582c/_ee597410-ccef-11e8-8b8e-0571e2c2d39d.jpg]
[s3-us-west-1.amazonaws.com/tryinteract-uploads/5bca1ba5a63c5a001379f5c2/_14064590-d3ca-11e8-b30f-7dc43ffaf98c.jpg]
[s3-us-west-1.amazonaws.com/tryinteract-uploads/5be329101fbc9300133687fb/_bafc5900-e2b8-11e8-a1b5-611141489bad.jpg]
[s3-us-west-1.amazonaws.com/tryinteract-uploads/5c0f2b27f612ea0013a4511c/_3ad30f80-0284-11e9-9ed0-fd27c83ae697.jpg]
[s3-us-west-1.amazonaws.com/tryinteract-uploads/5c598dd65aff74001454f3f4/_f3fdb540-294a-11e9-af53-dbc8f2c59c3c.jpg]
[s3-us-west-1.amazonaws.com/tryinteract-uploads/5c60d93793999400148f1316/_71301840-2da2-11e9-b6a3-fb58aea3e306.jpg]
[s3-us-west-1.amazonaws.com/tryinteract-uploads/5d10279d5cc4fa001461b26e/_3630ed00-c2c6-11e9-8503-9fc855d371b4.jpg]
[s3-us-west-1.amazonaws.com/tryinteract-uploads/5d10276d938edd0014b13ae0/_6bf29e50-c22d-11e9-a5cc-f59ba8f85bc4.jpg]
[s3-us-west-1.amazonaws.com/tryinteract-uploads/5d102328938edd0014b13ac9/_c990aa60-c062-11e9-85f2-677987f1b2fa.jpg]
[s3-us-west-1.amazonaws.com/tryinteract-uploads/5d1022c7ea941f0014b2ca21/_881498d0-c062-11e9-85f2-677987f1b2fa.jpg]
[s3-us-west-1.amazonaws.com/tryinteract-uploads/5d102279ea941f0014b2ca1b/_cadabdf0-c05f-11e9-85f2-677987f1b2fa.jpg]
[s3-us-west-1.amazonaws.com/tryinteract-uploads/5c89446428e956001465d5ca/_9aff2f40-4dc2-11e9-b48a-75400e1f8467.jpg]
[s3-us-west-1.amazonaws.com/tryinteract-uploads/5d0e4b49922a210014d28094/_1027efa0-b3c6-11e9-a78d-070f90091a69.jpg]
[s3-us-west-1.amazonaws.com/tryinteract-uploads/5d0e4938d142270014ba2348/_08a71200-b33b-11e9-a78d-070f90091a69.jpg]
[s3-us-west-1.amazonaws.com/tryinteract-uploads/5d0c314ca422b30014816a44/_50fea010-abdc-11e9-a47c-9d05677203a3.jpg]
[s3-us-west-1.amazonaws.com/tryinteract-uploads/5d00dfe7bf59650014852253/_9260ac00-8d06-11e9-8689-79d3781ae745.jpg]
[www.tryinteract.com/quizzes/beauty/index.html]
[s3-us-west-1.amazonaws.com/tryinteract-uploads/5fd01c6ab145e90016634a32/_ef984930-3b1c-11eb-8462-41e3afff8a6d_1607628117652.jpg]
[s3-us-west-1.amazonaws.com/tryinteract-uploads/5979f9f4aa70570011c48d99/_66d1ae80-7ea9-11e7-8182-29572277bdca.jpg]
[s3-us-west-1.amazonaws.com/tryinteract-uploads/58f7ac966f9eaa0011699313/_5165aa30-252e-11e7-a967-3d3d803d29e3.jpg]
[s3-us-west-1.amazonaws.com/tryinteract-uploads/5a8a7d4b5483470014c941e1/_c6e9dac0-168b-11e8-ad96-6fe6b5c1e277.jpg]
[s3-us-west-1.amazonaws.com/tryinteract-uploads/59d8e6456c66be001293facc/_ad48ef30-b1b3-11e7-843c-39beca13a4fb.jpg]
[s3-us-west-1.amazonaws.com/tryinteract-uploads/5c5a093b5aff74001454f6b1/_d6042270-2992-11e9-af53-dbc8f2c59c3c.jpg]
[s3-us-west-1.amazonaws.com/tryinteract-uploads/5c53fd1c7b1d6c0014561632/_9dd55010-29db-11e9-af53-dbc8f2c59c3c.jpg]
[s3-us-west-1.amazonaws.com/tryinteract-uploads/5d091dc650f7e30014bde2a0/_7bd5bf20-a516-11e9-be7e-53406457ac28.jpg]
[www.tryinteract.com/quizzes/blogging/index.html]
[s3-us-west-1.amazonaws.com/tryinteract-uploads/5dfb7a65e7c055001405db60/_45bb7040-2263-11ea-bb8c-c1c042f1a6bb.jpg]
[s3-us-west-1.amazonaws.com/tryinteract-uploads/5a579f11e0cfe10014abcc5f/_b1e11ea0-f704-11e7-ae5d-77c9975aa9fd.jpg]
[s3-us-west-1.amazonaws.com/tryinteract-uploads/5bbc2a0a6a985100139ee7a5/_afe4aa00-cb79-11e8-9d5d-53db1b576e74.jpg]
[s3-us-west-1.amazonaws.com/tryinteract-uploads/5bbf53c20bcc9e00139b8103/_4f31a8e0-cd5c-11e8-889c-53364ff6dd7a.jpg]
[s3-us-west-1.amazonaws.com/tryinteract-uploads/5bd1f96f714e000013dcd2dc/_6facd400-d879-11e8-ac36-bb85e865822e.jpg]
[i.ytimg.com/vi/xsi7YzTNqHA/maxresdefault.jpg]
[s3-us-west-1.amazonaws.com/tryinteract-uploads/5bd3508e2b8b3e0013048722/_3f5365e0-d963-11e8-a7c2-3f848adbcda3.jpg]
[s3-us-west-1.amazonaws.com/tryinteract-uploads/5bd373682b8b3e0013048783/_37619860-d964-11e8-a7c2-3f848adbcda3.jpg]
[movie-screencaps.com/wp-content/uploads/2017/01/remains-of-the-day-movie-screencaps.com-.jpg]
[s3-us-west-1.amazonaws.com/tryinteract-uploads/5beb40f22bf0d000138c3086/_c7360730-e78a-11e8-88c8-51e76e49405c.jpg]
[s3-us-west-1.amazonaws.com/tryinteract-uploads/5bfb3dd4623c3b0013952899/_6b388920-f113-11e8-9126-8f20f90605f2.jpg]
[s3-us-west-1.amazonaws.com/tryinteract-uploads/5c3bd37962295a0014ebc318/_1083f150-1791-11e9-ae85-173bf7b8827f.jpg]
[s3-us-west-1.amazonaws.com/tryinteract-uploads/5c3541b7b652f50014d57631/_30bb8c30-15a7-11e9-a840-8bf126100fed.jpg]
[s3-us-west-1.amazonaws.com/tryinteract-uploads/5c434254fb16360014969ab4/_8702f0e0-1c02-11e9-a9c1-47cbf7c3c89b.jpg]
[s3-us-west-1.amazonaws.com/tryinteract-uploads/5d16b8a891d7420014cba964/_7ec2d7d0-cac4-11e9-8d7d-510f879fa3c0.jpg]
[s3-us-west-1.amazonaws.com/tryinteract-uploads/5d16b29391d7420014cba944/_59058770-c80f-11e9-8012-874105611fd9.jpg]
[s3-us-west-1.amazonaws.com/tryinteract-uploads/5c87c61d0820ea001479ffdb/_14088240-4546-11e9-90dc-a53304377ca8.jpg]
[s3-us-west-1.amazonaws.com/tryinteract-uploads/5d0e4e1bd142270014ba2363/_67b8c260-b3cd-11e9-a78d-070f90091a69.jpg]
[s3-us-west-1.amazonaws.com/tryinteract-uploads/5d0e4b2cd142270014ba2350/_bd8bb720-b395-11e9-a78d-070f90091a69.jpg]
[s3-us-west-1.amazonaws.com/tryinteract-uploads/5d0e4ada922a210014d2808e/_2fb3aea0-b393-11e9-a78d-070f90091a69.jpg]
[s3-us-west-1.amazonaws.com/tryinteract-uploads/5d0e47b0d142270014ba233c/_136a6b80-b339-11e9-a78d-070f90091a69.jpg]
[s3-us-west-1.amazonaws.com/tryinteract-uploads/5cb5ff5b160b2e001416c6a4/_d9a71ca0-6062-11e9-a304-7300811a2eea.jpg]
[s3-us-west-1.amazonaws.com/tryinteract-uploads/5d0d82d8d142270014ba21cf/_ae468630-ac1c-11e9-a47c-9d05677203a3.jpg]
[s3-us-west-1.amazonaws.com/tryinteract-uploads/5cbf3f06a09cb4001406511e/_38441460-65e6-11e9-adf7-5501909ca146.jpg]
[s3-us-west-1.amazonaws.com/tryinteract-uploads/5d0ba7e01db8db0014efb541/_f91c93d0-aa86-11e9-9937-879b259028ef.jpg]
[s3-us-west-1.amazonaws.com/tryinteract-uploads/5d09a02ae77f1b0014d40098/_f9701c00-a9cb-11e9-9937-879b259028ef.jpg]
[s3-us-west-1.amazonaws.com/tryinteract-uploads/5cd1a0aa28027c0014b685bd/_65b673d0-7210-11e9-a367-fbf1b457c103.jpg]
[s3-us-west-1.amazonaws.com/tryinteract-uploads/5d097b0d50f7e30014bde45b/_d326e5e0-a743-11e9-aef7-d3836d400323.jpg]
[s3-us-west-1.amazonaws.com/tryinteract-uploads/5d09759650f7e30014bde42f/_166c8730-a670-11e9-98dd-d5a3b70726ec.jpg]
[s3-us-west-1.amazonaws.com/tryinteract-uploads/5d097577e77f1b0014d4002c/_8f3ace80-a66e-11e9-98dd-d5a3b70726ec.jpg]
[s3-us-west-1.amazonaws.com/tryinteract-uploads/5d09255be77f1b0014d3feea/_7e97b0c0-a583-11e9-be7e-53406457ac28.jpg]
[www.tryinteract.com/quizzes/books/index.html]
[s3-us-west-1.amazonaws.com/tryinteract-uploads/601058cb521a8b0016e900ea/_25123580-6007-11eb-a235-696f7d31456d_1611686963923.jpg]
[s3-us-west-1.amazonaws.com/tryinteract-uploads/5f9091addf9fe30014dcd1d8/_67832110-13d9-11eb-9a70-4321ecaa520e_1603311026869.jpg]
[s3-us-west-1.amazonaws.com/tryinteract-uploads/58c2e1217930130011830606/_aff04550-05b8-11e7-b342-edaf8c3a7c46.jpg]
[s3-us-west-1.amazonaws.com/tryinteract-uploads/5aa867ea46e03d0014882763/_85860300-271c-11e8-96ab-677f815523a9.jpg]
[s3-us-west-1.amazonaws.com/tryinteract-uploads/5a622abc1ad35400141e2f0b/_9f6509b0-fd41-11e7-bf68-f1bf8b5171f2.jpg]
[s3-us-west-1.amazonaws.com/tryinteract-uploads/5baaf6aae081b8001399550c/_174d83a0-c13a-11e8-8483-95c154709d68.jpg]
[s3-us-west-1.amazonaws.com/tryinteract-uploads/5bd2ea80f875850013a95205/_c8702320-d90b-11e8-9c10-e570112010f9.jpg]
[s3-us-west-1.amazonaws.com/tryinteract-uploads/5bcdf4781e9e0c0013fb7ef3/_558aaad0-d8c8-11e8-9c10-e570112010f9.jpg]
[s3-us-west-1.amazonaws.com/tryinteract-uploads/5ba44c2695455e0013f50df4/_752c1170-0f0b-11e9-8f87-d3d373bf20ca.jpg]
[s3-us-west-1.amazonaws.com/tryinteract-uploads/5be48afe072aab0013256a94/_8565f110-e38b-11e8-a950-c1607416ccb7.jpg]
[s3-us-west-1.amazonaws.com/tryinteract-uploads/5d1a0b9960f41800140ec5f9/_4e234140-db0a-11e9-95f4-a53d05fe87f0.jpg]
[s3-us-west-1.amazonaws.com/tryinteract-uploads/5d1a0b67b3d36c001408cc87/_1f457680-db0b-11e9-95f4-a53d05fe87f0.jpg]
[s3-us-west-1.amazonaws.com/tryinteract-uploads/5c48b90b1720a20014850d61/_ad10e1c0-1f45-11e9-aa40-59e799c0daf5.jpg]
[s3-us-west-1.amazonaws.com/tryinteract-uploads/5d0d957ad142270014ba226a/_12a18e90-b00a-11e9-9ce6-279f1f5284ea.jpg]
[s3-us-west-1.amazonaws.com/tryinteract-uploads/5d0baa391db8db0014efb55c/_9ce0a9f0-ab0b-11e9-9e04-81d4939d01e3.jpg]
[s3-us-west-1.amazonaws.com/tryinteract-uploads/5d09258550f7e30014bde2d4/_3e1253e0-a586-11e9-be7e-53406457ac28.jpg]
[www.tryinteract.com/quizzes/branding/index.html]
[s3-us-west-1.amazonaws.com/tryinteract-uploads/5bfb2eb9623c3b0013952879/_43eaef70-f109-11e8-9126-8f20f90605f2.jpg]
[s3-us-west-1.amazonaws.com/tryinteract-uploads/5c3cd51cd8bdae00143a73da/_27eacb30-182b-11e9-bafb-33a0e0a53fca.jpg]
[s3-us-west-1.amazonaws.com/tryinteract-uploads/5c42452f2d4c12001428c834/_fa3bd080-1b6d-11e9-9dfd-5945423b38dd.jpg]
[s3-us-west-1.amazonaws.com/tryinteract-uploads/5c50a8da83d3c70014e5a36e/_2aa8b120-23fc-11e9-be41-d788a6ab00e5.jpg]
[s3-us-west-1.amazonaws.com/tryinteract-uploads/5c66d707f70e220014fec34e/_b14cf980-371a-11e9-b96e-a9cfbf4ff45d.jpg]
[s3-us-west-1.amazonaws.com/tryinteract-uploads/5d102d7b938edd0014b13b06/_d386f940-c529-11e9-ab34-1fb3d326430f.jpg]
[s3-us-west-1.amazonaws.com/tryinteract-uploads/5cc77cca6855bd00144c6fdf/_6b274bb0-6ad0-11e9-9d80-a3806d4e72a7.jpg]
[s3-us-west-1.amazonaws.com/tryinteract-uploads/5ca6ab01cc66f20014ceda02/_5d4876f0-6bba-11e9-bf09-a14f079c7d6b.jpg]
[www.tryinteract.com/quizzes/bridal/index.html]
[s3-us-west-1.amazonaws.com/tryinteract-uploads/59826873798d3700119bdc44/_ff741290-99ca-11e7-8d92-7b6e4524edff.jpg]
[s3-us-west-1.amazonaws.com/tryinteract-uploads/5a24867dc32e7900146281e3/_bbff6560-d880-11e7-8bac-4d360ecea54b.jpg]
[s3-us-west-1.amazonaws.com/tryinteract-uploads/5f64fb9d8bc99d0014b303c3/_e32fa2e0-f9dd-11ea-a4f7-f754fcc7425a.jpg]
[s3-us-west-1.amazonaws.com/tryinteract-uploads/5bb269273ec30e0013f2843b/_3a54e850-c64b-11e8-a080-73b0fa33bd42.jpg]
[s3-us-west-1.amazonaws.com/tryinteract-uploads/5d1e1cf60a30e40014fc3b41/_3ffbb580-db09-11e9-95f4-a53d05fe87f0.jpg]
[s3-us-west-1.amazonaws.com/tryinteract-uploads/5bb655121e3f0c001385c254/_df908b20-c7ff-11e8-8a21-b5707cb02776.jpg]
[s3-us-west-1.amazonaws.com/tryinteract-uploads/5d1ac8d61d043900143de442/_3e95a6c0-db12-11e9-95f4-a53d05fe87f0.jpg]
[s3-us-west-1.amazonaws.com/tryinteract-uploads/5c032c7420811b0013184b9b/_75d03e90-f5ce-11e8-a2a7-5f502831253c.jpg]
[s3-us-west-1.amazonaws.com/tryinteract-uploads/5c1882c404476700136ad2c4/_9745ff20-0545-11e9-87d1-3b205ddca4aa.jpg]
[s3-us-west-1.amazonaws.com/tryinteract-uploads/5ae071e43f7b160014866e26/_90ecff40-61a1-11e8-8ad7-8f8bc38ea3be.jpg]
[s3-us-west-1.amazonaws.com/tryinteract-uploads/5d1784c1e4be4a001450a5ae/_08d95770-db0d-11e9-95f4-a53d05fe87f0.jpg]
[s3-us-west-1.amazonaws.com/tryinteract-uploads/5c140d209b942300139f3091/_432c3160-14fa-11e9-9797-d7cb90d3e676.jpg]
[s3-us-west-1.amazonaws.com/tryinteract-uploads/5d102d93938edd0014b13b09/_0630fe80-c53a-11e9-ab34-1fb3d326430f.jpg]
[s3-us-west-1.amazonaws.com/tryinteract-uploads/5f38506292a71d0014952c4b/_27bb0af0-df3d-11ea-abe6-211c494c37f7.jpg]
[s3-us-west-1.amazonaws.com/tryinteract-uploads/5d0e49be922a210014d28082/_e8808540-db0f-11e9-95f4-a53d05fe87f0.jpg]
[www.tryinteract.com/quizzes/business/index.html]
[s3-us-west-1.amazonaws.com/tryinteract-uploads/601da6fa36e2490017ace80e/_82ecf410-680e-11eb-92d9-9d7986f5625d_1612569716689.jpg]
[s3-us-west-1.amazonaws.com/tryinteract-uploads/5915036bb15f610011a5d9f8/_0c63bce0-36ab-11e7-acf4-41201c6d1b1b.jpg]
[s3-us-west-1.amazonaws.com/tryinteract-uploads/58eff5548f5dcf0011bb7c0f/_fc0c6990-2094-11e7-8d03-47efdec3af52.jpg]
[s3-us-west-1.amazonaws.com/tryinteract-uploads/5b3bbe2433979a0014f8dd92/_df73d760-7eed-11e8-88f0-ebf2c7e177bb.jpg]
[s3-us-west-1.amazonaws.com/tryinteract-uploads/5a6b78059aeaeb0014bdf680/_5f919670-02d0-11e8-81a9-250b1f6e9ce2.jpg]
[s3-us-west-1.amazonaws.com/tryinteract-uploads/592f93b223b3180011d95ccd/_488407e0-4680-11e7-b50e-c9b67914e83c.jpg]
[s3-us-west-1.amazonaws.com/tryinteract-uploads/5b9955aa1e3c000014f95a26/_d8102850-b842-11e8-b3e1-81991c5b2551.jpg]
[s3-us-west-1.amazonaws.com/tryinteract-uploads/5bb1bd91c41f53001373cede/_296e3570-ca90-11e8-aca5-fb556367274d.jpg]
[s3-us-west-1.amazonaws.com/tryinteract-uploads/5934de72792caf00110446c4/_f3048c10-49b1-11e7-9a9e-772c656c25cf.jpg]
[s3-us-west-1.amazonaws.com/tryinteract-uploads/5bdb0c65695f160013eb7aaa/_104b0720-dde2-11e8-aa4c-2fb6b9a3d85e.jpg]
[s3-us-west-1.amazonaws.com/tryinteract-uploads/5bd0e63549571f001301f920/_75942fb0-dfc4-11e8-bab7-21912480a451.jpg]
[s3-us-west-1.amazonaws.com/tryinteract-uploads/5c1d190f4dd4910013be18d2/_5185c620-0543-11e9-87d1-3b205ddca4aa.jpg]
[s3-us-west-1.amazonaws.com/tryinteract-uploads/5c250fa693b0560014725a8b/_e18a6080-0a04-11e9-b3e0-cd5a96a66892.jpg]
[s3-us-west-1.amazonaws.com/tryinteract-uploads/5c4dbce23f530b0014258b42/_a5b2e700-223f-11e9-a5e6-2ba8c57bec71.jpg]
[s3-us-west-1.amazonaws.com/tryinteract-uploads/5c48cb51909b82001409e8ab/_e2829e10-1f4b-11e9-aa40-59e799c0daf5.jpg]
[s3-us-west-1.amazonaws.com/tryinteract-uploads/5c5414b821ba6d0014ead0d6/_3f3de130-2606-11e9-8ea7-37976e0101c4.jpg]
[s3-us-west-1.amazonaws.com/tryinteract-uploads/5c5384a521ba6d0014eacfc2/_ea3f58c0-2714-11e9-8ea5-85634a977edf.jpg]
[s3-us-west-1.amazonaws.com/tryinteract-uploads/5b327615fa732800143a6c6f/_18685d70-8097-11e8-b3eb-8d6ff7092793.jpg]
[s3-us-west-1.amazonaws.com/tryinteract-uploads/5c6c6cd556d8a70014a3dab2/_44cc9460-348a-11e9-8520-b52d910c5ca4.jpg]
[s3-us-west-1.amazonaws.com/tryinteract-uploads/5d16b069f09f830014e5d2c4/_b1302570-c7a3-11e9-b485-59af483c408c.jpg]
[s3-us-west-1.amazonaws.com/tryinteract-uploads/5d1027dd5cc4fa001461b271/_ac5a7d50-c2c8-11e9-8503-9fc855d371b4.jpg]
[s3-us-west-1.amazonaws.com/tryinteract-uploads/5d0e5112d142270014ba236a/_f8837ef0-b96a-11e9-8d7c-95b98e3dafe6.jpg]
[s3-us-west-1.amazonaws.com/tryinteract-uploads/5c9b62c03f9ef8001416ca35/_7150c280-5137-11e9-b173-a7ffa4498bd1.jpg]
[s3-us-west-1.amazonaws.com/tryinteract-uploads/5d0e43a4d142270014ba2321/_94bf9330-b0ab-11e9-bead-fd9ef5e8a300.jpg]
[s3-us-west-1.amazonaws.com/tryinteract-uploads/5ca13e4fb16a420014b9e9a5/_3a817390-5406-11e9-9980-51a91429b1b0.jpg]
[s3-us-west-1.amazonaws.com/tryinteract-uploads/5d0d9313922a210014d27fb6/_c3176b60-af05-11e9-826a-01fcc69fa743.jpg]
[s3-us-west-1.amazonaws.com/tryinteract-uploads/5d0d89b0922a210014d27f81/_ecce5630-ac99-11e9-b2d3-e3f73c6bc179.jpg]
[s3-us-west-1.amazonaws.com/tryinteract-uploads/5d0d888b922a210014d27f78/_0e668f90-ac7e-11e9-b2d3-e3f73c6bc179.jpg]
[s3-us-west-1.amazonaws.com/tryinteract-uploads/5d0d8668d142270014ba21f9/_acd36c90-ac7c-11e9-b2d3-e3f73c6bc179.jpg]
[s3-us-west-1.amazonaws.com/tryinteract-uploads/5d0d8337922a210014d27f69/_ce580ed0-ac1c-11e9-a47c-9d05677203a3.jpg]
[s3-us-west-1.amazonaws.com/tryinteract-uploads/5d099fbe50f7e30014bde4a6/_17aff940-a9c9-11e9-9937-879b259028ef.jpg]
[s3-us-west-1.amazonaws.com/tryinteract-uploads/5f3563c6f26eab0014ec293b/_6f2dbe90-dd81-11ea-be57-1326f0e4eece.jpg]
[s3-us-west-1.amazonaws.com/tryinteract-uploads/5f57d612cc85510014d0d77c/_2cc9b190-f207-11ea-a9d9-8dd732a6590f.jpg]
[s3-us-west-1.amazonaws.com/tryinteract-uploads/5ccf7daef96c2e0014021ebf/_6c8e0190-70b8-11e9-88f2-8b2529df0ec8.jpg]
[www.tryinteract.com/quizzes/career/index.html]
[s3-us-west-1.amazonaws.com/tryinteract-uploads/5fea2cd8a3003800169699ba/_cd7c0770-4949-11eb-ad3c-d994ad2c8ede_1609186721647.jpg]
[s3-us-west-1.amazonaws.com/tryinteract-uploads/5913134beb0b190011f103b2/_7727e2a0-3583-11e7-9cae-19bd65b26e7f.jpg]
[s3-us-west-1.amazonaws.com/tryinteract-uploads/5a4bd059dbe738001415a051/_90144510-efeb-11e7-8ae1-9da17da625ef.jpg]
[s3-us-west-1.amazonaws.com/tryinteract-uploads/59283388f89a68001158620e/_e6d1c6e0-421a-11e7-8876-bdea08a883e4.jpg]
[s3-us-west-1.amazonaws.com/tryinteract-uploads/5a14947772d0080014ff7ad9/_b3eff390-cf06-11e7-affa-3db575fdf434.jpg]
[s3-us-west-1.amazonaws.com/tryinteract-uploads/5bbd8abd4ade6300137446e7/_e8d6d970-cc4e-11e8-8b8e-0571e2c2d39d.jpg]
[s3-us-west-1.amazonaws.com/tryinteract-uploads/5a7535780373a80014a7543f/_d7c6bd10-0897-11e8-9f67-e5535606be00.jpg]
[s3-us-west-1.amazonaws.com/tryinteract-uploads/5b977a547624a800144f15b6/_be107180-d81d-11e8-ac36-bb85e865822e.jpg]
[s3-us-west-1.amazonaws.com/tryinteract-uploads/5bd3f1f0c35f1000131ab939/_c9e581a0-d9a6-11e8-a7c2-3f848adbcda3.jpg]
[s3-us-west-1.amazonaws.com/tryinteract-uploads/5be1e25e94b67900138faafb/_d8f18830-e232-11e8-a21d-0326c986f639.jpg]
[s3-us-west-1.amazonaws.com/tryinteract-uploads/5bef192983f4a20013dad128/_5b192630-e9d9-11e8-b055-d51f563760ef.jpg]
[s3-us-west-1.amazonaws.com/tryinteract-uploads/5c380266c51b450014a36108/_016a05c0-1560-11e9-9797-d7cb90d3e676.jpg]
[s3-us-west-1.amazonaws.com/tryinteract-uploads/5c446bff37cbb500141ae7dc/_6dddd170-1cb6-11e9-a9c1-47cbf7c3c89b.jpg]
[s3-us-west-1.amazonaws.com/tryinteract-uploads/5c4cd7fce786110014d376cf/_b21a5c60-21b5-11e9-a123-c16e993dc7a5.jpg]
[s3-us-west-1.amazonaws.com/tryinteract-uploads/5c4d5f468586100014f8107e/_97ffe970-2206-11e9-a5e6-2ba8c57bec71.jpg]
[s3-us-west-1.amazonaws.com/tryinteract-uploads/5d16b5d7f09f830014e5d2e6/_fd0391a0-c9f9-11e9-a9a2-033d5b4a5c2f.jpg]
[s3-us-west-1.amazonaws.com/tryinteract-uploads/58fe5e9d942d960011a8a8af/_119dbee0-292c-11e7-994e-f570a9a20516.jpg]
[s3-us-west-1.amazonaws.com/tryinteract-uploads/5d10293a5cc4fa001461b288/_af95ac30-c46a-11e9-accd-19e6e201b7ff.jpg]
[s3-us-west-1.amazonaws.com/tryinteract-uploads/5c90eb856cd46a0014f9ea82/_5ec3d070-4a49-11e9-bcf1-e9b1a8b096d6.jpg]
[s3-us-west-1.amazonaws.com/tryinteract-uploads/5d0e430cd142270014ba2317/_8dc129f0-da7b-11e9-93e8-cfe08d4b2ae4.jpg]
[s3-us-west-1.amazonaws.com/tryinteract-uploads/5fc96e658437090016d76acd/_bc22f230-35bd-11eb-bbe4-65d8a1607aaf_1607037501251.jpg]
[s3-us-west-1.amazonaws.com/tryinteract-uploads/5d0d8941d142270014ba2203/_77d071e0-da7c-11e9-93e8-cfe08d4b2ae4.jpg]
[s3-us-west-1.amazonaws.com/tryinteract-uploads/5cda8e79e214640014afae0e/_3ae83360-762e-11e9-8c92-e7df4e0b96a5.jpg]
[s3-us-west-1.amazonaws.com/tryinteract-uploads/5d0928bbe77f1b0014d3fefb/_a5aa7650-da7d-11e9-93e8-cfe08d4b2ae4.jpg]
[www.tryinteract.com/quizzes/coaching/index.html]
[s3-us-west-1.amazonaws.com/tryinteract-uploads/5d1e43665760da001436cc0c/_6f360580-a29c-11e9-a691-1bba4c8d63d1.jpg]
[s3-us-west-1.amazonaws.com/tryinteract-uploads/5bbca32251fcfc00133d05d7/_c3c200e0-cbc4-11e8-9d5d-53db1b576e74.jpg]
[s3-us-west-1.amazonaws.com/tryinteract-uploads/5bc47480db169000132d55d8/_097688a0-d07e-11e8-af14-c75f863d2a2c.jpg]
[s3-us-west-1.amazonaws.com/tryinteract-uploads/5bd722a263eff7001320ff14/_6aedb540-dc5e-11e8-ae12-25b730898a5e.jpg]
[s3-us-west-1.amazonaws.com/tryinteract-uploads/5c3a9da9058d19001411f08a/_ca117700-16d8-11e9-8412-f59f29852d6b.jpg]
[s3-us-west-1.amazonaws.com/tryinteract-uploads/5d0d8d66922a210014d27f9e/_02c43c40-ae37-11e9-9038-2de9b0097423.jpg]
[www.tryinteract.com/quizzes/education/index.html]
[s3-us-west-1.amazonaws.com/tryinteract-uploads/55063e6d3f076d5dddef9f06/d51af790-cdb0-11e4-8cda-7d0240f81168.jpg]
[s3-us-west-1.amazonaws.com/tryinteract-uploads/591ea232d56a8a00114c2268/_02d94160-3c67-11e7-a99c-45ae174588f5.jpg]
[s3-us-west-1.amazonaws.com/tryinteract-uploads/5a1dbcbb05571b00144df104/_b33b1ce0-d474-11e7-9ae8-3ba468ccdb4d.jpg]
[s3-us-west-1.amazonaws.com/tryinteract-uploads/5845de79529b780011bdf448/_d0dd9e90-bb33-11e6-bb70-7b7ad6a94715.jpg]
[s3-us-west-1.amazonaws.com/tryinteract-uploads/5bca60ec884f790013e6d054/_89611710-dc86-11e8-ae12-25b730898a5e.jpg]
[s3-us-west-1.amazonaws.com/tryinteract-uploads/5be0a4e95e66420013e2a59a/_5803f110-e140-11e8-b483-b3246b6bade9.jpg]
[s3-us-west-1.amazonaws.com/tryinteract-uploads/5d18fe13e4389b0014f99515/_f13a46a0-0438-11eb-976e-5bc12caf2473.jpg]
[s3-us-west-1.amazonaws.com/tryinteract-uploads/5d18f73d6afcc9001485289b/_a589c430-0431-11eb-888a-9d717cb55e15.jpg]
[s3-us-west-1.amazonaws.com/tryinteract-uploads/5f59095febb45800140e0628/_1b57af50-f2c2-11ea-9c3e-f72f9c93f9a0.jpg]
[s3-us-west-1.amazonaws.com/tryinteract-uploads/5c43e58a64e6f70014f1e1b9/_6f705c20-1c65-11e9-a9c1-47cbf7c3c89b.jpg]
[s3-us-west-1.amazonaws.com/tryinteract-uploads/5a723fd74786b80014001c6c/_c0e4fdf0-06da-11e8-932f-2fefb15eacf5.jpg]
[s3-us-west-1.amazonaws.com/tryinteract-uploads/5b65eb7fe0b32a00143766d7/_e6490e10-9816-11e8-878a-67d6816551b1.jpg]
[s3-us-west-1.amazonaws.com/tryinteract-uploads/5d1028695cc4fa001461b277/_de6baab0-c2e8-11e9-8503-9fc855d371b4.jpg]
[s3-us-west-1.amazonaws.com/tryinteract-uploads/5d0e4d4d922a210014d280a0/_7a04d1e0-b3cb-11e9-a78d-070f90091a69.jpg]
[s3-us-west-1.amazonaws.com/tryinteract-uploads/5f690f78ad098c0014c83664/_7ab783f0-fc4d-11ea-8594-8dd50afcd76c.jpg]
[s3-us-west-1.amazonaws.com/tryinteract-uploads/5d097ce850f7e30014bde467/_009b0e70-a807-11e9-bb98-93b4bf9a656f.jpg]
[www.tryinteract.com/quizzes/entertainment/index.html]
[s3-us-west-1.amazonaws.com/tryinteract-uploads/5fa5bd402c9c880014861e6c/_0a7effd0-2080-11eb-af28-23b946ad2863.jpg]
[s3-us-west-1.amazonaws.com/tryinteract-uploads/5f7b5f43b065f10014a7a347/_8dc80b80-0739-11eb-a958-159a265504fe_1601922966858.jpg]
[s3-us-west-1.amazonaws.com/tryinteract-uploads/5ec60d03a0f8ff0014ffe477/_44167800-9ed4-11ea-b4da-8d8d641c908f.jpg]
[s3-us-west-1.amazonaws.com/tryinteract-uploads/5db5e9b5a85ebb0014481e6d/_867d4e00-f8ec-11e9-b8d6-87f4da7bcc3f.jpg]
[s3-us-west-1.amazonaws.com/tryinteract-uploads/5922596db477600011655bfb/_fdaa3f30-3e9d-11e7-87f0-33b604cd08e2.jpg]
[s3-us-west-1.amazonaws.com/tryinteract-uploads/5a8349d5d0bfbd00140ba207/_b6d7b5f0-110c-11e8-b8bc-7b80d8f4dfa8.jpg]
[s3-us-west-1.amazonaws.com/tryinteract-uploads/5a81827a4d2773001421d498/_03b8f310-100a-11e8-a6ca-f39eda782eef.jpg]
[s3-us-west-1.amazonaws.com/tryinteract-uploads/59b80f726819670012f25217/_31ee2690-980c-11e7-b607-25f346569ad7.jpg]
[s3-us-west-1.amazonaws.com/tryinteract-uploads/5bb3b2e0f33b670013fd03d9/_9d6b0200-c671-11e8-a080-73b0fa33bd42.jpg]
[s3-us-west-1.amazonaws.com/tryinteract-uploads/5bbdf90b27057d0013147135/_4df71c30-cc8f-11e8-8b8e-0571e2c2d39d.jpg]
[s3-us-west-1.amazonaws.com/tryinteract-uploads/5bbdfecd4ade630013744809/_f3eed540-cc91-11e8-8b8e-0571e2c2d39d.jpg]
[s3-us-west-1.amazonaws.com/tryinteract-uploads/591ea9140d773e0011abc4d5/_0c8501a0-3c6b-11e7-a99c-45ae174588f5.jpg]
[s3-us-west-1.amazonaws.com/tryinteract-uploads/5b564ead2299a8001454b91f/_ea8d0cb0-903c-11e8-92df-29872ba16d72.jpg]
[s3-us-west-1.amazonaws.com/tryinteract-uploads/5c3da616bd17730014182671/_0f481ca0-18a7-11e9-bafb-33a0e0a53fca.jpg]
[s3-us-west-1.amazonaws.com/tryinteract-uploads/5d0d939ad142270014ba2258/_ad18b4e0-af9b-11e9-9ce6-279f1f5284ea.jpg]
[s3-us-west-1.amazonaws.com/tryinteract-uploads/5d0d8358d142270014ba21d8/_9503bcf0-ac1d-11e9-a47c-9d05677203a3.jpg]
[s3-us-west-1.amazonaws.com/tryinteract-uploads/5d0ba70d1f267800147927e1/_df9113b0-aa85-11e9-9937-879b259028ef.jpg]
[s3-us-west-1.amazonaws.com/tryinteract-uploads/5cfab919115bc600143428aa/_eaa800f0-a4dc-11e9-b1b3-d54073713207.jpg]
[www.tryinteract.com/quizzes/entrepreneur/index.html]
[s3-us-west-1.amazonaws.com/tryinteract-uploads/5fe110d469cc4a0016338ccd/_adef8200-43d2-11eb-a92a-3d01f85aa0c7_1608585777424.jpg]
[s3-us-west-1.amazonaws.com/tryinteract-uploads/5b97fb3110e74b0014bd0d22/_5092b870-b603-11e8-b988-a58ad027a07c.jpg]
[s3-us-west-1.amazonaws.com/tryinteract-uploads/5927355a4cfa280011577bb3/_f4c6ae60-c969-11e7-acf6-3564b4f4dc0a.jpg]
[s3-us-west-1.amazonaws.com/tryinteract-uploads/5a5fb0f17824de0014517388/_c724a490-fbd6-11e7-873b-2fa2bd93fcbf.jpg]
[s3-us-west-1.amazonaws.com/tryinteract-uploads/5c865d7e5c88520014c6eed9/_056f73b0-440b-11e9-bf40-3b3ce4316ffc.jpg]
[s3-us-west-1.amazonaws.com/tryinteract-uploads/5cbe16b8f0ef010014f301e1/_a0d0f940-6536-11e9-adf7-5501909ca146.jpg]
[s3-us-west-1.amazonaws.com/tryinteract-uploads/5c7849365ae42100146bc0d2/_8d35dab0-3b9a-11e9-8252-2f083faba7ca.jpg]
[s3-us-west-1.amazonaws.com/tryinteract-uploads/5f45847529b5ed00140d31c0/_b8447990-e71b-11ea-ac2c-bd5343123d1b.jpg]
[www.tryinteract.com/quizzes/family-parenting/index.html]
[s3-us-west-1.amazonaws.com/tryinteract-uploads/5bae233b6ea1980013952a6d/_4a729010-c31d-11e8-bf9e-a9988c6de996.jpg]
[s3-us-west-1.amazonaws.com/tryinteract-uploads/5c3a660ec700f40014ebe8fa/_512b76e0-16b7-11e9-8412-f59f29852d6b.jpg]
[s3-us-west-1.amazonaws.com/tryinteract-uploads/5d176de2e4be4a001450a534/_2436b9d0-0416-11eb-bdce-8960f79e395e.jpg]
[s3-us-west-1.amazonaws.com/tryinteract-uploads/5c5ca49b148729001430e75a/_9a614930-2fd4-11e9-bede-f73203abc63c.jpg]
[s3-us-west-1.amazonaws.com/tryinteract-uploads/5d0e4b78922a210014d2809a/_2bfc3c60-b3c9-11e9-a78d-070f90091a69.jpg]
[s3-us-west-1.amazonaws.com/tryinteract-uploads/5d0d8ca4d142270014ba2225/_e69abbf0-ad75-11e9-a1a4-cf49ef9f1956.jpg]
[www.tryinteract.com/quizzes/fantasy/index.html]
[s3-us-west-1.amazonaws.com/tryinteract-uploads/4544/7821/bg-WhB8gP2oMSQ247D.jpg]
[s3-us-west-1.amazonaws.com/tryinteract-uploads/5f23477dc972cf0014a1be83/_78efb3b0-d2b5-11ea-9124-d9cf5313d4a0_1596148794252.jpg]
[s3-us-west-1.amazonaws.com/tryinteract-uploads/5ad355486125c80014fc37d1/_428833f0-40b9-11e8-9beb-a56c8aa95a02.jpg]
[s3-us-west-1.amazonaws.com/tryinteract-uploads/5bb63343dcabf60013a4d1f6/_be3c3960-c7eb-11e8-8a21-b5707cb02776.jpg]
[s3-us-west-1.amazonaws.com/tryinteract-uploads/5bd8abef9716f80013cd25a4/_ff8ade30-dc77-11e8-ae12-25b730898a5e.jpg]
[s3-us-west-1.amazonaws.com/tryinteract-uploads/5c0f862bb2b27f0013ce90de/_db76e230-02ad-11e9-9ed0-fd27c83ae697.jpg]
[s3-us-west-1.amazonaws.com/tryinteract-uploads/5c212b11d21752001337a093/_4f4fe110-07b9-11e9-8de6-4f026a28789b.jpg]
[s3-us-west-1.amazonaws.com/tryinteract-uploads/5c4c2e84e786110014d3758d/_42a66720-2151-11e9-a123-c16e993dc7a5.jpg]
[s3-us-west-1.amazonaws.com/tryinteract-uploads/5d16b15bf09f830014e5d2cc/_033e1f80-c807-11e9-8012-874105611fd9.jpg]
[s3-us-west-1.amazonaws.com/tryinteract-uploads/5c77a8d427f50900145b1c61/_3a409dd0-3b4b-11e9-8252-2f083faba7ca.jpg]
[s3-us-west-1.amazonaws.com/tryinteract-uploads/5d16ae9491d7420014cba931/_60b3c4c0-c678-11e9-9084-f92785c314db.jpg]
[s3-us-west-1.amazonaws.com/tryinteract-uploads/5d16ad76f09f830014e5d2b6/_ec493d70-c610-11e9-b7c7-8b4c11586db5.jpg]
[s3-us-west-1.amazonaws.com/tryinteract-uploads/5d10290a5cc4fa001461b282/_f878c4a0-c2ee-11e9-8503-9fc855d371b4.jpg]
[s3-us-west-1.amazonaws.com/tryinteract-uploads/5d1028f7938edd0014b13aef/_100dd350-c2ed-11e9-8503-9fc855d371b4.jpg]
[s3-us-west-1.amazonaws.com/tryinteract-uploads/5c9261e3cf9adc0014707e4e/_1b0ec2a0-4eda-11e9-956c-1bd55a3a95d5.jpg]
[s3-us-west-1.amazonaws.com/tryinteract-uploads/5f75061c94b8610014c8bbde/_de9e0a70-036d-11eb-bdce-8960f79e395e_1601510157314.jpg]
[s3-us-west-1.amazonaws.com/tryinteract-uploads/5cd68cb084ed570014f38583/_26ba2700-73cb-11e9-a457-a5275841be8b.jpg]
[www.tryinteract.com/quizzes/fashion/index.html]
[s3-us-west-1.amazonaws.com/tryinteract-uploads/5ede5bfbc7ccf8001488f209/_c04b04e0-ab40-11ea-8c00-51fe70129286.jpg]
[s3-us-west-1.amazonaws.com/tryinteract-uploads/5d99217d808d1c0014bca681/_a3f6af50-e7c4-11e9-9884-23a2fcd1c957.jpg]
[s3-us-west-1.amazonaws.com/tryinteract-uploads/5a6a51670a47a9001421563f/_074ca970-021a-11e8-8252-2dd51cec6f7e.jpg]
[s3-us-west-1.amazonaws.com/tryinteract-uploads/5aa6b02e01f6cf00148a87cc/_c5c438e0-2615-11e8-8458-bd57425870a1.jpg]
[s3-us-west-1.amazonaws.com/tryinteract-uploads/591ba81ed57d1c00119ce5c8/_73e1af20-3aa3-11e7-b7e0-6bbcaf6a7416.jpg]
[s3-us-west-1.amazonaws.com/tryinteract-uploads/5aa971aa46e03d0014882911/_7becb1b0-27ba-11e8-85df-35e2e33a9f83.jpg]
[s3-us-west-1.amazonaws.com/tryinteract-uploads/5a6781d02c8eaf0014030e41/_5b4e3f10-006d-11e8-a89f-4902a292ca62.jpg]
[s3-us-west-1.amazonaws.com/tryinteract-uploads/5bb86c835a8bb100130e2c60/_d70805f0-c93f-11e8-840c-7fe13d1db96f.jpg]
[s3-us-west-1.amazonaws.com/tryinteract-uploads/5bb01e8206889000139e5bef/_14e3f2e0-cb9c-11e8-9d5d-53db1b576e74.jpg]
[s3-us-west-1.amazonaws.com/tryinteract-uploads/5bc01233621d0a00138ff81b/_0ef85270-ce0a-11e8-8f6e-1f6f9f12acfb.jpg]
[s3-us-west-1.amazonaws.com/tryinteract-uploads/5bd26d495901d2001338dfef/_e16f92b0-d8c6-11e8-9c10-e570112010f9.jpg]
[s3-us-west-1.amazonaws.com/tryinteract-uploads/5bd7bf0763eff70013210136/_d5748f90-dc15-11e8-ae12-25b730898a5e.jpg]
[s3-us-west-1.amazonaws.com/tryinteract-uploads/5c00386e5a607200132c4c11/_605d1650-fda3-11e8-9edd-dfa70d16170d.jpg]
[s3-us-west-1.amazonaws.com/tryinteract-uploads/5aa722eaa3c4790014bbce1e/_c62427b0-1e61-11e9-b7a2-d10560d6d1cc.jpg]
[s3-us-west-1.amazonaws.com/tryinteract-uploads/5c4930dd909b82001409e9f1/_b4947c80-1fe6-11e9-aa40-59e799c0daf5.jpg]
[s3-us-west-1.amazonaws.com/tryinteract-uploads/5b95f56066b56c0014dfcfd6/_4a1be820-b4c5-11e8-af11-b18653a8ab72.jpg]
[s3-us-west-1.amazonaws.com/tryinteract-uploads/5d16b0cf91d7420014cba93e/_2cc85ad0-c7a5-11e9-b485-59af483c408c.jpg]
[s3-us-west-1.amazonaws.com/tryinteract-uploads/5d0e512dd142270014ba236d/_422db8d0-b96c-11e9-8d7c-95b98e3dafe6.jpg]
[s3-us-west-1.amazonaws.com/tryinteract-uploads/5d0e4694922a210014d28073/_66183fc0-b333-11e9-a78d-070f90091a69.jpg]
[s3-us-west-1.amazonaws.com/tryinteract-uploads/5f3d9ecd9a67240014b57093/_74baa7c0-e267-11ea-a234-6ba3690308c2.jpg]
[s3-us-west-1.amazonaws.com/tryinteract-uploads/5bf9fbc8623c3b001395266d/_57ce1bf0-f052-11e8-ae5b-6f618c869b1f.jpg]
[www.tryinteract.com/quizzes/finance/index.html]
[s3-us-west-1.amazonaws.com/tryinteract-uploads/5ff4abf17c24f10016168152/_62e22b90-4f8b-11eb-bcc5-6390ac6cddf7_1609874650676.jpg]
[s3-us-west-1.amazonaws.com/tryinteract-uploads/5e52b0852679b80014465b57/_b2f27490-565e-11ea-be10-4f92e7d89e48.jpg]
[s3-us-west-1.amazonaws.com/tryinteract-uploads/5d2356146eea5d0014b358f5/_9346cef0-a18e-11e9-a538-df372a9c8d75.jpg]
[s3-us-west-1.amazonaws.com/tryinteract-uploads/5857193f48e2aa0011f5a6b5/_88f2a6d0-c578-11e6-8c63-a3e2c171f31f.jpg]
[s3-us-west-1.amazonaws.com/tryinteract-uploads/57e2ec8caa41c41100448991/_ab590d10-8039-11e6-aced-d98612aef707.jpg]
[s3-us-west-1.amazonaws.com/tryinteract-uploads/5a740a238c28160014e6f2e2/_619b8f10-07e5-11e8-9f67-e5535606be00.jpg]
[s3-us-west-1.amazonaws.com/tryinteract-uploads/59243f4b92eae4001139156e/_42993bb0-4686-11e7-b50e-c9b67914e83c.jpg]
[s3-us-west-1.amazonaws.com/tryinteract-uploads/5a9d94df32e5f000144fc73a/_e6ea2460-3ce2-11e8-b92b-55254a204334.jpg]
[s3-us-west-1.amazonaws.com/tryinteract-uploads/58c06c3dfbeb76001120c424/_b1fd7cc0-043f-11e7-abf3-7387271d72a8.jpg]
[s3-us-west-1.amazonaws.com/tryinteract-uploads/5bb7884b2d704e00134a0967/_36305e30-c8b7-11e8-a2a0-6d341942e326.jpg]
[s3-us-west-1.amazonaws.com/tryinteract-uploads/5bbdb7f54ade630013744772/_4d4283b0-cd07-11e8-889c-53364ff6dd7a.jpg]
[s3-us-west-1.amazonaws.com/tryinteract-uploads/5bc0b810621d0a00138ff936/_5fe22b90-ce30-11e8-8f6e-1f6f9f12acfb.jpg]
[s3-us-west-1.amazonaws.com/tryinteract-uploads/5bc537c35675790013564510/_24c31810-d0df-11e8-af14-c75f863d2a2c.jpg]
[s3-us-west-1.amazonaws.com/tryinteract-uploads/5bcbc4c79fea260013e6cb72/_d795c510-d4c6-11e8-bb1d-cb291eba3229.jpg]
[s3-us-west-1.amazonaws.com/tryinteract-uploads/5bd74a84a27cd90013e5e297/_a26d0d30-dba6-11e8-8129-abdd8cb76cff.jpg]
[s3-us-west-1.amazonaws.com/tryinteract-uploads/5bec468f2bf0d000138c331e/_b5aa0560-e826-11e8-980f-cb12b5f164e8.jpg]
[s3-us-west-1.amazonaws.com/tryinteract-uploads/5bf414c48a08a400131a7400/_c6e88c60-eccd-11e8-8e76-431e2b3b8baf.jpg]
[s3-us-west-1.amazonaws.com/tryinteract-uploads/5bf4398c8a08a400131a7476/_42d5da10-ece4-11e8-8e76-431e2b3b8baf.jpg]
[s3-us-west-1.amazonaws.com/tryinteract-uploads/5c0616ed9616c60013d75104/_b4434d90-f789-11e8-8638-d9926f556223.jpg]
[s3-us-west-1.amazonaws.com/tryinteract-uploads/5c0e202ed48b1f00139fc383/_bb9d5100-fcf0-11e8-af9b-4b75782513c4.jpg]
[s3-us-west-1.amazonaws.com/tryinteract-uploads/5c1289d9991f5400135aaee6/_4b90ed40-ffb6-11e8-b300-1d3f233908f6.jpg]
[s3-us-west-1.amazonaws.com/tryinteract-uploads/5c3855e9c51b450014a36175/_4a1ea0c0-157c-11e9-9797-d7cb90d3e676.jpg]
[s3-us-west-1.amazonaws.com/tryinteract-uploads/5c4898da1720a20014850cb4/_3804b4e0-1f2e-11e9-aa40-59e799c0daf5.jpg]
[s3-us-west-1.amazonaws.com/tryinteract-uploads/5c315a90aec1e100145b5542/_b2ba4c30-24f2-11e9-bf3e-e561812859c7.jpg]
[s3-us-west-1.amazonaws.com/tryinteract-uploads/5c58ba5126cc4c0014d9f82b/_1b99fee0-28cb-11e9-9a1b-9fecc5637538.jpg]
[s3-us-west-1.amazonaws.com/tryinteract-uploads/5d16b8c091d7420014cba967/_878c9a10-cb58-11e9-8d7d-510f879fa3c0.jpg]
[s3-us-west-1.amazonaws.com/tryinteract-uploads/5d102fa75cc4fa001461b2be/_10a0db90-c60e-11e9-b7c7-8b4c11586db5.jpg]
[s3-us-west-1.amazonaws.com/tryinteract-uploads/5f51181309860d00148aedd0/_e9c32930-ee05-11ea-ad94-7d2de1fcc4b4.jpg]
[s3-us-west-1.amazonaws.com/tryinteract-uploads/5d1023b05cc4fa001461b25c/_fd9f8390-c1e2-11e9-a5cc-f59ba8f85bc4.jpg]
[s3-us-west-1.amazonaws.com/tryinteract-uploads/5d10238c938edd0014b13acc/_1b328150-c067-11e9-85f2-677987f1b2fa.jpg]
[s3-us-west-1.amazonaws.com/tryinteract-uploads/5d0e472ed142270014ba2336/_f7560880-b335-11e9-a78d-070f90091a69.jpg]
[s3-us-west-1.amazonaws.com/tryinteract-uploads/5b3fdfa576efdf001497167b/_e4788d70-8486-11e8-b714-d706e88ad6af.jpg]
[s3-us-west-1.amazonaws.com/tryinteract-uploads/5d0e42ef922a210014d28050/_37a1b690-b0a8-11e9-bead-fd9ef5e8a300.jpg]
[s3-us-west-1.amazonaws.com/tryinteract-uploads/5d0e41e8922a210014d2804d/_5f487fb0-b0a5-11e9-bead-fd9ef5e8a300.jpg]
[s3-us-west-1.amazonaws.com/tryinteract-uploads/5d0d9605922a210014d27fcd/_f9fb2c60-b00a-11e9-9ce6-279f1f5284ea.jpg]
[s3-us-west-1.amazonaws.com/tryinteract-uploads/5d0d82bb922a210014d27f61/_87b2f410-ac1a-11e9-a47c-9d05677203a3.jpg]
[s3-us-west-1.amazonaws.com/tryinteract-uploads/5d0baa711f267800147927f2/_29e7ab60-ab51-11e9-9e04-81d4939d01e3.jpg]
[s3-us-west-1.amazonaws.com/tryinteract-uploads/5d097de850f7e30014bde46f/_96689880-a809-11e9-bb98-93b4bf9a656f.jpg]
[s3-us-west-1.amazonaws.com/tryinteract-uploads/5cd5d55d4bf9e60014648d57/_96e9c350-771d-11e9-9d0e-03b72cec0b29.jpg]
[s3-us-west-1.amazonaws.com/tryinteract-uploads/5d09242b50f7e30014bde2c3/_5e5574d0-a57b-11e9-be7e-53406457ac28.jpg]
[www.tryinteract.com/quizzes/food-drink/index.html]
[s3-us-west-1.amazonaws.com/tryinteract-uploads/5f9c8d914d2790001484a00f/_f998a270-1afd-11eb-9a69-33fb45588825.jpg]
[s3-us-west-1.amazonaws.com/tryinteract-uploads/5d235a896eea5d0014b35914/_793ab170-c22c-11e9-a5cc-f59ba8f85bc4.jpg]
[s3-us-west-1.amazonaws.com/tryinteract-uploads/5d0a375b50f7e30014bde5c3/_63793bb0-9296-11e9-99a9-d51d9ad1f627.jpg]
[s3-us-west-1.amazonaws.com/tryinteract-uploads/5769b5eeb73f221100263e15/244d3490-37fa-11e6-835c-cd31a5865dfe.jpg]
[s3-us-west-1.amazonaws.com/tryinteract-uploads/5f721fa5febd5000144c268c/_eaeec630-01b4-11eb-917a-f78732488d13_1601316254041.jpg]
[s3-us-west-1.amazonaws.com/tryinteract-uploads/5bb22dbc3ec30e0013f2835f/_da84b5a0-c586-11e8-a781-a1c3546b9a57.jpg]
[s3-us-west-1.amazonaws.com/tryinteract-uploads/5bb4b05fbecacf00137bcba7/_f43a5e70-c705-11e8-a3a0-499d7856c294.jpg]
[s3-us-west-1.amazonaws.com/tryinteract-uploads/5bb57e73b6999a0013ab5b0e/_254f5400-c843-11e8-a2a0-6d341942e326.jpg]
[s3-us-west-1.amazonaws.com/tryinteract-uploads/591cf05d4691d600116701e3/_e94c98c0-4579-11e7-a744-0b8c60cf3127.jpg]
[s3-us-west-1.amazonaws.com/tryinteract-uploads/5bdb667f78198e001369f621/_9edf79a0-de17-11e8-aa4c-2fb6b9a3d85e.jpg]
[s3-us-west-1.amazonaws.com/tryinteract-uploads/5be1425e40ba0300133f1821/_45eaf160-e5d5-11e8-9a92-296517789d73.jpg]
[s3-us-west-1.amazonaws.com/tryinteract-uploads/5bfa269d91150f0013662f48/_e755d8d0-f06b-11e8-ae5b-6f618c869b1f.jpg]
[s3-us-west-1.amazonaws.com/tryinteract-uploads/5bfddb379ad8f10013261647/_a4162bd0-f2bc-11e8-8642-0fecffdb2e09.jpg]
[s3-us-west-1.amazonaws.com/tryinteract-uploads/5c11dad91b7e780013fc34a5/_a4343230-fe90-11e8-98f6-27df7bf4facd.jpg]
[s3-us-west-1.amazonaws.com/tryinteract-uploads/5c31b956aec1e100145b5596/_601902a0-1192-11e9-b3a8-53b057484cd6.jpg]
[s3-us-west-1.amazonaws.com/tryinteract-uploads/5c5c48e1148729001430e5a6/_e5dccc30-2ae9-11e9-aa6b-1b5e183061e0.jpg]
[s3-us-west-1.amazonaws.com/tryinteract-uploads/5d16b5a3f09f830014e5d2e0/_c94260f0-c9f2-11e9-a9a2-033d5b4a5c2f.jpg]
[s3-us-west-1.amazonaws.com/tryinteract-uploads/5c6b4c30adc40b001415e051/_7c01ff00-3567-11e9-b6c7-3188dac8076f.jpg]
[s3-us-west-1.amazonaws.com/tryinteract-uploads/5b06adc110595400146ad950/_f698e880-6c5b-11e8-952a-4f5718719249.jpg]
[s3-us-west-1.amazonaws.com/tryinteract-uploads/5d1024695cc4fa001461b25f/_af365ab0-c1e4-11e9-a5cc-f59ba8f85bc4.jpg]
[s3-us-west-1.amazonaws.com/tryinteract-uploads/5d0e54b5d142270014ba2390/_a6072e70-bc43-11e9-afe4-5dc654fc641e.jpg]
[s3-us-west-1.amazonaws.com/tryinteract-uploads/5d0e5370d142270014ba2379/_4900d710-bbb4-11e9-9d67-bb7834243da9.jpg]
[s3-us-west-1.amazonaws.com/tryinteract-uploads/5d0e4a0f922a210014d28085/_765efd30-b390-11e9-a78d-070f90091a69.jpg]
[s3-us-west-1.amazonaws.com/tryinteract-uploads/5fe3b2e967a73c00168fc103/_edd9a7d0-4565-11eb-9baa-8133f5997beb_1608758990992.jpg]
[s3-us-west-1.amazonaws.com/tryinteract-uploads/5d0d9014d142270014ba2240/_2f64cef0-ae3b-11e9-9038-2de9b0097423.jpg]
[s3-us-west-1.amazonaws.com/tryinteract-uploads/5fdcf9c520231e00169e2094/_a8064e60-4165-11eb-9b27-df6dd70736ea_1608319127960.jpg]
[s3-us-west-1.amazonaws.com/tryinteract-uploads/5d0ba5c01f267800147927cf/_46d3a600-aa1d-11e9-9937-879b259028ef.jpg]
[s3-us-west-1.amazonaws.com/tryinteract-uploads/5d097c5fe77f1b0014d40039/_df6326f0-a745-11e9-aef7-d3836d400323.jpg]
[s3-us-west-1.amazonaws.com/tryinteract-uploads/5f29ac698d40c200148feb72/_4cb3c0d0-d683-11ea-8443-4f1a47c5f064.jpg]
[s3-us-west-1.amazonaws.com/tryinteract-uploads/5f32ae4a5f92f00014c8c813/_8d323b40-dbe3-11ea-9769-71e62d70eebc.jpg]
[www.tryinteract.com/quizzes/health-fitness/index.html]
[s3-us-west-1.amazonaws.com/tryinteract-uploads/3872/4938/bg-E3BVwjxPLcKL3NC.jpg]
[s3-us-west-1.amazonaws.com/tryinteract-uploads/1290-bg-yEDTrXazYmb8ALB.jpg]
[s3-us-west-1.amazonaws.com/tryinteract-uploads/5bb4f2bebecacf00137bccc5/_17d6eb50-c742-11e8-a3a0-499d7856c294.jpg]
[s3-us-west-1.amazonaws.com/tryinteract-uploads/5bd910f1d1c31d00139922cc/_627ac5b0-dcb3-11e8-ae26-3f2fa38f7f5b.jpg]
[s3-us-west-1.amazonaws.com/tryinteract-uploads/5be48c83072aab0013256a9e/_02b7c070-e455-11e8-ba0a-0527d9ddfca3.jpg]
[s3-us-west-1.amazonaws.com/tryinteract-uploads/5c0950c08e611700136964a2/_9fe86ea0-f975-11e8-9152-af8b16ed5dd9.jpg]
[s3-us-west-1.amazonaws.com/tryinteract-uploads/5c4b974988a16400142b6c62/_5b50a1e0-20f8-11e9-ac72-03b5da8f0436.jpg]
[s3-us-west-1.amazonaws.com/tryinteract-uploads/5c58759f26cc4c0014d9f6be/_4c163e90-28a2-11e9-9a1b-9fecc5637538.jpg]
[s3-us-west-1.amazonaws.com/tryinteract-uploads/5d0e4b61922a210014d28097/_a6ab4710-b3c6-11e9-a78d-070f90091a69.jpg]
[s3-us-west-1.amazonaws.com/tryinteract-uploads/5d09a044e77f1b0014d4009b/_a5057260-aa1a-11e9-9937-879b259028ef.jpg]
[s3-us-west-1.amazonaws.com/tryinteract-uploads/5ccb307d8da67a0014b29cf7/_aa07a590-6d06-11e9-b54e-f3710b34c61a.jpg]
[static.hugedomains.com/images/logo_huge_domains.gif]
[www.tryinteract.com/quizzes/history/index.html]
[s3-us-west-1.amazonaws.com/tryinteract-uploads/5a3b139604638000144a9ba2/_80102430-e5f1-11e7-be09-ad1c055f2deb.jpg]
[s3-us-west-1.amazonaws.com/tryinteract-uploads/3006/3664/bg-zIchDVk4pIAts40.gif]
[s3-us-west-1.amazonaws.com/tryinteract-uploads/5bcf58cf27ef58001395ce36/_2aed96b0-d7bb-11e8-8cdb-ffad60d2ac6f.jpg]
[s3-us-west-1.amazonaws.com/tryinteract-uploads/5bf3f6861433bc0013cf0a2e/_84c1a490-ecbc-11e8-8e76-431e2b3b8baf.jpg]
[s3-us-west-1.amazonaws.com/tryinteract-uploads/5bfdd5ba9ad8f1001326163c/_d5fc5390-f2c6-11e8-8642-0fecffdb2e09.jpg]
[s3-us-west-1.amazonaws.com/tryinteract-uploads/5c04878a079dfe0013ad4d3a/_85087d50-f69b-11e8-a89e-b59e5cec5d93.jpg]
[s3-us-west-1.amazonaws.com/tryinteract-uploads/5c0ec9f55f0f8d0013312de5/_54ce23c0-fcc6-11e8-af9b-4b75782513c4.jpg]
[s3-us-west-1.amazonaws.com/tryinteract-uploads/5c128bc5991f5400135aaf00/_ed694830-fef6-11e8-98f6-27df7bf4facd.jpg]
[www.tryinteract.com/quizzes/holiday/index.html]
[s3-us-west-1.amazonaws.com/tryinteract-uploads/6008b22c39f69900164f5b20/_c4551ce0-5cf4-11eb-b3e4-2baf4abcfc0a_1611349199847.jpg]
[s3-us-west-1.amazonaws.com/tryinteract-uploads/59cd55a3c8833700121ca429/_8d4fd780-be5f-11e7-aead-edc2d19626d3.html]
[www.tryinteract.com/quizzes/home-garden/index.html]
[www.tryinteract.com/quizzes/interior-design/index.html]
[www.tryinteract.com/quizzes/leadership/index.html]
[www.tryinteract.com/quizzes/lifestyle/index.html]
[www.tryinteract.com/quizzes/marketing/index.html]
[www.tryinteract.com/quizzes/music/index.html]
[www.tryinteract.com/quizzes/nature/index.html]
[www.tryinteract.com/quizzes/photography/index.html]
[www.tryinteract.com/quizzes/productivity/index.html]
[www.tryinteract.com/quizzes/psychology/index.html]
[www.tryinteract.com/quizzes/relationships/index.html]
[www.tryinteract.com/quizzes/religion/index.html]
[www.tryinteract.com/quizzes/science/index.html]
[www.tryinteract.com/quizzes/self-improvement/index.html]
[www.tryinteract.com/quizzes/skin-care/index.html]
[www.tryinteract.com/quizzes/social-media/index.html]
[www.tryinteract.com/quizzes/spirituality/index.html]
[www.tryinteract.com/quizzes/style/index.html]
[www.tryinteract.com/quizzes/sustainability/index.html]
[www.tryinteract.com/quizzes/technology/index.html]
[www.tryinteract.com/quizzes/travel/index.html]
[www.tryinteract.com/quizzes/wedding/index.html]
[www.tryinteract.com/quizzes/wellness/index.html]
[www.tryinteract.com/quizzes/writing/index.html]
[www.tryinteract.com/quizzes/zodiac/index.html]
[www.tryinteract.com/blog/page/2/index.html]
[www.tryinteract.com/blog/wp-includes/css/dist/block-library/style.min9f31.css]
[www.tryinteract.com/blog/wp-content/themes/interact-blog/style9f31.css]
[www.tryinteract.com/blog/wp-content/themes/interact-blog/css/bootstrap-grid.min9f31.css]
[www.tryinteract.com/blog/wp-content/plugins/easy-social-share-buttons3/assets/css/essb-subscribe.min96c0.css]
[www.tryinteract.com/blog/wp-content/plugins/easy-social-share-buttons3/assets/css/essb-display-methods.min96c0.css]
[www.tryinteract.com/blog/wp-content/plugins/easy-social-share-buttons3/assets/css/easy-social-share-buttons.min96c0.css]
[www.tryinteract.com/blog/xmlrpc0db0.html]
[www.tryinteract.com/blog/category/tutorials/index.html]
[www.tryinteract.com/blog/category/list-building/index.html]
[www.tryinteract.com/blog/category/case-studies/index.html]
[www.tryinteract.com/blog/sell-online-courses-how-kaye-putnam-generated-100k-revenue-from-her-quiz/index.html]
[www.tryinteract.com/blog/author/kayla-hollatz/index.html]
[www.tryinteract.com/blog/how-to-add-a-quiz-to-instapage/index.html]
[www.tryinteract.com/blog/taking-leave/index.html]
[www.tryinteract.com/blog/how-to-become-a-successful-edupreneur/index.html]
[www.tryinteract.com/blog/how-allison-burns-generated-1k-leads-for-her-course-with-a-design-quiz/index.html]
[www.tryinteract.com/blog/how-tina-dubois-uses-two-quiz-versions-to-promote-her-course/index.html]
[www.tryinteract.com/blog/how-i-finally-got-past-my-blocks-and-made-my-online-course/index.html]
[www.tryinteract.com/blog/how-to-add-a-quiz-to-your-unbounce-landing-page/index.html]
