[www.straightnorth.com/index.html]
[backblue.gif]
[fade.gif]
[index.html]
[www.straightnorth.com/sites/default/files/favicon.png]
[www.straightnorth.com/sites/default/files/honeypot/honeypotb491.css]
[maxcdn.bootstrapcdn.com/font-awesome/4.7.0/css/font-awesome.min.css]
[www.google-analytics.com/analytics.js]
[www.straightnorth.com/sites/default/files/google_tag/google_tag.scriptb491.js]
[www.straightnorth.com/index.html]
[www.straightnorth.com/sites/default/files/honeypot/honeypotb491.css]
[maxcdn.bootstrapcdn.com/font-awesome/4.7.0/css/font-awesome.min.css]
[www.straightnorth.com/services/index.html]
[www.straightnorth.com/services/seo/index.html]
[www.straightnorth.com/services/ppc-management/index.html]
[www.straightnorth.com/services/display/index.html]
[www.straightnorth.com/services/email-marketing/index.html]
[www.straightnorth.com/sites/default/files/logo_inc_5000-5.png]
[www.straightnorth.com/sites/default/files/sl-cred-google-01.png]
[www.straightnorth.com/sites/default/files/sl-cred-bbb-01.png]
[www.straightnorth.com/services/graphic-design/index.html]
[www.straightnorth.com/sites/default/files/sl-cred-clutch-01.png]
[www.straightnorth.com/sites/default/files/sl-cred-topseos-01.png]
[www.googleadservices.com/pagead/f.txt]
[www.straightnorth.com/services/index.html]
[www.straightnorth.com/markets/index.html]
[www.straightnorth.com/portfolio/index.html]
[www.straightnorth.com/case-studies/index.html]
[www.straightnorth.com/insights/index.html]
[www.straightnorth.com/company/index.html]
[www.straightnorth.com/company/marketing-resources/index.html]
[www.straightnorth.com/sites/default/files/DG4A2185_0.jpg]
[www.straightnorth.com/request-quote/index.html]
[www.straightnorth.com/faq/index.html]
[www.straightnorth.com/tools/index.html]
[www.straightnorth.com/sites/default/files/styles/270x268/public/9_400b5.jpg]
[www.straightnorth.com/services/seo/pricing/index.html]
[www.straightnorth.com/free-seo-audit/index.html]
[www.straightnorth.com/sites/default/files/styles/498x126/public/12_1a96d.jpg]
[www.straightnorth.com/services/seo/local/index.html]
[www.straightnorth.com/sites/default/files/styles/498x126/public/2_23a5ba.jpg]
[www.straightnorth.com/services/seo/national/index.html]
[www.straightnorth.com/sites/default/files/styles/300x200/public/austin381d9.jpg]
[www.straightnorth.com/services/seo/small-business/index.html]
[www.straightnorth.com/sites/default/files/styles/300x200/public/chairbda6.jpg]
[www.straightnorth.com/services/seo/ecommerce/index.html]
[www.straightnorth.com/services/seo/enterprise/index.html]
[www.straightnorth.com/services/seo/google-penalty-recovery/index.html]
[www.straightnorth.com/sites/default/files/styles/300x200/public/cha copy753d.jpg]
[www.straightnorth.com/services/seo/monthly-services/index.html]
[www.straightnorth.com/sites/default/files/styles/300x200/public/lhylhaf53.jpg]
[www.straightnorth.com/services/seo/professional/index.html]
[www.straightnorth.com/sites/default/files/styles/300x200/public/denver_08a5d.jpg]
[www.straightnorth.com/services/seo/consulting/index.html]
[www.straightnorth.com/services/seo/experts/index.html]
[www.straightnorth.com/sites/default/files/styles/300x200/public/los-angeles357a0.jpg]
[www.straightnorth.com/services/seo/link-building/index.html]
[www.straightnorth.com/services/ppc-management/pricing/index.html]
[www.straightnorth.com/sites/default/files/styles/300x200/public/newyork3420d.jpg]
[www.straightnorth.com/services/ppc-management/free-audit/index.html]
[www.straightnorth.com/sites/default/files/styles/300x200/public/dc2261.jpg]
[www.straightnorth.com/services/ppc-management/e-commerce/index.html]
[www.straightnorth.com/sites/default/files/seo_24_0_1.png]
[www.straightnorth.com/sites/default/files/3_1.jpg]
[www.straightnorth.com/services/ppc-management/production/google-adwords/index.html]
[www.straightnorth.com/sites/default/files/6_1.jpg]
[www.straightnorth.com/services/seo/index.html]
[www.straightnorth.com/services/ppc-management/consulting/index.html]
[www.straightnorth.com/sites/default/files/DG4A2193_0.jpg]
[www.straightnorth.com/free-display-audit/index.html]
[www.straightnorth.com/sites/default/files/styles/270x268/public/3_2dc55.jpg]
[www.straightnorth.com/services/display/strategy/retargeting/index.html]
[www.straightnorth.com/services/display/social/index.html]
[www.straightnorth.com/sites/default/files/styles/498x126/public/11_1d30a.jpg]
[www.straightnorth.com/services/email-marketing/small-business/index.html]
[www.straightnorth.com/sites/default/files/styles/498x126/public/2_0bbc7.jpg]
[www.straightnorth.com/services/custom-web-design/index.html]
[www.straightnorth.com/services/custom-web-design/pricing/index.html]
[www.straightnorth.com/sites/default/files/styles/300x200/public/austinnnn7774.jpg]
[www.straightnorth.com/services/custom-web-design/small-business/index.html]
[www.straightnorth.com/services/custom-web-design/corporate/index.html]
[www.straightnorth.com/sites/default/files/styles/300x200/public/puhouh8657.jpg]
[www.straightnorth.com/services/custom-web-design/b2b/index.html]
[www.straightnorth.com/sites/default/files/styles/300x200/public/chab5e5.jpg]
[www.straightnorth.com/services/custom-web-design/professional/index.html]
[www.straightnorth.com/sites/default/files/styles/300x200/public/chicago6e884.jpg]
[www.straightnorth.com/sites/default/files/styles/300x200/public/denver46888.jpg]
[www.straightnorth.com/services/custom-web-design/wordpress/index.html]
[www.straightnorth.com/services/custom-web-design/drupal/index.html]
[www.straightnorth.com/services/custom-web-design/seo/index.html]
[www.straightnorth.com/sites/default/files/styles/300x200/public/los-angelesc55a.jpg]
[www.straightnorth.com/services/custom-web-design/mobile-responsive/index.html]
[www.straightnorth.com/services/custom-web-design/development/index.html]
[www.straightnorth.com/sites/default/files/styles/300x200/public/newyork4f913.jpg]
[www.straightnorth.com/services/graphic-design/services/index.html]
[www.straightnorth.com/sites/default/files/ppc_12_1.png]
[www.straightnorth.com/services/graphic-design/pricing/index.html]
[www.straightnorth.com/sites/default/files/3_2.jpg]
[www.straightnorth.com/markets/agricultural/index.html]
[www.straightnorth.com/sites/default/files/1_18.jpg]
[www.straightnorth.com/services/ppc-management/index.html]
[www.straightnorth.com/markets/logistics-supply-chain/index.html]
[www.straightnorth.com/markets/automotive/index.html]
[www.straightnorth.com/sites/default/files/DG4A2229_0.jpg]
[www.straightnorth.com/sites/default/files/1-sales-leads.png]
[www.straightnorth.com/markets/aviation/index.html]
[www.straightnorth.com/markets/manufacturing/index.html]
[www.straightnorth.com/markets/marine/index.html]
[www.straightnorth.com/sites/default/files/2-factors.png]
[www.straightnorth.com/markets/business-services/index.html]
[www.straightnorth.com/sites/default/files/3-responsive-web.png]
[www.straightnorth.com/markets/medical-health/index.html]
[www.straightnorth.com/sites/default/files/styles/270x268/public/2_19277.jpg]
[www.straightnorth.com/markets/construction/index.html]
[www.straightnorth.com/sites/default/files/styles/498x126/public/10_1b860.jpg]
[www.straightnorth.com/markets/nonprofit/index.html]
[www.straightnorth.com/markets/education/index.html]
[www.straightnorth.com/sites/default/files/display_0_1.png]
[www.straightnorth.com/markets/personal-services/index.html]
[www.straightnorth.com/sites/default/files/bluepay-logo_1_0.png]
[www.straightnorth.com/markets/entertainment-recreation/index.html]
[www.straightnorth.com/sites/default/files/bptest.png]
[www.straightnorth.com/markets/packaging/index.html]
[www.straightnorth.com/sites/default/files/10_5.jpg]
[www.straightnorth.com/markets/financial-services/index.html]
[www.straightnorth.com/sites/default/files/12_4.jpg]
[www.straightnorth.com/services/display/index.html]
[www.straightnorth.com/markets/pharmaceutical/index.html]
[www.straightnorth.com/markets/food-beverage/index.html]
[www.straightnorth.com/markets/professional-services/index.html]
[www.straightnorth.com/markets/franchise/index.html]
[www.straightnorth.com/sites/default/files/DG4A2010_0.jpg]
[www.straightnorth.com/markets/real-estate/index.html]
[www.straightnorth.com/sites/default/files/8-employees.png]
[www.straightnorth.com/markets/home-services/index.html]
[www.straightnorth.com/sites/default/files/9-project-managers.png]
[www.straightnorth.com/markets/retail-ecommerce/index.html]
[www.straightnorth.com/sites/default/files/1-success.png]
[www.straightnorth.com/markets/hr-recruiting/index.html]
[www.straightnorth.com/sites/default/files/styles/270x268/public/3_102f9.jpg]
[www.straightnorth.com/markets/industrial/index.html]
[www.straightnorth.com/sites/default/files/styles/498x126/public/10_43a8b.jpg]
[www.straightnorth.com/sites/default/files/styles/498x126/public/9_0773a.jpg]
[www.straightnorth.com/markets/software-tech/index.html]
[www.straightnorth.com/markets/legal/index.html]
[www.straightnorth.com/sites/default/files/styles/300x200/public/aus22e3.jpg]
[www.straightnorth.com/markets/tourism-hospitality/index.html]
[www.straightnorth.com/markets/sports-athletics/index.html]
[www.straightnorth.com/sites/default/files/styles/300x200/public/location-baltimore_5ac7a.jpg]
[www.straightnorth.com/case-studies/seo/index.html]
[www.straightnorth.com/sites/default/files/styles/300x200/public/chardfd4.jpg]
[www.straightnorth.com/case-studies/ppc/index.html]
[www.straightnorth.com/case-studies/email/index.html]
[www.straightnorth.com/sites/default/files/styles/300x200/public/j;j;b752.jpg]
[www.straightnorth.com/case-studies/website/index.html]
[www.straightnorth.com/blog/index.html]
[www.straightnorth.com/sites/default/files/styles/300x200/public/80e573.jpg]
[www.straightnorth.com/company/reviews/index.html]
[www.straightnorth.com/sites/default/files/styles/300x200/public/los-angeles45d09.jpg]
[www.straightnorth.com/company/careers/index.html]
[www.straightnorth.com/company/leadership/index.html]
[www.straightnorth.com/sites/default/files/styles/300x200/public/ljhvlhvld512.jpg]
[www.straightnorth.com/company/locations/index.html]
[www.straightnorth.com/sites/default/files/styles/300x200/public/locations_1d3c3.jpg]
[www.straightnorth.com/sites/default/files/email_3.png]
[www.straightnorth.com/company/news/index.html]
[www.straightnorth.com/company/giving-back/index.html]
[www.straightnorth.com/sites/default/files/grovedental-logo_1.png]
[www.straightnorth.com/company/behind-the-scenes/index.html]
[www.straightnorth.com/company/partners/index.html]
[www.straightnorth.com/sites/default/files/darla-headshot-cutout.png]
[www.straightnorth.com/company/acquisitions/index.html]
[www.straightnorth.com/sites/default/files/2_22.jpg]
[www.straightnorth.com/services/email-marketing/index.html]
[www.straightnorth.com/services/online-marketing/index.html]
[www.straightnorth.com/company/referral-program/index.html]
[www.straightnorth.com/sites/default/files/seo-ppc.jpg]
[www.straightnorth.com/locations/chicago-il/seo/index.html]
[www.straightnorth.com/sites/default/files/styles/270x268/public/6_16e05.jpg]
[www.straightnorth.com/locations/charlotte-nc/seo/index.html]
[www.straightnorth.com/locations/baltimore-md/seo/index.html]
[www.straightnorth.com/locations/washington-dc/seo/index.html]
[www.straightnorth.com/sites/default/files/styles/498x126/public/7_206d1.jpg]
[www.straightnorth.com/locations/austin/index.html]
[www.straightnorth.com/sites/default/files/styles/498x126/public/6_184bf6.jpg]
[www.straightnorth.com/locations/baltimore-md/index.html]
[www.straightnorth.com/locations/charlotte-nc/index.html]
[www.straightnorth.com/sites/default/files/styles/300x200/public/austin_0200b.jpg]
[www.straightnorth.com/locations/chicago-il/index.html]
[www.straightnorth.com/sites/default/files/styles/300x200/public/boltimor3413.jpg]
[www.straightnorth.com/locations/denver/index.html]
[www.straightnorth.com/sites/default/files/styles/300x200/public/locations_3d7ff.jpg]
[www.straightnorth.com/locations/los-angeles/index.html]
[www.straightnorth.com/locations/new-york/index.html]
[www.straightnorth.com/sites/default/files/styles/300x200/public/chicago2535b.jpg]
[www.straightnorth.com/locations/washington-dc/index.html]
[www.straightnorth.com/sites/default/files/styles/300x200/public/j;j;j889f.jpg]
[www.straightnorth.com/make-every-click-count/index.html]
[www.straightnorth.com/privacy-policy/index.html]
[www.straightnorth.com/sites/default/files/styles/300x200/public/los-angeles2731f.jpg]
[www.straightnorth.com/sitemap/index.html]
[www.straightnorth.com/terms-use/index.html]
[www.straightnorth.com/sites/default/files/styles/300x200/public/locations5989.jpg]
[www.straightnorth.com/node/3507/index.html]
[www.straightnorth.com/sites/default/files/styles/300x200/public/washington223d0.jpg]
[www.straightnorth.com/node/4112/index.html]
[www.straightnorth.com/locations/denver/seo/index.html]
[www.straightnorth.com/locations/austin/seo/index.html]
[www.straightnorth.com/sites/default/files/design_1_1.png]
[www.straightnorth.com/locations/los-angeles/seo/index.html]
[www.straightnorth.com/sites/default/files/1_1.jpg]
[www.straightnorth.com/services/graphic-design/index.html]
[www.straightnorth.com/services/websites/web-design/index.html]
[www.straightnorth.com/locations/new-york/seo/index.html]
[www.straightnorth.com/services/seo/b2b/index.html]
[www.straightnorth.com/services/seo/research/index.html]
[www.straightnorth.com/markets/index.html]
[www.straightnorth.com/services/seo/strategy/index.html]
[www.straightnorth.com/services/seo/production/index.html]
[www.straightnorth.com/services/seo/tracking/index.html]
[www.straightnorth.com/services/seo/reporting/index.html]
[www.straightnorth.com/sites/default/files/cs-graph-icon-01.png]
[www.straightnorth.com/node/4120/index.html]
[www.straightnorth.com/locations/austin/ppc/index.html]
[www.straightnorth.com/sites/default/files/cs-quote-icon-01.png]
[www.straightnorth.com/locations/charlotte-nc/ppc/index.html]
[www.straightnorth.com/locations/baltimore-md/ppc/index.html]
[www.straightnorth.com/locations/chicago-il/ppc/index.html]
[www.straightnorth.com/sites/default/files/cs-img-seo-01.jpg]
[www.straightnorth.com/locations/los-angeles/ppc/index.html]
[www.straightnorth.com/sites/default/files/cs-img-ppc-01.jpg]
[www.straightnorth.com/locations/denver/ppc/index.html]
[www.straightnorth.com/locations/new-york/ppc/index.html]
[www.straightnorth.com/sites/default/files/cs-img-display-01.jpg]
[www.straightnorth.com/locations/washington-dc/ppc/index.html]
[www.straightnorth.com/sites/default/files/cs-img-email-01.jpg]
[www.straightnorth.com/services/ppc-management/ppc-automation/index.html]
[www.straightnorth.com/services/ppc-management/research/index.html]
[www.straightnorth.com/sites/default/files/cs-img-bottom-01.jpg]
[www.straightnorth.com/case-studies/index.html]
[www.straightnorth.com/services/ppc-management/strategy/index.html]
[www.straightnorth.com/services/ppc-management/production/index.html]
[www.straightnorth.com/services/ppc-management/tracking/index.html]
[www.straightnorth.com/services/ppc-management/testing/index.html]
[www.straightnorth.com/sites/default/files/styles/portfolio-285/public/SPOT-dark-logo5a61.png]
[www.straightnorth.com/sites/default/files/styles/portfolio-285/public/SPOT-white-logo2f97.png]
[www.straightnorth.com/services/ppc-management/reporting/index.html]
[www.straightnorth.com/sites/default/files/styles/portfolio-285/public/taisei-dark-logo1014.png]
[www.straightnorth.com/sites/default/files/styles/portfolio-285/public/taisei-white-logo07ac.png]
[www.straightnorth.com/services/ppc-management/optimization/index.html]
[www.straightnorth.com/sites/default/files/styles/portfolio-285/public/pascal-engineering-dark-logo9820.png]
[www.straightnorth.com/sites/default/files/styles/portfolio-285/public/pascal-engineering-white-logob2aa.png]
[www.straightnorth.com/sites/default/files/styles/portfolio-285/public/ce-group-dark-logobaee.png]
[www.straightnorth.com/infographics/lead-validation/index.html]
[www.straightnorth.com/sites/default/files/styles/portfolio-285/public/ce-group-white-logo3ec6.png]
[www.straightnorth.com/sites/default/files/styles/portfolio-285/public/tab-service-dark-logof500.png]
[www.straightnorth.com/sites/default/files/styles/portfolio-285/public/tab-service-white-logo9a1e.png]
[www.straightnorth.com/sites/default/files/styles/portfolio-285/public/msllc-wealth-dark-logo5c09.png]
[www.straightnorth.com/sites/default/files/styles/portfolio-285/public/msllc-wealth-white-logo8dad.png]
[www.straightnorth.com/sites/default/files/styles/portfolio-285/public/fe-moran-dark-logo8624.png]
[www.straightnorth.com/sites/default/files/styles/portfolio-285/public/fe-moran-white-logo69b0.png]
[www.straightnorth.com/node/4129/index.html]
[www.straightnorth.com/sites/default/files/styles/portfolio-285/public/timetech-dark-logo19aa.png]
[www.straightnorth.com/sites/default/files/styles/portfolio-285/public/timetech-white-logo617e.png]
[www.straightnorth.com/sites/default/files/styles/portfolio-285/public/ams-fulfillment-dark-logo7302.png]
[www.straightnorth.com/sites/default/files/styles/portfolio-285/public/ams-fulfillment-white-logoa793.png]
[www.straightnorth.com/sites/default/files/styles/portfolio-285/public/suburban-tire-dark-logoc545.png]
[www.straightnorth.com/services/display/research/index.html]
[www.straightnorth.com/sites/default/files/styles/portfolio-285/public/suburban-tire-white-logo7c95.png]
[www.straightnorth.com/sites/default/files/styles/portfolio-285/public/weco-dark-logo7a22.png]
[www.straightnorth.com/sites/default/files/styles/portfolio-285/public/weco-white-logoa5e0.png]
[www.straightnorth.com/services/display/strategy/index.html]
[www.straightnorth.com/sites/default/files/styles/portfolio-285/public/fmh-dark-logo1a76.png]
[www.straightnorth.com/sites/default/files/styles/portfolio-285/public/fmh-white-logoda49.png]
[www.straightnorth.com/sites/default/files/styles/portfolio-285/public/crosswindvoip-dark-logoc3de.png]
[www.straightnorth.com/sites/default/files/styles/portfolio-285/public/crosswindvoip-white-logo262b.png]
[www.straightnorth.com/services/display/production/index.html]
[www.straightnorth.com/sites/default/files/styles/portfolio-285/public/soldy-dark-logoc6b4.png]
[www.straightnorth.com/sites/default/files/styles/portfolio-285/public/soldy-white-logo487e.png]
[www.straightnorth.com/sites/default/files/styles/portfolio-285/public/penner-bathing-dark-logoa11f.png]
[www.straightnorth.com/services/display/tracking/index.html]
[www.straightnorth.com/sites/default/files/styles/portfolio-285/public/penner-bathing-white-logoe5ee.png]
[www.straightnorth.com/sites/default/files/styles/portfolio-285/public/storflex-dark-logo9979.png]
[www.straightnorth.com/sites/default/files/styles/portfolio-285/public/storflex-white-logo5476.png]
[www.straightnorth.com/sites/default/files/styles/portfolio-285/public/wastequip-dark-logoad3a.png]
[www.straightnorth.com/sites/default/files/styles/portfolio-285/public/wastequip-white-logo2b56.png]
[www.straightnorth.com/sites/default/files/styles/portfolio-285/public/nationa-underground-dark-logo4a00.png]
[www.straightnorth.com/sites/default/files/styles/portfolio-285/public/nationa-underground-white-logo4e26.png]
[www.straightnorth.com/services/display/testing/index.html]
[www.straightnorth.com/sites/default/files/styles/portfolio-285/public/new-england-garage-dark-logo5626.png]
[www.straightnorth.com/sites/default/files/styles/portfolio-285/public/new-england-garage-white-logo2e80.png]
[www.straightnorth.com/sites/default/files/styles/portfolio-285/public/nvenia-dark-logoaa18.png]
[www.straightnorth.com/sites/default/files/styles/portfolio-285/public/nvenia-white-logoe2cc.png]
[www.straightnorth.com/services/display/reporting/index.html]
[www.straightnorth.com/sites/default/files/styles/portfolio-285/public/Toter-dark-logo94d5.png]
[www.straightnorth.com/sites/default/files/styles/portfolio-285/public/Toter-white-logobe97.png]
[www.straightnorth.com/sites/default/files/styles/portfolio-285/public/aspen-valley-dark-logo37c7.png]
[www.straightnorth.com/sites/default/files/styles/portfolio-285/public/aspen-valley-white-logoabb0.png]
[www.straightnorth.com/sites/default/files/styles/portfolio-285/public/performance-card-dark-logo8d5d.png]
[www.straightnorth.com/services/display/optimization/index.html]
[www.straightnorth.com/sites/default/files/styles/portfolio-285/public/performance-card-white-logobb03.png]
[www.straightnorth.com/sites/default/files/styles/portfolio-285/public/zaptat-dark-logo90a0.png]
[www.straightnorth.com/sites/default/files/styles/portfolio-285/public/zaptat-white-logob06c.png]
[www.straightnorth.com/services/display/consulting/index.html]
[www.straightnorth.com/sites/default/files/styles/portfolio-285/public/mitsui-plastics-dark-logod189.png]
[www.straightnorth.com/sites/default/files/styles/portfolio-285/public/mitsui-plastics-white-logo3c1b.png]
[www.straightnorth.com/sites/default/files/styles/portfolio-285/public/klein-dark-logof525.png]
[www.straightnorth.com/sites/default/files/styles/portfolio-285/public/klein-white-logo058a.png]
[www.straightnorth.com/sites/default/files/styles/portfolio-285/public/options-health-dark-logoa33f.png]
[www.straightnorth.com/sites/default/files/styles/portfolio-285/public/options-health-white-logob35c.png]
[www.straightnorth.com/sites/default/files/styles/portfolio-285/public/portabull-dark-logo914c.png]
[www.straightnorth.com/sites/default/files/styles/portfolio-285/public/portabull-white-logod592.png]
[www.straightnorth.com/sites/default/files/styles/portfolio-285/public/wastequipWRX-dark-logod1fa.png]
[www.straightnorth.com/sites/default/files/styles/portfolio-285/public/wastequipWRX-white-logo0c71.png]
[www.straightnorth.com/sites/default/files/styles/portfolio-285/public/steel-Obrian-dark-logod69a.png]
[www.straightnorth.com/sites/default/files/styles/portfolio-285/public/steel-Obrian-white-logod8dd.png]
[www.straightnorth.com/portfolio/index.html]
[www.straightnorth.com/sites/default/files/logo-lg-insights-01.png]
[www.straightnorth.com/sites/default/files/hamburger-insights-01.png]
[www.straightnorth.com/sites/default/files/styles/blog_preview_comp/public/LGI-instagram-may-square-35681.jpg]
[www.straightnorth.com/locations/austin/email-marketing/index.html]
[www.straightnorth.com/node/801/index.html]
[www.straightnorth.com/locations/baltimore-md/email/index.html]
[www.straightnorth.com/sites/default/files/styles/blog_preview_comp/public/header-LGIf170.jpg]
[www.straightnorth.com/locations/charlotte-nc/email/index.html]
[www.straightnorth.com/locations/chicago-il/email/index.html]
[www.straightnorth.com/sites/default/files/styles/blog_preview_comp/public/click-triggers-header2a7f.jpg]
[www.straightnorth.com/sites/default/files/styles/blog_preview_comp/public/shutterstock_187399958_LGIdac7.jpg]
[www.straightnorth.com/locations/denver/email-marketing/index.html]
[www.straightnorth.com/locations/los-angeles/email-marketing/index.html]
[www.straightnorth.com/sites/default/files/styles/blog_preview_comp/public/banner_26Mar_LGI7611.jpg]
[www.straightnorth.com/locations/washington-dc/email/index.html]
[www.straightnorth.com/locations/new-york/email-marketing/index.html]
[www.straightnorth.com/sites/default/files/styles/blog_preview_comp/public/closing_sales_LGI_headerdafb.jpg]
[www.straightnorth.com/sites/default/files/styles/blog_preview_comp/public/Jan2320-LGI4e67.jpg]
[www.straightnorth.com/services/email-marketing/research/index.html]
[www.straightnorth.com/sites/default/files/styles/blog_preview_comp/public/predictions-banner4106.jpg]
[www.straightnorth.com/services/email-marketing/strategy/index.html]
[www.straightnorth.com/services/email-marketing/production/index.html]
[www.straightnorth.com/sites/default/files/styles/blog_preview_comp/public/sales-market-banner_019b2.jpg]
[www.straightnorth.com/services/email-marketing/tracking/index.html]
[www.straightnorth.com/services/email-marketing/testing/index.html]
[www.straightnorth.com/sites/default/files/styles/blog_preview_comp/public/shutterstock_1319027441-LGI885e.jpg]
[www.straightnorth.com/services/email-marketing/reporting/index.html]
[www.straightnorth.com/services/email-marketing/optimization/index.html]
[www.straightnorth.com/insights/index.html]
[www.straightnorth.com/services/google-analytics/index.html]
[www.straightnorth.com/sites/default/files/company-cont-hh-01.jpg]
[www.straightnorth.com/services/email-marketing/consulting/index.html]
[www.straightnorth.com/services/custom-web-design/conversion-optimization/index.html]
[www.straightnorth.com/sites/default/files/company-cont-snt-01.jpg]
[www.straightnorth.com/company/index.html]
[www.straightnorth.com/case-studies/email/grove-dental-associates/index.html]
[www.straightnorth.com/request-quote/index.html]
[www.straightnorth.com/sites/default/files/styles/300x200/public/best-of-lgic7a2.png]
[www.straightnorth.com/sites/default/files/styles/300x200/public/default_images/temp-img-mrk-resb8c8.png]
[www.straightnorth.com/node/3071/index.html]
[www.straightnorth.com/sites/default/files/styles/300x200/public/27fe2d.png]
[www.straightnorth.com/locations/austin/graphic-design/index.html]
[www.straightnorth.com/sites/default/files/styles/300x200/public/264715.jpg]
[www.straightnorth.com/sites/default/files/styles/300x200/public/252cc2.jpg]
[www.straightnorth.com/sites/default/files/styles/300x200/public/240ed7.jpg]
[www.straightnorth.com/sites/default/files/styles/300x200/public/23c6a8.jpg]
[www.straightnorth.com/locations/baltimore-md/graphic-design/index.html]
[www.straightnorth.com/sites/default/files/styles/300x200/public/22_049b1.jpg]
[www.straightnorth.com/sites/default/files/styles/300x200/public/21_08169.jpg]
[www.straightnorth.com/sites/default/files/styles/300x200/public/20_1f42d.jpg]
[www.straightnorth.com/sites/default/files/styles/300x200/public/19_022f3.jpg]
[www.straightnorth.com/sites/default/files/styles/300x200/public/18_0585a.jpg]
[www.straightnorth.com/sites/default/files/styles/300x200/public/01311d.jpg]
[www.straightnorth.com/locations/charlotte-nc/graphic-design/index.html]
[www.straightnorth.com/sites/default/files/styles/300x200/public/14_0145f.jpg]
[www.straightnorth.com/sites/default/files/styles/300x200/public/027478.jpg]
[www.straightnorth.com/locations/chicago-il/graphic-design/index.html]
[www.straightnorth.com/sites/default/files/styles/300x200/public/03edc4.jpg]
[www.straightnorth.com/sites/default/files/styles/300x200/public/04496e.jpg]
[www.straightnorth.com/sites/default/files/styles/300x200/public/15_0217a.jpg]
[www.straightnorth.com/sites/default/files/styles/300x200/public/052a1b.jpg]
[www.straightnorth.com/sites/default/files/styles/300x200/public/0674ca.jpg]
[www.straightnorth.com/sites/default/files/styles/300x200/public/07a724.jpg]
[www.straightnorth.com/locations/denver/graphic-design/index.html]
[www.straightnorth.com/sites/default/files/styles/300x200/public/08447c.jpg]
[www.straightnorth.com/sites/default/files/styles/300x200/public/097c5f.jpg]
[www.straightnorth.com/sites/default/files/styles/300x200/public/10_0fe8d.jpg]
[www.straightnorth.com/locations/los-angeles/graphic-design/index.html]
[www.straightnorth.com/sites/default/files/styles/300x200/public/16_09ef8.jpg]
[www.straightnorth.com/sites/default/files/styles/300x200/public/11_0f85d.jpg]
[www.straightnorth.com/sites/default/files/styles/300x200/public/12_01ab0.jpg]
[www.straightnorth.com/sites/default/files/styles/300x200/public/13_08897.jpg]
[www.straightnorth.com/sites/default/files/styles/300x200/public/17_0ec66.jpg]
[www.straightnorth.com/company/marketing-resources/index.html]
[www.straightnorth.com/faq/index.html]
[www.straightnorth.com/locations/new-york/graphic-design/index.html]
[www.straightnorth.com/tools/index.html]
[www.straightnorth.com/locations/washington-dc/graphic-design/index.html]
[www.straightnorth.com/sites/default/files/styles/270x268/public/2_2222fb.jpg]
[www.straightnorth.com/node/3508/index.html]
[www.straightnorth.com/markets/automotive/auto-parts/index.html]
[www.straightnorth.com/markets/automotive/auto-repair/index.html]
[www.straightnorth.com/sites/default/files/styles/498x126/public/8_2e390.jpg]
[www.straightnorth.com/services/seo/pricing/index.html]
[www.straightnorth.com/markets/automotive/limo/index.html]
[www.straightnorth.com/markets/automotive/car-wash/index.html]
[www.straightnorth.com/markets/automotive/car-dealer/index.html]
[www.straightnorth.com/markets/business-services/call-center/index.html]
[cdn.mysiteauditor.com/audit-tool.js]
[www.straightnorth.com/sites/default/files/audio-seo-one-comp-01_0.png]
[www.straightnorth.com/markets/business-services/telecom/index.html]
[www.straightnorth.com/markets/construction/contractor/index.html]
[www.straightnorth.com/sites/default/files/audit-seo-two-sn-01_0.png]
[www.straightnorth.com/markets/construction/architecture/index.html]
[www.straightnorth.com/markets/construction/electrician/index.html]
[www.straightnorth.com/markets/construction/flooring/index.html]
[www.straightnorth.com/sites/default/files/audit-seo-two-analysis-01_0.png]
[www.straightnorth.com/markets/construction/home-builder/index.html]
[www.straightnorth.com/markets/construction/home-improvement/index.html]
[www.straightnorth.com/markets/construction/hvac/index.html]
[www.straightnorth.com/sites/default/files/audit-seo-body-img-02_0.jpg]
[www.straightnorth.com/free-seo-audit/index.html]
[www.straightnorth.com/markets/construction/interior-design/index.html]
[www.straightnorth.com/markets/construction/plumber/index.html]
[www.straightnorth.com/markets/construction/solar/index.html]
[www.straightnorth.com/markets/construction/roofing/index.html]
[www.straightnorth.com/sites/default/files/DG4A2306.jpg]
[www.straightnorth.com/markets/education/college/index.html]
[www.straightnorth.com/markets/education/online-school/index.html]
[www.straightnorth.com/sites/default/files/styles/270x268/public/1_12f18.jpg]
[www.straightnorth.com/sites/default/files/styles/498x126/public/5_17edfb.jpg]
[www.straightnorth.com/markets/education/school/index.html]
[www.straightnorth.com/markets/education/higher-education/index.html]
[www.straightnorth.com/sites/default/files/Gamber-Johnson-logo.png]
[www.straightnorth.com/sites/default/files/dennis-tan.png]
[www.straightnorth.com/sites/default/files/11_4.jpg]
[www.straightnorth.com/services/seo/local/index.html]
[www.straightnorth.com/markets/entertainment-recreation/casinos/index.html]
[www.straightnorth.com/markets/education/tutor/index.html]
[www.straightnorth.com/markets/entertainment-recreation/fishing/index.html]
[www.straightnorth.com/markets/entertainment-recreation/hunting/index.html]
[www.straightnorth.com/markets/entertainment-recreation/movie/index.html]
[www.straightnorth.com/sites/default/files/DG4A2401.jpg]
[www.straightnorth.com/sites/default/files/styles/270x268/public/7_10de4.jpg]
[www.straightnorth.com/sites/default/files/styles/498x126/public/11_3f8dd.jpg]
[www.straightnorth.com/markets/entertainment-recreation/music/index.html]
[www.straightnorth.com/markets/financial-services/accounting/index.html]
[www.straightnorth.com/sites/default/files/10_2.jpg]
[www.straightnorth.com/markets/financial-services/bank/index.html]
[www.straightnorth.com/sites/default/files/5_0.jpg]
[www.straightnorth.com/services/seo/national/index.html]
[www.straightnorth.com/markets/financial-services/credit-union/index.html]
[www.straightnorth.com/markets/financial-services/financial-advisor/index.html]
[www.straightnorth.com/sites/default/files/image05.jpg]
[www.straightnorth.com/markets/financial-services/loan/index.html]
[www.straightnorth.com/markets/financial-services/insurance/index.html]
[www.straightnorth.com/markets/financial-services/investment/index.html]
[www.straightnorth.com/markets/food-beverage/bars/index.html]
[www.straightnorth.com/sites/default/files/styles/498x126/public/1_045bd.jpg]
[www.straightnorth.com/markets/financial-services/private-equity/index.html]
[www.straightnorth.com/markets/food-beverage/beer/index.html]
[www.straightnorth.com/markets/financial-services/payroll/index.html]
[www.straightnorth.com/sites/default/files/styles/498x126/public/7_08ae7.jpg]
[www.straightnorth.com/sites/default/files/2_1.jpg]
[www.straightnorth.com/services/seo/small-business/index.html]
[www.straightnorth.com/markets/food-beverage/wine/index.html]
[www.straightnorth.com/markets/food-beverage/restaurant/index.html]
[www.straightnorth.com/markets/home-services/carpet-cleaning/index.html]
[www.straightnorth.com/markets/home-services/daycare/index.html]
[www.straightnorth.com/markets/home-services/dry-cleaning/index.html]
[www.straightnorth.com/sites/default/files/image04.jpg]
[www.straightnorth.com/sites/default/files/styles/270x268/public/12_4aaef.jpg]
[www.straightnorth.com/markets/home-services/landscaping/index.html]
[www.straightnorth.com/markets/home-services/lawn-care/index.html]
[www.straightnorth.com/markets/home-services/cleaning/index.html]
[www.straightnorth.com/markets/home-services/life-coach/index.html]
[www.straightnorth.com/sites/default/files/styles/498x126/public/8_0da2a.jpg]
[www.straightnorth.com/markets/home-services/pest-control/index.html]
[www.straightnorth.com/sites/default/files/styles/498x126/public/1_193d61.jpg]
[www.straightnorth.com/services/seo/ecommerce/index.html]
[www.straightnorth.com/markets/home-services/pet-sitting/index.html]
[www.straightnorth.com/markets/hr-recruiting/executive-search/index.html]
[www.straightnorth.com/sites/default/files/seo-03.jpg]
[www.straightnorth.com/markets/hr-recruiting/recruitment/index.html]
[www.straightnorth.com/markets/legal/attorney/index.html]
[www.straightnorth.com/sites/default/files/styles/270x268/public/10_266c5.jpg]
[www.straightnorth.com/sites/default/files/2_2.jpg]
[www.straightnorth.com/markets/legal/law-firm/index.html]
[www.straightnorth.com/services/seo/enterprise/index.html]
[www.straightnorth.com/markets/legal/lawyer/index.html]
[www.straightnorth.com/markets/logistics-supply-chain/forklift/index.html]
[www.straightnorth.com/markets/legal/personal-injury/index.html]
[www.straightnorth.com/sites/default/files/DG4A2081_0.jpg]
[www.straightnorth.com/markets/logistics-supply-chain/trucking/index.html]
[www.straightnorth.com/markets/medical-health/acupuncturist/index.html]
[www.straightnorth.com/sites/default/files/styles/270x268/public/2_26535.jpg]
[www.straightnorth.com/markets/medical-health/assisted-living/index.html]
[www.straightnorth.com/sites/default/files/9_4.jpg]
[www.straightnorth.com/services/seo/google-penalty-recovery/index.html]
[www.straightnorth.com/markets/medical-health/cardiology/index.html]
[www.straightnorth.com/sites/default/files/image03.jpg]
[www.straightnorth.com/markets/medical-health/dentist/index.html]
[www.straightnorth.com/markets/medical-health/dermatology/index.html]
[www.straightnorth.com/markets/medical-health/chiropractor/index.html]
[www.straightnorth.com/sites/default/files/styles/498x126/public/6_0642f.jpg]
[www.straightnorth.com/services/seo/monthly-services/index.html]
[www.straightnorth.com/markets/medical-health/doctor/index.html]
[www.straightnorth.com/markets/medical-health/fitness/index.html]
[www.straightnorth.com/markets/medical-health/funeral-homes/index.html]
[www.straightnorth.com/markets/medical-health/gym/index.html]
[www.straightnorth.com/sites/default/files/DG4A2026_0.jpg]
[www.straightnorth.com/markets/medical-health/hospital/index.html]
[www.straightnorth.com/markets/medical-health/practice/index.html]
[www.straightnorth.com/markets/medical-health/mental-health/index.html]
[www.straightnorth.com/sites/default/files/styles/498x126/public/3_00f54.jpg]
[www.straightnorth.com/markets/medical-health/ob-gyn/index.html]
[www.straightnorth.com/markets/medical-health/personal-trainer/index.html]
[www.straightnorth.com/markets/medical-health/orthopedic/index.html]
[www.straightnorth.com/markets/medical-health/plastic-surgery/index.html]
[www.straightnorth.com/markets/medical-health/physician/index.html]
[www.straightnorth.com/markets/medical-health/rehab/index.html]
[www.straightnorth.com/markets/medical-health/podiatry/index.html]
[www.straightnorth.com/markets/medical-health/senior-living/index.html]
[www.straightnorth.com/markets/medical-health/supplement/index.html]
[www.straightnorth.com/services/seo/professional/index.html]
[www.straightnorth.com/services/seo/consulting/index.html]
[www.straightnorth.com/markets/nonprofit/charities/index.html]
[www.straightnorth.com/markets/personal-services/churches/index.html]
[www.straightnorth.com/markets/medical-health/veterinary/index.html]
[www.straightnorth.com/markets/personal-services/photographers/index.html]
[www.straightnorth.com/sites/default/files/styles/270x268/public/5_08f2b.jpg]
[www.straightnorth.com/markets/personal-services/salon/index.html]
[www.straightnorth.com/markets/personal-services/dj/index.html]
[www.straightnorth.com/sites/default/files/styles/498x126/public/12_3f61a.jpg]
[www.straightnorth.com/markets/personal-services/spa/index.html]
[www.straightnorth.com/markets/real-estate/apartment/index.html]
[www.straightnorth.com/sites/default/files/7_1.jpg]
[www.straightnorth.com/services/seo/experts/index.html]
[www.straightnorth.com/markets/real-estate/home-inspector/index.html]
[www.straightnorth.com/markets/real-estate/realtor/index.html]
[www.straightnorth.com/sites/default/files/seo-07.jpg]
[www.straightnorth.com/markets/real-estate/property-management/index.html]
[www.straightnorth.com/markets/retail-ecommerce/clothing/index.html]
[www.straightnorth.com/markets/retail-ecommerce/ecommerce/index.html]
[www.straightnorth.com/sites/default/files/styles/498x126/public/4_35ed71.jpg]
[www.straightnorth.com/markets/retail-ecommerce/electronics/index.html]
[www.straightnorth.com/sites/default/files/12_2.jpg]
[www.straightnorth.com/services/seo/link-building/index.html]
[www.straightnorth.com/markets/retail-ecommerce/luxury-brands/index.html]
[www.straightnorth.com/markets/software-tech/computer-repair/index.html]
[www.straightnorth.com/markets/software-tech/it-services/index.html]
[www.straightnorth.com/sites/default/files/DG4A2052_0.jpg]
[www.straightnorth.com/services/ppc-management/pricing/index.html]
[www.straightnorth.com/markets/software-tech/web-hosting/index.html]
[www.straightnorth.com/markets/sports-athletics/golf/index.html]
[www.straightnorth.com/markets/tourism-hospitality/hotels/index.html]
[www.straightnorth.com/markets/tourism-hospitality/resort/index.html]
[www.straightnorth.com/sites/default/files/audit-ppc-one-comp-01.png]
[www.straightnorth.com/node/3509/index.html]
[www.straightnorth.com/markets/tourism-hospitality/travel/index.html]
[www.straightnorth.com/sites/default/files/audit-ppc-two-top-01.jpg]
[www.straightnorth.com/sites/default/files/audit-ppc-two-btm-01.jpg]
[www.straightnorth.com/node/51/index.html]
[www.straightnorth.com/portfolio/spot/index.html]
[www.straightnorth.com/portfolio/pascal-engineering/index.html]
[www.straightnorth.com/portfolio/taisei-lamick/index.html]
[www.straightnorth.com/sites/default/files/audit-ppc-body-01.jpg]
[www.straightnorth.com/services/ppc-management/free-audit/index.html]
[www.straightnorth.com/portfolio/ce-group/index.html]
[www.straightnorth.com/sites/default/files/seo-web_0.jpg]
[www.straightnorth.com/portfolio/tab-service/index.html]
[www.straightnorth.com/portfolio/msllc-wealth/index.html]
[www.straightnorth.com/portfolio/fe-moran/index.html]
[www.straightnorth.com/sites/default/files/styles/270x268/public/11_40583.jpg]
[www.straightnorth.com/services/ppc-management/e-commerce/index.html]
[www.straightnorth.com/services/ppc-management/consulting/index.html]
[www.straightnorth.com/portfolio/time-technology/index.html]
[www.straightnorth.com/portfolio/suburban-tire/index.html]
[www.straightnorth.com/portfolio/ams-fulfillment/index.html]
[www.straightnorth.com/portfolio/weco/index.html]
[www.straightnorth.com/portfolio/fmh-conveyors/index.html]
[www.straightnorth.com/portfolio/crosswind-voip/index.html]
[www.straightnorth.com/sites/default/files/DG4A2073_0.jpg]
[www.straightnorth.com/portfolio/soldy/index.html]
[www.straightnorth.com/portfolio/penner-bathing-spa/index.html]
[www.straightnorth.com/sites/default/files/9-difference.png]
[www.straightnorth.com/portfolio/storflex/index.html]
[www.straightnorth.com/portfolio/wastequip-llc/index.html]
[www.straightnorth.com/sites/default/files/11-location.png]
[www.straightnorth.com/services/ppc-management/production/google-adwords/index.html]
[www.straightnorth.com/portfolio/national-underground/index.html]
[www.straightnorth.com/portfolio/new-england-garage/index.html]
[www.straightnorth.com/sites/default/files/free-display-audit.jpg]
[www.straightnorth.com/free-display-audit/index.html]
[www.straightnorth.com/portfolio/nvenia/index.html]
[www.straightnorth.com/portfolio/toter-inc/index.html]
[www.straightnorth.com/portfolio/performance-card-service/index.html]
[www.straightnorth.com/portfolio/aspen-valley-wellness/index.html]
[www.straightnorth.com/sites/default/files/icon-benefit-thumbs-01.png]
[www.straightnorth.com/portfolio/zapatat/index.html]
[www.straightnorth.com/sites/default/files/13-campaign-manager.png]
[www.straightnorth.com/portfolio/mitsui-plastics/index.html]
[www.straightnorth.com/portfolio/klein-access/index.html]
[www.straightnorth.com/sites/default/files/12-sales-leads.png]
[www.straightnorth.com/portfolio/options-home-health/index.html]
[www.straightnorth.com/sites/default/files/styles/270x268/public/1_1875d6.jpg]
[www.straightnorth.com/portfolio/portabull-fuel/index.html]
[www.straightnorth.com/sites/default/files/styles/498x126/public/5_copye38c.jpg]
[www.straightnorth.com/portfolio/wastequip-wrx/index.html]
[www.straightnorth.com/portfolio/steel-obrien/index.html]
[www.straightnorth.com/sites/default/files/7_3.jpg]
[www.straightnorth.com/services/display/strategy/retargeting/index.html]
[www.straightnorth.com/insights/subscribe/index.html]
[www.straightnorth.com/node/701/index.html]
[www.straightnorth.com/insights/archive/index.html]
[www.straightnorth.com/sites/default/files/styles/498x126/public/9_3b56f.jpg]
[www.straightnorth.com/services/display/social/index.html]
[www.straightnorth.com/insights/about/index.html]
[www.straightnorth.com/insights/contact/index.html]
[www.straightnorth.com/insights/how-write-email-marketing-copy/index.html]
[www.straightnorth.com/insights/why-salespeople-deserve-respect/index.html]
[www.straightnorth.com/sites/default/files/styles/270x268/public/4_297ab.jpg]
[www.straightnorth.com/services/email-marketing/small-business/index.html]
[www.straightnorth.com/insights/seo-scratch-what-expect-and-how-master/index.html]
[www.straightnorth.com/insights/how-maintain-customer-relationships/index.html]
[www.straightnorth.com/insights/5-click-triggers-empower-your-call-action/index.html]
[www.straightnorth.com/insights/pandemic-pricing-are-you-giver-or-gouger/index.html]
[www.straightnorth.com/sites/default/files/DG4A2021_0.jpg]
[www.straightnorth.com/insights/three-higher-level-issues-hindering-your-lead-generation-efforts/index.html]
[www.straightnorth.com/sites/default/files/6-rankings.png]
[www.straightnorth.com/insights/how-turn-orders-objections/index.html]
[www.straightnorth.com/insights/what-quality-content/index.html]
[www.straightnorth.com/insights/look-back-2019-marketing-predictions/index.html]
[www.straightnorth.com/sites/default/files/3-strategy.png]
[www.straightnorth.com/sites/default/files/styles/270x268/public/12_2a681.jpg]
[www.straightnorth.com/insights/why-every-company-needs-sales-and-marketing/index.html]
[www.straightnorth.com/insights/5-conversion-rate-optimization-issues-interfere-seo/index.html]
[www.straightnorth.com/sites/default/files/styles/300x200/public/austii5d9e.jpg]
[www.straightnorth.com/insights/rss.xml/index.html]
[www.straightnorth.com/sites/default/files/styles/300x200/public/bosts41ff.jpg]
[www.straightnorth.com/node/3510/index.html]
[www.straightnorth.com/sites/default/files/styles/300x200/public/SDvfmzdsbdbb.jpg]
[www.straightnorth.com/node/6/index.html]
[www.straightnorth.com/sites/default/files/styles/300x200/public/chicagi-574ad.jpg]
[www.straightnorth.com/node/3515/index.html]
[www.straightnorth.com/company/marketing-resources/best-lead-generation-insights/index.html]
[www.straightnorth.com/company/marketing-resources/how-track-and-validate-website-sales-leads/index.html]
[www.straightnorth.com/sites/default/files/styles/300x200/public/denver36658.jpg]
[www.straightnorth.com/company/marketing-resources/10-ways-make-your-lead-generation-website-convert-on-first-visit/index.html]
[www.straightnorth.com/sites/default/files/styles/300x200/public/newyork22e76.jpg]
[www.straightnorth.com/company/marketing-resources/how-build-high-performance-lead-generation-website/index.html]
[www.straightnorth.com/sites/default/files/styles/300x200/public/location-washington-dc_37065.jpg]
[www.straightnorth.com/services/custom-web-design/index.html]
[www.straightnorth.com/company/marketing-resources/content-link-building-playbook/index.html]
[www.straightnorth.com/company/marketing-resources/critical-importance-lead-validation-internet-marketing/index.html]
[www.straightnorth.com/sites/default/files/DG4A2376.jpg]
[www.straightnorth.com/company/marketing-resources/straight-north-business-writers-handbook/index.html]
[www.straightnorth.com/company/marketing-resources/how-set-custom-404-error-page/index.html]
[www.straightnorth.com/sites/default/files/styles/270x268/public/10_564db.jpg]
[www.straightnorth.com/company/marketing-resources/complete-checklist-common-seo-issues/index.html]
[www.straightnorth.com/sites/default/files/4_2.jpg]
[www.straightnorth.com/services/custom-web-design/pricing/index.html]
[www.straightnorth.com/company/marketing-resources/internet-marketing-encyclopedia-lead-generation/index.html]
[www.straightnorth.com/company/marketing-resources/why-your-lead-generation-ppc-campaign-isn-t-working/index.html]
[www.straightnorth.com/company/marketing-resources/outreach-seo/index.html]
[www.straightnorth.com/sites/default/files/image02.jpg]
[www.straightnorth.com/company/marketing-resources/150-business-jargon-fixes/index.html]
[www.straightnorth.com/sites/default/files/styles/498x126/public/4_11153.jpg]
[www.straightnorth.com/services/custom-web-design/small-business/index.html]
[www.straightnorth.com/company/marketing-resources/how-use-google-adwords-bid-experiment/index.html]
[www.straightnorth.com/company/marketing-resources/lead-generation-ecosystem/index.html]
[www.straightnorth.com/company/marketing-resources/lead-validation-infographic/index.html]
[www.straightnorth.com/sites/default/files/seo-04.jpg]
[www.straightnorth.com/services/custom-web-design/corporate/index.html]
[www.straightnorth.com/company/marketing-resources/search-engine-optimization-explained-90-seconds/index.html]
[www.straightnorth.com/company/marketing-resources/ceo-s-checklist-company-website-performance/index.html]
[www.straightnorth.com/company/marketing-resources/smart-way-choose-company-build-your-lead-generation-website/index.html]
[www.straightnorth.com/company/marketing-resources/pay-click-management-explained-90-seconds/index.html]
[www.straightnorth.com/sites/default/files/styles/270x268/public/7_3ff7d.jpg]
[www.straightnorth.com/services/custom-web-design/b2b/index.html]
[www.straightnorth.com/company/marketing-resources/straight-north-seo-services/index.html]
[www.straightnorth.com/company/marketing-resources/straight-north-email-marketing-services/index.html]
[www.straightnorth.com/company/marketing-resources/straight-north-ppc-management-services/index.html]
[www.straightnorth.com/company/marketing-resources/straight-north-display-advertising-services/index.html]
[www.straightnorth.com/company/marketing-resources/keywords-internet-marketing-highlights-and-directions/index.html]
[www.straightnorth.com/sites/default/files/seo-display_0.jpg]
[www.straightnorth.com/services/custom-web-design/professional/index.html]
[www.straightnorth.com/sites/default/files/icon-benefit-mag-glass-01.png]
[www.straightnorth.com/company/marketing-resources/twitter-should-you-care/index.html]
[www.straightnorth.com/company/marketing-resources/straight-north-responsive-web-design-services/index.html]
[www.straightnorth.com/company/marketing-resources/conversion-funnel-essential-baseline-tactics-accelerated-roi/index.html]
[www.straightnorth.com/company/marketing-resources/seo-ceo/index.html]
[www.straightnorth.com/sites/default/files/website_3_0_1.png]
[www.straightnorth.com/services/custom-web-design/drupal/index.html]
[www.straightnorth.com/services/custom-web-design/wordpress/index.html]
[www.straightnorth.com/node/10500/index.html]
[www.straightnorth.com/faq/seo/how-get-top-google/index.html]
[www.straightnorth.com/faq/seo/how-hire-seo-company/index.html]
[www.straightnorth.com/faq/seo/how-put-my-business-on-google/index.html]
[www.straightnorth.com/faq/seo/how-seo-guide/index.html]
[www.straightnorth.com/sites/default/files/seo-seo.jpg]
[www.straightnorth.com/faq/seo/101-what-seo/index.html]
[www.straightnorth.com/faq/seo/how-can-i-learn-seo/index.html]
[www.straightnorth.com/sites/default/files/styles/270x268/public/8_19a4d.jpg]
[www.straightnorth.com/faq/seo/how-get-your-business-on-google-maps/index.html]
[www.straightnorth.com/sites/default/files/8_1.jpg]
[www.straightnorth.com/services/custom-web-design/seo/index.html]
[www.straightnorth.com/faq/seo/how-find-search-engine-optimization-help/index.html]
[www.straightnorth.com/faq/seo/how-do-page-seo/index.html]
[www.straightnorth.com/faq/seo/how-do-seo-e-commerce-website/index.html]
[www.straightnorth.com/faq/seo/how-do-mobile-seo/index.html]
[www.straightnorth.com/sites/default/files/4-process-responsive-web.png]
[www.straightnorth.com/services/custom-web-design/mobile-responsive/index.html]
[www.straightnorth.com/faq/seo/how-do-local-seo/index.html]
[www.straightnorth.com/faq/seo/how-choose-seo-company/index.html]
[www.straightnorth.com/faq/seo/how-long-does-seo-take-work/index.html]
[www.straightnorth.com/faq/seo/how-much-does-seo-cost/index.html]
[www.straightnorth.com/sites/default/files/6-report.png]
[www.straightnorth.com/faq/seo/how-does-seo-work/index.html]
[www.straightnorth.com/sites/default/files/styles/498x126/public/3_277d0a.jpg]
[www.straightnorth.com/faq/seo/how-does-https-improve-seo/index.html]
[www.straightnorth.com/faq/seo/how-does-google-rank-search-results/index.html]
[www.straightnorth.com/faq/seo/how-does-google-work/index.html]
[www.straightnorth.com/faq/seo/what-seo-strategy/index.html]
[www.straightnorth.com/faq/seo/what-seo-landing-page/index.html]
[www.straightnorth.com/sites/default/files/styles/300x200/public/'dsv'sf'f231b.jpg]
[www.straightnorth.com/faq/seo/what-title-tag-and-how-write-one/index.html]
[www.straightnorth.com/sites/default/files/styles/300x200/public/baltimor2e415.jpg]
[www.straightnorth.com/faq/seo/what-meta-description-and-how-write-one/index.html]
[www.straightnorth.com/faq/seo/what-keyword-strategy/index.html]
[www.straightnorth.com/sites/default/files/styles/300x200/public/dhdt5479.jpg]
[www.straightnorth.com/faq/seo/what-404-page-error/index.html]
[www.straightnorth.com/sites/default/files/styles/300x200/public/chicago3bd0e.jpg]
[www.straightnorth.com/faq/seo/what-301-redirect/index.html]
[www.straightnorth.com/sites/default/files/styles/300x200/public/denver29090.jpg]
[www.straightnorth.com/faq/seo/what-does-seo-mean-or-stand/index.html]
[www.straightnorth.com/faq/seo/what-are-seo-tools/index.html]
[www.straightnorth.com/sites/default/files/styles/300x200/public/newyork1e71.jpg]
[www.straightnorth.com/faq/seo/what-are-seo-techniques-and-tips/index.html]
[www.straightnorth.com/sites/default/files/styles/300x200/public/zsklgief2e.jpg]
[www.straightnorth.com/services/custom-web-design/development/index.html]
[www.straightnorth.com/faq/seo/what-are-seo-services/index.html]
[www.straightnorth.com/services/graphic-design/services/index.html]
[www.straightnorth.com/faq/seo/what-are-seo-best-practices/index.html]
[www.straightnorth.com/faq/seo/what-are-rich-snippets/index.html]
[www.straightnorth.com/services/graphic-design/pricing/index.html]
[www.straightnorth.com/faq/seo/what-are-long-tail-keywords/index.html]
[www.straightnorth.com/faq/seo/what-are-local-citations/index.html]
[www.straightnorth.com/faq/seo/what-are-html-and-xml-sitemaps/index.html]
[www.straightnorth.com/faqs/seo/what-are-backlinks/index.html]
[www.straightnorth.com/faq/seo/what-are-h1-and-header-tags-and-why-are-they-needed-seo/index.html]
[www.straightnorth.com/sites/default/files/5_7.jpg]
[www.straightnorth.com/markets/agricultural/index.html]
[www.straightnorth.com/faq/seo/what-infographic/index.html]
[www.straightnorth.com/faq/seo/what-seo-agency-or-company/index.html]
[www.straightnorth.com/faq/seo/what-black-hat-seo/index.html]
[www.straightnorth.com/faq/seo/what-are-meta-keywords/index.html]
[www.straightnorth.com/sites/default/files/market-logistics_1.jpg]
[www.straightnorth.com/faq/seo/what-duplicate-content/index.html]
[www.straightnorth.com/faq/seo/what-google-panda/index.html]
[www.straightnorth.com/sites/default/files/styles/300x200/public/fork-liftccb1.jpg]
[www.straightnorth.com/faq/seo/what-enterprise-seo/index.html]
[www.straightnorth.com/faq/seo/what-hidden-text/index.html]
[www.straightnorth.com/faq/seo/what-keyword-stuffing/index.html]
[www.straightnorth.com/sites/default/files/styles/300x200/public/trucking7edc.jpg]
[www.straightnorth.com/faq/seo/what-local-seo-and-why-it-important/index.html]
[www.straightnorth.com/markets/logistics-supply-chain/index.html]
[www.straightnorth.com/faq/seo/what-page-seo/index.html]
[www.straightnorth.com/faq/seo/what-google-penguin/index.html]
[www.straightnorth.com/faq/seo/what-robotstxt/index.html]
[www.straightnorth.com/faq/seo/what-internal-linking/index.html]
[www.straightnorth.com/sites/default/files/market-automotive_1.jpg]
[www.straightnorth.com/faq/seo/what-schema-markup/index.html]
[www.straightnorth.com/faq/seo/what-seo-copywriting-and-how-write-seo/index.html]
[www.straightnorth.com/sites/default/files/styles/300x200/public/14_34135.jpg]
[www.straightnorth.com/faq/seo/what-structured-data-markup/index.html]
[www.straightnorth.com/sites/default/files/styles/300x200/public/auto-repair-option-twoa13b.jpg]
[www.straightnorth.com/faq/seo/what-seo-friendly/index.html]
[www.straightnorth.com/faq/seo/what-rel-canonical-tag/index.html]
[www.straightnorth.com/sites/default/files/styles/300x200/public/market-manufacturing_1_0e5a2.jpg]
[www.straightnorth.com/faq/seo/why-are-keywords-important-seo/index.html]
[www.straightnorth.com/faq/seo/why-seo-important-businesses/index.html]
[www.straightnorth.com/sites/default/files/styles/300x200/public/car3787.jpg]
[www.straightnorth.com/faq/seo/what-on-page-seo/index.html]
[www.straightnorth.com/sites/default/files/styles/300x200/public/8_5fa3d.jpg]
[www.straightnorth.com/markets/automotive/index.html]
[www.straightnorth.com/faq/seo/what-technical-seo/index.html]
[www.straightnorth.com/faq/seo/what-do-if-your-business-not-showing-on-google-maps/index.html]
[www.straightnorth.com/faq/seo/what-white-hat-seo/index.html]
[www.straightnorth.com/node/4856/index.html]
[www.straightnorth.com/tools/header-check/index.html]
[www.straightnorth.com/tools/bulk-hosting-check/index.html]
[www.straightnorth.com/sites/default/files/market-manufacturing_1.jpg]
[www.straightnorth.com/blog/seo-pricing-frequently-asked-questions/index.html]
[www.straightnorth.com/markets/manufacturing/index.html]
[www.straightnorth.com/node/7991/index.html]
[www.straightnorth.com/blog/why-low-budget-seo-campaigns-fail/index.html]
[www.straightnorth.com/node/3091/index.html]
[www.straightnorth.com/node/2906/index.html]
[www.straightnorth.com/case-studies/seo/gamber-johnson/index.html]
[www.straightnorth.com/sites/default/files/11_6.jpg]
[www.straightnorth.com/markets/aviation/index.html]
[www.straightnorth.com/node/8021/index.html]
[www.straightnorth.com/node/7971/index.html]
[www.straightnorth.com/node/2916/index.html]
[www.straightnorth.com/sites/default/files/jjjj.jpg]
[www.straightnorth.com/markets/marine/index.html]
[www.straightnorth.com/node/2911/index.html]
[www.straightnorth.com/node/7966/index.html]
[www.straightnorth.com/sites/default/files/business.jpg]
[www.straightnorth.com/node/2921/index.html]
[www.straightnorth.com/node/8031/index.html]
[www.straightnorth.com/node/4119/index.html]
[www.straightnorth.com/sites/default/files/styles/300x200/public/sds7cfb.jpg]
[www.straightnorth.com/node/7986/index.html]
[www.straightnorth.com/node/7976/index.html]
[www.straightnorth.com/sites/default/files/styles/300x200/public/8_79b44.jpg]
[www.straightnorth.com/markets/business-services/index.html]
[www.straightnorth.com/node/7961/index.html]
[www.straightnorth.com/case-studies/ppc/maxim-healthcare/index.html]
[www.straightnorth.com/case-studies/ppc/diamond-headache-clinic/index.html]
[www.straightnorth.com/sites/default/files/Medical & Health -2.jpg]
[www.straightnorth.com/node/3156/index.html]
[www.straightnorth.com/node/4128/index.html]
[www.straightnorth.com/node/9096/index.html]
[www.straightnorth.com/sites/default/files/styles/300x200/public/a_034d9.jpg]
[www.straightnorth.com/sites/default/files/styles/300x200/public/aa4727.jpg]
[www.straightnorth.com/node/776/index.html]
[www.straightnorth.com/node/636/index.html]
[www.straightnorth.com/node/786/index.html]
[www.straightnorth.com/sites/default/files/styles/300x200/public/back-44fd2.jpg]
[www.straightnorth.com/node/9101/index.html]
[www.straightnorth.com/node/9066/index.html]
[www.straightnorth.com/node/806/index.html]
[www.straightnorth.com/sites/default/files/styles/300x200/public/dentieddb.jpg]
[www.straightnorth.com/locations/austin/web-design/index.html]
[www.straightnorth.com/locations/baltimore-md/web-design/index.html]
[www.straightnorth.com/locations/charlotte-nc/web-design/index.html]
[www.straightnorth.com/sites/default/files/styles/300x200/public/12_7f72b.jpg]
[www.straightnorth.com/locations/chicago-il/web-design/index.html]
[www.straightnorth.com/sites/default/files/styles/300x200/public/doc_0e0d5.jpg]
[www.straightnorth.com/locations/denver/web-design/index.html]
[www.straightnorth.com/sites/default/files/styles/300x200/public/fitness39f7.jpg]
[www.straightnorth.com/locations/los-angeles/web-design/index.html]
[www.straightnorth.com/sites/default/files/styles/300x200/public/13_346fe.jpg]
[www.straightnorth.com/locations/new-york/web-design/index.html]
[www.straightnorth.com/locations/washington-dc/web-design/index.html]
[www.straightnorth.com/sites/default/files/styles/300x200/public/14_5dc8f.jpg]
[www.straightnorth.com/services/custom-web-design/discovery/index.html]
[www.straightnorth.com/sites/default/files/styles/300x200/public/15_56647.jpg]
[www.straightnorth.com/services/custom-web-design/copywriting/index.html]
[www.straightnorth.com/sites/default/files/styles/300x200/public/medical6131.jpg]
[www.straightnorth.com/services/custom-web-design/strategy/index.html]
[www.straightnorth.com/services/custom-web-design/analytics/index.html]
[www.straightnorth.com/services/custom-web-design/consulting/index.html]
[www.straightnorth.com/sites/default/files/styles/300x200/public/20_5f60c.jpg]
[www.straightnorth.com/sites/default/files/styles/300x200/public/21_55e52.jpg]
[www.straightnorth.com/node/8001/index.html]
[www.straightnorth.com/node/8006/index.html]
[www.straightnorth.com/node/7956/index.html]
[www.straightnorth.com/sites/default/files/styles/300x200/public/ortho580a.jpg]
[www.straightnorth.com/sites/default/files/styles/300x200/public/24_19516.jpg]
[www.straightnorth.com/node/7951/index.html]
[www.straightnorth.com/node/816/index.html]
[www.straightnorth.com/node/7981/index.html]
[www.straightnorth.com/sites/default/files/styles/300x200/public/26_1ee1a.jpg]
[www.straightnorth.com/sites/default/files/styles/300x200/public/28849c.jpg]
[www.straightnorth.com/sites/default/files/styles/300x200/public/29_15fca.jpg]
[www.straightnorth.com/node/8016/index.html]
[www.straightnorth.com/node/3111/index.html]
[www.straightnorth.com/sites/default/files/styles/300x200/public/30d6b1.jpg]
[www.straightnorth.com/node/811/index.html]
[www.straightnorth.com/node/1079/index.html]
[www.straightnorth.com/sites/default/files/styles/300x200/public/reeehab12cc.jpg]
[www.straightnorth.com/sites/default/files/styles/300x200/public/362f8d.jpg]
[www.straightnorth.com/sites/default/files/styles/300x200/public/390636.jpg]
[www.straightnorth.com/locations/baltimore-md/web-development/index.html]
[www.straightnorth.com/locations/austin/web-development/index.html]
[www.straightnorth.com/sites/default/files/styles/300x200/public/40_04278.jpg]
[www.straightnorth.com/locations/charlotte-nc/web-development/index.html]
[www.straightnorth.com/sites/default/files/styles/300x200/public/DG4A22816caf.jpg]
[www.straightnorth.com/markets/medical-health/index.html]
[www.straightnorth.com/locations/chicago-il/web-development/index.html]
[www.straightnorth.com/locations/los-angeles/web-development/index.html]
[www.straightnorth.com/locations/denver/web-development/index.html]
[www.straightnorth.com/locations/washington-dc/web-development/index.html]
[www.straightnorth.com/locations/new-york/web-development/index.html]
[www.straightnorth.com/sites/default/files/conn.jpg]
[www.straightnorth.com/node/9081/index.html]
[www.straightnorth.com/sites/default/files/styles/300x200/public/4_178ee8.jpg]
[www.straightnorth.com/node/9076/index.html]
[www.straightnorth.com/sites/default/files/styles/300x200/public/3_8456f.jpg]
[www.straightnorth.com/markets/financial-services/accounting/seo/index.html]
[www.straightnorth.com/node/5461/index.html]
[www.straightnorth.com/markets/financial-services/accounting/web-design/index.html]
[www.straightnorth.com/sites/default/files/styles/300x200/public/6_6f2e1.jpg]
[www.straightnorth.com/sites/default/files/styles/300x200/public/11_7e174.jpg]
[www.straightnorth.com/markets/medical-health/acupuncturist/seo/index.html]
[www.straightnorth.com/sites/default/files/styles/300x200/public/uyiuyc6a9.jpg]
[www.straightnorth.com/markets/agricultural/web-design/index.html]
[www.straightnorth.com/markets/medical-health/acupuncturist/web-design/index.html]
[www.straightnorth.com/markets/real-estate/apartment/web-design/index.html]
[www.straightnorth.com/sites/default/files/styles/300x200/public/home improve3f80.jpg]
[www.straightnorth.com/markets/construction/architecture/seo/index.html]
[www.straightnorth.com/sites/default/files/styles/300x200/public/market-manufacturing_1_19963.jpg]
[www.straightnorth.com/markets/medical-health/assisted-living/seo/index.html]
[www.straightnorth.com/markets/construction/architecture/web-design/index.html]
[www.straightnorth.com/sites/default/files/styles/300x200/public/market-manufacturing_7b29e.jpg]
[www.straightnorth.com/markets/medical-health/assisted-living/web-design/index.html]
[www.straightnorth.com/sites/default/files/styles/300x200/public/20_358c0.jpg]
[www.straightnorth.com/markets/legal/attorney/seo/index.html]
[www.straightnorth.com/markets/legal/attorney/web-design/index.html]
[www.straightnorth.com/sites/default/files/styles/300x200/public/27_02f29.jpg]
[www.straightnorth.com/markets/automotive/auto-parts/seo/index.html]
[www.straightnorth.com/markets/automotive/auto-repair/seo/index.html]
[www.straightnorth.com/sites/default/files/styles/300x200/public/market-manufacturing_1154e4.jpg]
[www.straightnorth.com/markets/construction/index.html]
[www.straightnorth.com/markets/automotive/auto-parts/web-design/index.html]
[www.straightnorth.com/markets/automotive/seo/index.html]
[www.straightnorth.com/markets/automotive/web-design/index.html]
[www.straightnorth.com/markets/automotive/auto-repair/web-design/index.html]
[www.straightnorth.com/sites/default/files/Nonprofits-2.jpg]
[www.straightnorth.com/markets/aviation/seo/index.html]
[www.straightnorth.com/markets/financial-services/bank/web-design/index.html]
[www.straightnorth.com/sites/default/files/styles/300x200/public/5_11e397.jpg]
[www.straightnorth.com/markets/nonprofit/index.html]
[www.straightnorth.com/markets/aviation/web-design/index.html]
[www.straightnorth.com/markets/food-beverage/bars/web-design/index.html]
[www.straightnorth.com/markets/food-beverage/beer/web-design/index.html]
[www.straightnorth.com/sites/default/files/eg.jpg]
[www.straightnorth.com/markets/business-services/seo/index.html]
[www.straightnorth.com/markets/business-services/web-design/index.html]
[www.straightnorth.com/markets/business-services/call-center/seo/index.html]
[www.straightnorth.com/sites/default/files/styles/300x200/public/college_06bc9.jpg]
[www.straightnorth.com/markets/business-services/call-center/web-design/index.html]
[www.straightnorth.com/markets/automotive/car-dealer/web-design/index.html]
[www.straightnorth.com/sites/default/files/styles/300x200/public/1_23672.jpg]
[www.straightnorth.com/markets/automotive/car-dealer/seo/index.html]
[www.straightnorth.com/sites/default/files/styles/300x200/public/online-schools924b.jpg]
[www.straightnorth.com/markets/automotive/car-wash/web-design/index.html]
[www.straightnorth.com/sites/default/files/styles/300x200/public/scooac5f.jpg]
[www.straightnorth.com/markets/medical-health/cardiology/web-design/index.html]
[www.straightnorth.com/markets/entertainment-recreation/casinos/seo/index.html]
[www.straightnorth.com/sites/default/files/styles/300x200/public/2_80705.jpg]
[www.straightnorth.com/markets/education/index.html]
[www.straightnorth.com/markets/home-services/carpet-cleaning/web-design/index.html]
[www.straightnorth.com/markets/entertainment-recreation/casinos/web-design/index.html]
[www.straightnorth.com/markets/food-beverage/catering/index.html]
[www.straightnorth.com/markets/food-beverage/catering/seo/index.html]
[www.straightnorth.com/sites/default/files/sdsd.jpg]
[www.straightnorth.com/markets/food-beverage/catering/web-design/index.html]
[www.straightnorth.com/markets/nonprofit/charities/seo/index.html]
[www.straightnorth.com/markets/nonprofit/charities/web-design/index.html]
[www.straightnorth.com/sites/default/files/styles/300x200/public/church_0f348.jpg]
[www.straightnorth.com/sites/default/files/styles/300x200/public/dj_02da3.jpg]
[www.straightnorth.com/markets/personal-services/churches/seo/index.html]
[www.straightnorth.com/markets/medical-health/chiropractor/seo/index.html]
[www.straightnorth.com/markets/medical-health/chiropractor/web-design/index.html]
[www.straightnorth.com/sites/default/files/styles/300x200/public/25_3fbfc.jpg]
[www.straightnorth.com/markets/home-services/cleaning/seo/index.html]
[www.straightnorth.com/markets/personal-services/churches/web-design/index.html]
[www.straightnorth.com/sites/default/files/styles/300x200/public/35376e.jpg]
[www.straightnorth.com/sites/default/files/styles/300x200/public/38_09a0a.jpg]
[www.straightnorth.com/markets/home-services/cleaning/web-design/index.html]
[www.straightnorth.com/markets/retail-ecommerce/clothing/seo/index.html]
[www.straightnorth.com/markets/retail-ecommerce/clothing/web-design/index.html]
[www.straightnorth.com/sites/default/files/styles/300x200/public/weddingplannerf126.jpg]
[www.straightnorth.com/markets/personal-services/index.html]
[www.straightnorth.com/markets/education/college/seo/index.html]
[www.straightnorth.com/markets/software-tech/computer-repair/web-design/index.html]
[www.straightnorth.com/markets/education/college/web-design/index.html]
[www.straightnorth.com/markets/construction/seo/index.html]
[www.straightnorth.com/sites/default/files/Entertainment & Recreation-4_0.jpg]
[www.straightnorth.com/markets/construction/web-design/index.html]
[www.straightnorth.com/sites/default/files/styles/300x200/public/kfjfh742e.jpg]
[www.straightnorth.com/sites/default/files/styles/300x200/public/Fishing-2_00326.jpg]
[www.straightnorth.com/sites/default/files/styles/300x200/public/Hunting-1039c.jpg]
[www.straightnorth.com/sites/default/files/styles/300x200/public/Movie Industry-3_06dbd.jpg]
[www.straightnorth.com/markets/construction/contractor/seo/index.html]
[www.straightnorth.com/sites/default/files/styles/300x200/public/Music-Industry28e5.jpg]
[www.straightnorth.com/markets/entertainment-recreation/index.html]
[www.straightnorth.com/markets/construction/contractor/web-design/index.html]
[www.straightnorth.com/markets/financial-services/credit-union/seo/index.html]
[www.straightnorth.com/markets/hr-recruiting/corporate-training/seo/index.html]
[www.straightnorth.com/markets/hr-recruiting/corporate-training/index.html]
[www.straightnorth.com/sites/default/files/23_1.jpg]
[www.straightnorth.com/markets/packaging/index.html]
[www.straightnorth.com/markets/personal-services/dj/web-design/index.html]
[www.straightnorth.com/markets/personal-services/dj/seo/index.html]
[www.straightnorth.com/markets/financial-services/credit-union/web-design/index.html]
[www.straightnorth.com/sites/default/files/marketingg.jpg]
[www.straightnorth.com/sites/default/files/styles/300x200/public/25_1188b.jpg]
[www.straightnorth.com/markets/medical-health/dentist/seo/index.html]
[www.straightnorth.com/sites/default/files/styles/300x200/public/banksde86.jpg]
[www.straightnorth.com/markets/home-services/daycare/web-design/index.html]
[www.straightnorth.com/markets/medical-health/dentist/web-design/index.html]
[www.straightnorth.com/markets/medical-health/dermatology/web-design/index.html]
[www.straightnorth.com/sites/default/files/styles/300x200/public/credit-union9e9b.jpg]
[www.straightnorth.com/markets/medical-health/doctor/seo/index.html]
[www.straightnorth.com/sites/default/files/styles/300x200/public/Financial-Advisor40a1.jpg]
[www.straightnorth.com/markets/home-services/dry-cleaning/web-design/index.html]
[www.straightnorth.com/markets/medical-health/doctor/web-design/index.html]
[www.straightnorth.com/sites/default/files/styles/300x200/public/5_8fab8.jpg]
[www.straightnorth.com/markets/education/seo/index.html]
[www.straightnorth.com/markets/retail-ecommerce/ecommerce/seo/index.html]
[www.straightnorth.com/sites/default/files/styles/300x200/public/investersac18.jpg]
[www.straightnorth.com/markets/education/web-design/index.html]
[www.straightnorth.com/sites/default/files/styles/300x200/public/glglgd708.jpg]
[www.straightnorth.com/sites/default/files/styles/300x200/public/Payroll-1e840.jpg]
[www.straightnorth.com/markets/construction/electrician/seo/index.html]
[www.straightnorth.com/markets/construction/electrician/web-design/index.html]
[www.straightnorth.com/sites/default/files/styles/300x200/public/31c4ba.jpg]
[www.straightnorth.com/markets/financial-services/index.html]
[www.straightnorth.com/markets/retail-ecommerce/electronics/seo/index.html]
[www.straightnorth.com/markets/retail-ecommerce/electronics/web-design/index.html]
[www.straightnorth.com/sites/default/files/Pharmaceutical Companies -1.jpg]
[www.straightnorth.com/markets/pharmaceutical/index.html]
[www.straightnorth.com/markets/entertainment-recreation/seo/index.html]
[www.straightnorth.com/markets/entertainment-recreation/web-design/index.html]
[www.straightnorth.com/markets/hr-recruiting/executive-search/seo/index.html]
[www.straightnorth.com/markets/hr-recruiting/executive-search/web-design/index.html]
[www.straightnorth.com/sites/default/files/9_5.jpg]
[www.straightnorth.com/markets/financial-services/financial-advisor/seo/index.html]
[www.straightnorth.com/markets/financial-services/financial-advisor/web-design/index.html]
[www.straightnorth.com/markets/financial-services/seo/index.html]
[www.straightnorth.com/markets/financial-services/web-design/index.html]
[www.straightnorth.com/sites/default/files/styles/300x200/public/bar_013c6.jpg]
[www.straightnorth.com/sites/default/files/styles/300x200/public/beer6876.jpg]
[www.straightnorth.com/markets/entertainment-recreation/fishing/seo/index.html]
[www.straightnorth.com/markets/medical-health/fitness/web-design/index.html]
[www.straightnorth.com/markets/entertainment-recreation/fishing/web-design/index.html]
[www.straightnorth.com/sites/default/files/styles/300x200/public/Restaurants-159eb.jpg]
[www.straightnorth.com/markets/medical-health/fitness/seo/index.html]
[www.straightnorth.com/sites/default/files/styles/300x200/public/Wine Companies -2ce99.jpg]
[www.straightnorth.com/markets/food-beverage/index.html]
[www.straightnorth.com/markets/construction/flooring/web-design/index.html]
[www.straightnorth.com/markets/construction/flooring/seo/index.html]
[www.straightnorth.com/markets/food-beverage/seo/index.html]
[www.straightnorth.com/markets/food-beverage/web-design/index.html]
[www.straightnorth.com/markets/medical-health/supplement/web-design/index.html]
[www.straightnorth.com/sites/default/files/fkgc.jpg]
[www.straightnorth.com/markets/professional-services/index.html]
[www.straightnorth.com/markets/franchise/seo/index.html]
[www.straightnorth.com/markets/logistics-supply-chain/forklift/web-design/index.html]
[www.straightnorth.com/markets/franchise/web-design/index.html]
[www.straightnorth.com/markets/medical-health/funeral-homes/web-design/index.html]
[www.straightnorth.com/markets/sports-athletics/golf/seo/index.html]
[www.straightnorth.com/sites/default/files/Franchise-2.jpg]
[www.straightnorth.com/markets/franchise/index.html]
[www.straightnorth.com/markets/sports-athletics/golf/web-design/index.html]
[www.straightnorth.com/markets/medical-health/gym/seo/index.html]
[www.straightnorth.com/markets/medical-health/gym/web-design/index.html]
[www.straightnorth.com/markets/hr-recruiting/web-design/index.html]
[www.straightnorth.com/markets/hr-recruiting/seo/index.html]
[www.straightnorth.com/sites/default/files/33.jpg]
[www.straightnorth.com/markets/construction/hvac/seo/index.html]
[www.straightnorth.com/sites/default/files/styles/300x200/public/apartment2b66.jpg]
[www.straightnorth.com/markets/education/higher-education/seo/index.html]
[www.straightnorth.com/markets/construction/hvac/web-design/index.html]
[www.straightnorth.com/sites/default/files/styles/300x200/public/home-inspection3026.jpg]
[www.straightnorth.com/markets/education/higher-education/web-design/index.html]
[www.straightnorth.com/sites/default/files/styles/300x200/public/property-managmentd8a8.jpg]
[www.straightnorth.com/markets/construction/home-improvement/seo/index.html]
[www.straightnorth.com/markets/construction/home-builder/seo/index.html]
[www.straightnorth.com/sites/default/files/styles/300x200/public/realiotor_0615a.jpg]
[www.straightnorth.com/markets/real-estate/index.html]
[www.straightnorth.com/markets/construction/home-builder/web-design/index.html]
[www.straightnorth.com/markets/construction/home-improvement/web-design/index.html]
[www.straightnorth.com/markets/real-estate/home-inspector/web-design/index.html]
[www.straightnorth.com/markets/home-services/web-design/index.html]
[www.straightnorth.com/sites/default/files/home-services.jpg]
[www.straightnorth.com/sites/default/files/styles/300x200/public/23_210a1.jpg]
[www.straightnorth.com/markets/home-services/index.html]
[www.straightnorth.com/markets/retail-ecommerce/index.html]
[www.straightnorth.com/markets/hr-recruiting/index.html]
[www.straightnorth.com/markets/software-tech/index.html]
[www.straightnorth.com/markets/industrial/index.html]
[www.straightnorth.com/markets/medical-health/hospital/seo/index.html]
[www.straightnorth.com/markets/sports-athletics/index.html]
[www.straightnorth.com/markets/legal/index.html]
[www.straightnorth.com/markets/tourism-hospitality/index.html]
[www.straightnorth.com/case-studies/seo/index.html]
[www.straightnorth.com/case-studies/ppc/index.html]
[www.straightnorth.com/case-studies/email/index.html]
[www.straightnorth.com/case-studies/website/index.html]
[www.straightnorth.com/blog/index.html]
[www.straightnorth.com/company/reviews/index.html]
[www.straightnorth.com/company/careers/index.html]
[www.straightnorth.com/company/leadership/index.html]
[www.straightnorth.com/company/locations/index.html]
[www.straightnorth.com/company/news/index.html]
[www.straightnorth.com/company/giving-back/index.html]
[www.straightnorth.com/company/behind-the-scenes/index.html]
[www.straightnorth.com/company/partners/index.html]
[www.straightnorth.com/company/acquisitions/index.html]
[www.straightnorth.com/company/referral-program/index.html]
[www.straightnorth.com/services/ppc/index.html]
[www.straightnorth.com/services/online-marketing/index.html]
[www.straightnorth.com/services/responsive-websites/index.html]
[www.straightnorth.com/locations/chicago-il/seo/index.html]
[www.straightnorth.com/locations/charlotte-nc/seo/index.html]
[www.straightnorth.com/locations/baltimore-md/seo/index.html]
[www.straightnorth.com/locations/washington-dc/seo/index.html]
[www.straightnorth.com/locations/austin/index.html]
[www.straightnorth.com/locations/baltimore-md/index.html]
[www.straightnorth.com/locations/charlotte-nc/index.html]
[www.straightnorth.com/locations/chicago-il/index.html]
[www.straightnorth.com/markets/tourism-hospitality/hotels/seo/index.html]
[www.straightnorth.com/locations/denver/index.html]
[www.straightnorth.com/locations/los-angeles/index.html]
[www.straightnorth.com/locations/new-york/index.html]
[www.straightnorth.com/locations/washington-dc/index.html]
[www.straightnorth.com/make-every-click-count/index.html]
[www.straightnorth.com/privacy-policy/index.html]
[www.straightnorth.com/terms-use/index.html]
[www.straightnorth.com/sitemap/index.html]
[www.straightnorth.com/sites/default/files/google_tag/google_tag.scriptb491.js]
[www.straightnorth.com/markets/medical-health/hospital/web-design/index.html]
[www.straightnorth.com/node/3507/index.html]
[www.straightnorth.com/node/4112/index.html]
[www.straightnorth.com/locations/austin/seo/index.html]
[www.straightnorth.com/locations/denver/seo/index.html]
[www.straightnorth.com/locations/los-angeles/seo/index.html]
[www.straightnorth.com/locations/new-york/seo/index.html]
[www.straightnorth.com/services/seo/b2b/index.html]
[www.straightnorth.com/services/seo/research/index.html]
[www.straightnorth.com/services/seo/strategy/index.html]
[www.straightnorth.com/services/seo/production/index.html]
[www.straightnorth.com/services/seo/tracking/index.html]
[www.straightnorth.com/services/seo/reporting/index.html]
[www.straightnorth.com/node/4120/index.html]
[www.straightnorth.com/locations/austin/ppc/index.html]
[www.straightnorth.com/locations/baltimore-md/ppc/index.html]
[www.straightnorth.com/locations/charlotte-nc/ppc/index.html]
