[backblue.gif]
[fade.gif]
[index.html]
[www.seobusinessboost.com/change_image_size4fae.jpg]
[www.seobusinessboost.com/js/jquery-1.8.2.min.js]
[www.seobusinessboost.com/members/seobusinessboost/favicon/favicon.ico]
[www.seobusinessboost.com/images/spinner.gif]
[www.seobusinessboost.com/images/left-arrow.png]
[www.seobusinessboost.com/members/seobusinessboost/avatar/thumbs/thumbnail_1334808645.png]
[www.seobusinessboost.com/members/seobusinessboost/avatar/thumbs/thumbnail_1352370005.png]
[www.seobusinessboost.com/js/zepto.js]
[www.seobusinessboost.com/jquery.waterfall.js]
[www.seobusinessboost.com/members/seobusinessboost/index/Optimized-digital-marketing-agency-Gulf-Shores-Alabama.1--2-.jpg]
[www.seobusinessboost.com/members/seobusinessboost/index/amazon.jpg]
[www.seobusinessboost.com/members/seobusinessboost/index/godaddy.jpg]
[www.seobusinessboost.com/members/seobusinessboost/index/squarespace_logo.jpg]
[www.seobusinessboost.com/members/seobusinessboost/index/wix.jpg]
[www.seobusinessboost.com/members/seobusinessboost/index/woocommerce.jpg]
[www.seobusinessboost.com/members/seobusinessboost/index/shopify.jpg]
[www.seobusinessboost.com/members/seobusinessboost/index/drupal.jpg]
[www.seobusinessboost.com/members/seobusinessboost/index/wordpress.jpg]
[www.seobusinessboost.com/members/seobusinessboost/index/fba-logo.jpg]
[www.seobusinessboost.com/members/seobusinessboost/index/fb-market.jpg]
[www.seobusinessboost.com/members/seobusinessboost/index/etsy.jpg]
[www.seobusinessboost.com/members/seobusinessboost/index/big-commerce.jpg]
[www.seobusinessboost.com/members/seobusinessboost/index/ebey.jpg]
[www.seobusinessboost.com/members/seobusinessboost/index/square.jpg]
[www.seobusinessboost.com/members/seobusinessboost/index/youtube.jpg]
[www.seobusinessboost.com/members/seobusinessboost/index/pinterest.jpg]
[www.seobusinessboost.com/members/seobusinessboost/index/insta-shop.jpg]
[www.seobusinessboost.com/members/seobusinessboost/index/google-shopping-seo.jpg]
[www.seobusinessboost.com/members/seobusinessboost/mypages/better-business-bureau.jpg]
[www.seobusinessboost.com/members/seobusinessboost/index/google-5s.jpg]
[www.seobusinessboost.com/members/seobusinessboost/index/yelp-5s.jpg]
[www.seobusinessboost.com/members/seobusinessboost/index/chamber_logo.png]
[www.seobusinessboost.com/members/seobusinessboost/index/top-pro-badge-18.png]
[www.seobusinessboost.com/members/seobusinessboost/index/trustpilot.png]
[www.seobusinessboost.com/members/seobusinessboost/index/seo-certified-1.png]
[www.seobusinessboost.com/members/seobusinessboost/index/best-od-small-business.png]
[www.seobusinessboost.com/members/seobusinessboost/index/moz.jpg]
[www.seobusinessboost.com/members/seobusinessboost/index/google-search-console.jpg]
[www.seobusinessboost.com/members/seobusinessboost/index/hubshout.jpg]
[www.seobusinessboost.com/members/seobusinessboost/index/google-analytics.jpg]
[www.seobusinessboost.com/members/seobusinessboost/index/semrush.jpg]
[www.seobusinessboost.com/members/seobusinessboost/index/g-trends.jpg]
[www.seobusinessboost.com/images/blank-mini-row-img-large.jpg]
[www.seobusinessboost.com/images/phone-icon-footer.png]
[www.seobusinessboost.com/images/hme-icn-v2.png]
[www.seobusinessboost.com/images/abt-us-icn-v2.png]
[www.seobusinessboost.com/images/cnt-us-icn-v2.png]
[www.seobusinessboost.com/images/dirt-icn-v2.png]
[www.seobusinessboost.com/images/loginbox-close.png]
[www.seobusinessboost.com/captcha/image-login.png]
[www.seobusinessboost.com/captcha/refresh2.png]
[www.seobusinessboost.com/images/logout-btn-new-flat.png]
[www.seobusinessboost.com/images/closep-popup-icon.png]
[www.seobusinessboost.com/images/dashboard-flat/edit-website-flat.png]
[www.seobusinessboost.com/images/arrow-btm-flat.png]
[www.seobusinessboost.com/images/dashboard-flat/admin-panel-icon-flat.png]
[www.seobusinessboost.com/images/dashboard-flat/control-panel-flat.png]
[www.seobusinessboost.com/images/loading.gif]
[www.seobusinessboost.com/SpryAssets/SpryTabbedPanels.js]
[www.seobusinessboost.com/js/jquery.screwdefaultbuttonsV2.min.js]
[www.seobusinessboost.com/captcha/image-login52a0.png]
[www.seobusinessboost.com/images/websetting-checkbox-flat.png]
[www.seobusinessboost.com/images/checkbox-shwpwd.png]
[www.seobusinessboost.com/images/members-area-sticky-icon.png]
[cdn.calltrk.com/companies/566306024/0dc36fd4a782002e285c/12/swap.js]
[cdns.canddi.com/p/44b13b5eeaf66ba606408a64c4ea8e14.js]
[i.canddi.com/i0f5c.gif]
[www.clickcease.com/monitor/stat.js]
[connect.facebook.net/en_US/fbevents.js]
[www.seobusinessboost.com/js/jquery.exitintent.js]
[www.seobusinessboost.com/visualize.js]
[www.seobusinessboost.com/captcha/image-livechat.png]
[www.seobusinessboost.com/images/left-arrow-new.png]
[www.seobusinessboost.com/captcha/image-livechat52a0.png]
[www.seobusinessboost.com/dist/skrollr.js]
[www.pinterest.com/pin/create/button/indexa483.html]
[www.seobusinessboost.com/images/right-arrow.png]
[www.seobusinessboost.com/index.html]
[www.seobusinessboost.com/css/main-layout3-new.css]
[www.seobusinessboost.com/images/theme-1/header-bg.png]
[www.seobusinessboost.com/images/theme-1/free-estimate-main-btn.png]
[www.seobusinessboost.com/images/theme-1/free-estimate-main-btn-over.png]
[www.seobusinessboost.com/images/footer-pattern.png]
[www.seobusinessboost.com/images/theme-1/arrow-theme-1.jpg]
[www.seobusinessboost.com/images/theme-1/bg_direction_nav-theme-1.png]
[www.seobusinessboost.com/images/scroll-top-arrow.png]
[www.seobusinessboost.com/images/theme-1/phone-icn-thm1.png]
[www.seobusinessboost.com/images/theme-1/menu-icn-thm1.png]
[www.seobusinessboost.com/images/theme-1/menuclose-icn-thm1.png]
[www.seobusinessboost.com/css/main-theme-1.css]
[www.seobusinessboost.com/css/listcarousel-botbox-v1.css]
[www.seobusinessboost.com/visualize.css]
[www.seobusinessboost.com/css/main-layout5.0.1.min.css]
[www.seobusinessboost.com/css/layout5-header.0.1.min.css]
[www.seobusinessboost.com/fonts/phone/icomoonb116.eot]
[www.seobusinessboost.com/fonts/phone/icomoonb116.ttf]
[www.seobusinessboost.com/fonts/phone/icomoonb116.woff]
[www.seobusinessboost.com/fonts/menu/icomoonfbae.eot]
[www.seobusinessboost.com/fonts/menu/icomoonfbae.ttf]
[www.seobusinessboost.com/fonts/menu/icomoonfbae.woff]
[www.seobusinessboost.com/fonts/close/icomoonb0f8.eot]
[www.seobusinessboost.com/fonts/close/icomoonb0f8.ttf]
[www.seobusinessboost.com/fonts/close/icomoonb0f8.woff]
[www.seobusinessboost.com/css/svg-fonts-styles.css]
[www.seobusinessboost.com/captcha/image.png]
[www.seobusinessboost.com/images/refresh.png]
[www.seobusinessboost.com/js/jquery.ui.datepicker.js]
[www.seobusinessboost.com/captcha/image52a0.png]
[www.seobusinessboost.com/form-sticky-header.html]
[www.seobusinessboost.com/index-2.html]
[www.seobusinessboost.com/images/control-panel-icon-footer-black.svg]
[www.seobusinessboost.com/js/jquery-latest.js]
[www.seobusinessboost.com/members/seobusinessboost/index/Optimized-Optimized-digital-marketing-agency-Gulf-Shores-Alabama.1--2-.jpg]
[www.seobusinessboost.com/get-free-quote-9.html]
[www.seobusinessboost.com/members/seobusinessboost/about/seo-business-boost-gulf-shore-alabama-36542.jpg]
[www.seobusinessboost.com/members/seobusinessboost/mypages/affordable-search-engine-optimization.jpg]
[www.seobusinessboost.com/members/seobusinessboost/mypages/best-seo-marketing-company.jpg]
[www.seobusinessboost.com/members/seobusinessboost/mypages/best-seo-company-for-small-business.jpg]
[www.seobusinessboost.com/members/seobusinessboost/mypages/ppc-management-services.jpg]
[www.seobusinessboost.com/members/seobusinessboost/mypages/digital-marketing-expert.jpg]
[www.seobusinessboost.com/members/seobusinessboost/mypages/facebook-advertising-agency.jpg]
[www.seobusinessboost.com/about-us-8.html]
[www.seobusinessboost.com/email-us-your-request-9.html]
[www.seobusinessboost.com/members/seobusinessboost/mypages/blogpost-image--1---1-.jpg]
[www.seobusinessboost.com/members/seobusinessboost/mypages/website-design-company-gulf-shores-alabama-36542-1--1---1-.1.jpg]
[www.seobusinessboost.com/members/seobusinessboost/mypages/website-design-company.jpg]
[www.seobusinessboost.com/members/seobusinessboost/mypages/website-design-company-img.jpg]
[www.seobusinessboost.com/website-builder-design-s1.html]
[www.seobusinessboost.com/members/seobusinessboost/mypages/black-out--2-.jpg]
[www.seobusinessboost.com/free-website-special-offer-s18.html]
[www.seobusinessboost.com/members/seobusinessboost/mypages/google-mobile-search--1---2-.jpg]
[www.seobusinessboost.com/members/seobusinessboost/mypages/seo-management-company-gulf-shores-al-36542.1.1.jpg]
[www.seobusinessboost.com/members/seobusinessboost/mypages/seo-management-company.jpg]
[www.seobusinessboost.com/members/seobusinessboost/mypages/seo-management-company-img.jpg]
[www.seobusinessboost.com/members/seobusinessboost/mypages/best-online-seo-company.1.jpg]
[www.seobusinessboost.com/members/seobusinessboost/mypages/best-seo-company-for-small-business--1-.jpg]
[www.seobusinessboost.com/seo-management-company-s2.html]
[www.seobusinessboost.com/members/seobusinessboost/mypages/seo-company-img1.jpg]
[www.seobusinessboost.com/website-seo-company-s6.html]
[www.seobusinessboost.com/members/seobusinessboost/mypages/seo-management.1--4-.jpg]
[www.seobusinessboost.com/members/seobusinessboost/mypages/improve-google-adwords-campaign--1---1-.jpg]
[www.seobusinessboost.com/members/seobusinessboost/mypages/google-adwords.jpg]
[www.seobusinessboost.com/members/seobusinessboost/mypages/google-adwords-img.jpg]
[www.seobusinessboost.com/members/seobusinessboost/mypages/best-seo-company-for-google-ads.jpg]
[www.seobusinessboost.com/members/seobusinessboost/mypages/seo-marketing-company.jpg]
[www.seobusinessboost.com/google-adwords-s3.html]
[www.seobusinessboost.com/members/seobusinessboost/mypages/seo-management.1--5-.jpg]
[www.seobusinessboost.com/members/seobusinessboost/mypages/seo-business-boost-gulf-shores-alabama-36542-2--1---1-.jpg]
[www.seobusinessboost.com/members/seobusinessboost/mypages/facebook-ads.jpg]
[www.seobusinessboost.com/members/seobusinessboost/mypages/facebook-ads-img.jpg]
[www.seobusinessboost.com/facebook-ads-s4.html]
[www.seobusinessboost.com/members/seobusinessboost/mypages/youtube-marketing-gulf-shores-alabama-36542-1.jpg]
[www.seobusinessboost.com/members/seobusinessboost/mypages/youtube-ads-management-Gulf-Shores-Parkway-Gulf-Shores-AL-36542-1.jpg]
[www.seobusinessboost.com/members/seobusinessboost/mypages/you-tube-advertising-company-1.jpg]
[www.seobusinessboost.com/members/seobusinessboost/mypages/youtube-ads-imag.jpg]
[www.seobusinessboost.com/members/seobusinessboost/mypages/youtube-ads-imgs.jpg]
[www.seobusinessboost.com/youtube-ads-s5.html]
[www.seobusinessboost.com/members/seobusinessboost/mypages/no-longterm-contracts.jpg]
[www.seobusinessboost.com/digital-marketing-services-s17.html]
[www.seobusinessboost.com/js/jquery.nicescroll.min.js]
[www.seobusinessboost.com/images/time-icn.png]
[www.seobusinessboost.com/images/comment-icn.png]
[www.seobusinessboost.com/images/blogsearch-loading.gif]
[www.seobusinessboost.com/members/seobusinessboost/blog/expert-digital-marketing-img-1.jpg]
[www.seobusinessboost.com/members/seobusinessboost/avatar/thumbs/1597517837.jpg]
[www.seobusinessboost.com/members/seobusinessboost/blog/SEO-or-PPC-for-Small-Business.jpg]
[www.seobusinessboost.com/members/seobusinessboost/blog/web-design-1.1.jpg]
[www.seobusinessboost.com/members/seobusinessboost/blog/facebook-1.jpg]
[www.seobusinessboost.com/members/seobusinessboost/blog/google-ads-1.jpg]
[www.seobusinessboost.com/images/ajax-loader.gif]
[www.seobusinessboost.com/marketing-blog-26.html]
[www.seobusinessboost.com/images/share-icon.jpg]
[www.seobusinessboost.com/sitemap-18.html]
[www.seobusinessboost.com/images/control-panel-icon-footer.svg]
[www.seobusinessboost.com/directions.html]
[www.seobusinessboost.com/SpryAssets/SpryTabbedPanels2.css]
[connect.facebook.net/en_US/fbevents.js]
[www.seobusinessboost.com/estimatethankyou.html]
[www.seobusinessboost.com/images/chat-icn-v1.svg]
[www.seobusinessboost.com/images/chat-icn-close.svg]
[www.pinterest.com/pin/create/button/indexa483.html]
[www.seobusinessboost.com/images/theme-1/call-icon-top-flat.svg]
[www.seobusinessboost.com/images/call-white-icon.svg]
[www.seobusinessboost.com/images/theme-1/wishlist-theme-pc-1.svg]
[www.seobusinessboost.com/images/theme-1/wishlist-theme-1.svg]
[www.seobusinessboost.com/images/view-gallery-btn-bg-over.html]
[www.seobusinessboost.com/images/theme-1/cart-pc-theme-1.svg]
[www.seobusinessboost.com/images/theme-1/cart-mob-theme-1.svg]
[www.seobusinessboost.com/fonts/phone/icomoonb116.svg]
[www.seobusinessboost.com/fonts/menu/icomoonfbae.svg]
[www.seobusinessboost.com/fonts/close/icomoonb0f8.svg]
[www.pinterest.ph/pin/create/button/indexfe7d.html]
[www.seobusinessboost.com/images/sticky-header-bg-v2.png]
[www.seobusinessboost.com/images/main-menu-bg.jpg]
[www.seobusinessboost.com/images/menu-over-shade.png]
[www.seobusinessboost.com/images/arrow-submenu-bg.png]
[www.seobusinessboost.com/images/shade-bg.png]
[www.seobusinessboost.com/images/black-transparent.png]
[www.seobusinessboost.com/images/text-back-shade.png]
[www.seobusinessboost.com/images/bg-shade.png]
[www.seobusinessboost.com/images/bg-shade-white.png]
[www.seobusinessboost.com/images/auhor-icn.png]
[www.seobusinessboost.com/images/store-arrow.png]
[www.seobusinessboost.com/images/add-cart-box-top.png]
[www.seobusinessboost.com/images/add-cart-box-btm.png]
[www.seobusinessboost.com/images/dot-sitemap.png]
[www.seobusinessboost.com/images/button-previous.png]
[www.seobusinessboost.com/images/button-next.png]
[www.seobusinessboost.com/images/footer-shade-white.png]
[www.seobusinessboost.com/images/hme-icn.png]
[www.seobusinessboost.com/images/abt-us-icn.png]
[www.seobusinessboost.com/images/cnt-us-icn.png]
[www.seobusinessboost.com/images/dirt-icn.png]
[www.seobusinessboost.com/images/address-book-1.png]
[www.seobusinessboost.com/images/address-book-2.png]
[www.seobusinessboost.com/images/address-book-3.png]
[www.seobusinessboost.com/images/order-review-1.png]
[www.seobusinessboost.com/images/order-review-2.png]
[www.seobusinessboost.com/images/order-review-3.png]
[www.seobusinessboost.com/images/payment-1.png]
[www.seobusinessboost.com/images/payment-2.png]
[www.seobusinessboost.com/images/payment-3.png]
[www.seobusinessboost.com/images/theme-6/prev-theme6.png]
[www.seobusinessboost.com/images/theme-6/next-theme6.png]
[www.seobusinessboost.com/images/login-box-btn-bg.png]
[www.seobusinessboost.com/images/login-box-btn-bg-over.png]
[www.seobusinessboost.com/images/over-bg.png]
[www.seobusinessboost.com/images/scroll-top-arrow-white.png]
[www.seobusinessboost.com/images/sea-morearrow.png]
[www.seobusinessboost.com/images/back-morearrow.png]
[www.seobusinessboost.com/images/ge-popup-tb-new.jpg]
[www.seobusinessboost.com/images/features/icn-bg-feature.jpg]
[www.seobusinessboost.com/images/scroll-top-arrow-gray.png]
[www.seobusinessboost.com/css/main-layout-new.css]
[www.seobusinessboost.com/css/listcarousel.css]
[www.seobusinessboost.com/css/quick-search.css]
[www.seobusinessboost.com/css/base/ui.all.css]
[www.seobusinessboost.com/images/map-marker.html]
[www.seobusinessboost.com/images/map-icn-direction.svg]
[www.seobusinessboost.com/members/seobusinessboost/blog/2020-12-01.jpg]
[www.seobusinessboost.com/members/seobusinessboost/blog/expert-seo-img-1.jpg]
[www.seobusinessboost.com/members/seobusinessboost/blog/expert-seo-img-2.jpg]
[www.seobusinessboost.com/captcha/refresh.png]
[www.seobusinessboost.com/upgrade-your-online-presence-with-expert-seo-tips-in-gulf-shores-b5.html]
[www.seobusinessboost.com/members/seobusinessboost/blog/facebook-2.jpg]
[www.seobusinessboost.com/get-the-best-facebook-marketing-agency-in-alabama-b3.html]
[www.seobusinessboost.com/css/main-layout-newf94a.css]
[www.seobusinessboost.com/css/main-theme-1f94a.css]
[www.seobusinessboost.com/images/search-blog-icon.svg]
[www.seobusinessboost.com/members/seobusinessboost/blog/expert-digital-marketing-img-2.jpg]
[www.seobusinessboost.com/expert-digital-marketing-strategies-and-benefits-b6.html]
[www.seobusinessboost.com/members/seobusinessboost/blog/web-design-2.jpg]
[www.seobusinessboost.com/why-you-need-an-agency-to-build-your-website-b4.html]
[www.seobusinessboost.com/members/seobusinessboost/blog/google-ads-2.jpg]
[www.seobusinessboost.com/the-incredible-power-of-google-adwords-for-your-business-b2.html]
[www.seobusinessboost.com/members/seobusinessboost/blog/seo-1.jpg]
[www.seobusinessboost.com/members/seobusinessboost/blog/resize_1606737513.jpg]
[www.seobusinessboost.com/members/seobusinessboost/blog/seo-3.jpg]
[www.seobusinessboost.com/members/seobusinessboost/blog/seo-4.jpg]
[www.seobusinessboost.com/members/seobusinessboost/blog/img-1--1-.jpg]
[www.seobusinessboost.com/members/seobusinessboost/blog/img-2--1-.jpg]
[www.seobusinessboost.com/members/seobusinessboost/blog/img-3--1-.jpg]
[www.seobusinessboost.com/members/seobusinessboost/blog/Services-in-Gulf-Shores.jpg]
[www.seobusinessboost.com/members/seobusinessboost/blog/seo-5.jpg]
[www.seobusinessboost.com/your-guide-to-the-best-seo-services-in-gulf-shores-alabama-b1.html]
[www.seobusinessboost.com/marketingblog-264658.html]
[www.seobusinessboost.com/images/1466243524_settings.html]
[www.seobusinessboost.com/c.html]
[www.seobusinessboost.com/b.html]
[www.seobusinessboost.com/POST.html]
[s.pinimg.com/webapp/www/pin/create/[method]-unauthdesktop-df104d8aec69ceaac6e9.css]
[s.pinimg.com/webapp/87-3fe601c43551fa515784.css]
[s.pinimg.com/webapp/runtime-c7d4ae03126a606f418f.js]
[s.pinimg.com/webapp/polyfills-ae5d6a92895e1269a0ac.js]
[s.pinimg.com/webapp/27-10fe9d1da7f8d2968cad.js]
[s.pinimg.com/webapp/26-1b32d4b7bbd78abb9d68.js]
[s.pinimg.com/webapp/431-0a802ed12826e94d5344.js]
[s.pinimg.com/webapp/locale-en_US-lite-75de628686535848cd94.js]
[s.pinimg.com/webapp/vendor-react-9d8d270256f836aab6fc.js]
[s.pinimg.com/webapp/0-3b616daa7dbbff8c0a18.js]
[s.pinimg.com/webapp/6-73abdcc9d667cfd542c4.js]
[s.pinimg.com/webapp/55-8590387e4933d348a593.js]
[s.pinimg.com/webapp/46-d3b7dfd5eb79ee0660b3.js]
[s.pinimg.com/webapp/48-c7da2efaf90c042d4a08.js]
[s.pinimg.com/webapp/51-a00a640bea2ff258c700.js]
[s.pinimg.com/webapp/52-cccf246d3cbde9a260be.js]
[s.pinimg.com/webapp/60-7b157008b61b4dfd486e.js]
[s.pinimg.com/webapp/64-1d8b590e045c29053a4f.js]
[s.pinimg.com/webapp/66-cad9e9c7188625f8bbda.js]
[s.pinimg.com/webapp/67-e47f596ee380d6b1c3b3.js]
[s.pinimg.com/webapp/71-e838879d5ec0821b39e4.js]
[s.pinimg.com/webapp/72-73871aa436cca35c7ed8.js]
[s.pinimg.com/webapp/70-7788d1f6805e617350b2.js]
[s.pinimg.com/webapp/103-2742a280240897372178.js]
[s.pinimg.com/webapp/www/pin/create/[method]-unauthdesktop-44b1e9c74f96fd1560a9.js]
[s.pinimg.com/webapp/87-acb9334d4255a953bed8.js]
[s.pinimg.com/webapp/www/_client-unauthdesktop-a5f7b0af4e4c99db1ea0.js]
[s.pinimg.com/webapp/logo_trans_144x144-5e37c0c6.png]
[s.pinimg.com/webapp/favicon-54a5b2af.png]
[s.pinimg.com/webapp/75-5e87e91cbc85885f51f0.js]
[s.pinimg.com/webapp/www/[username]-unauthdesktop-b84c8c8aa0711aceb284.css]
[s.pinimg.com/webapp/2-5244fd928294290220a3.js]
[s.pinimg.com/webapp/3-f96b8a4d6e5115cf190c.js]
[s.pinimg.com/webapp/65-234ced843dd62f4c1e50.js]
[www.pinterest.ph/pin/create/button/ios-app_/429047995/pinterest/add_pin/_method=button&image_url=undefined&source_url=h/www.seobusinessboost.com&media=https_/www.seobu/thumbnail_1352370005.19]
[s.pinimg.com/webapp/124-d3252f1048d206d02e04.js]
[s.pinimg.com/webapp/4-0ddc22f7add659241060.js]
[s.pinimg.com/webapp/5-eb1498e09860ad76b5dd.js]
[s.pinimg.com/webapp/131-4e8364b3051ac0b121e0.js]
[s.pinimg.com/webapp/54-e1acba153e1cc5e12616.js]
[www.pinterest.ph/pin/create/button/android-app_/com.pinterest/pinterest/www.pinterest.com/pin/create/button/_media=undefined&url=https_/www.seobusinessboost.com&media=/thumbnail_1352370005.19]
[s.pinimg.com/webapp/57-b84c8c8aa0711aceb284.css]
[s.pinimg.com/webapp/57-eaac98f37a93bd6b1162.js]
[s.pinimg.com/webapp/61-2e3bd879a5f3ea644d71.js]
[s.pinimg.com/webapp/68-41c0bf78ffea04576327.js]
[s.pinimg.com/webapp/82-8bd21f77bc6067fa9da4.js]
[s.pinimg.com/webapp/98-882d1b7dd8ad2de27515.js]
[s.pinimg.com/webapp/113-b01a74fb0fb2d94f619b.js]
[s.pinimg.com/webapp/118-33ae10fa312e76c0b7ef.js]
[s.pinimg.com/webapp/53-cac64eee2ead0a01d314.js]
[s.pinimg.com/webapp/56-1f592365b9450cedd881.js]
[s.pinimg.com/webapp/175-6d17226094fbbff0eb48.js]
[s.pinimg.com/webapp/13-2bfd09b136335517a4f2.js]
[s.pinimg.com/webapp/15-9c3f30c550f7e829efd7.js]
[s.pinimg.com/webapp/135-adb127d47e578af0538b.js]
[s.pinimg.com/webapp/www/discover/style_content/[id]-unauthdesktop-b84c8c8aa0711aceb284.css]
[s.pinimg.com/webapp/1-2de811dab2e0e22d27e4.js]
[s.pinimg.com/webapp/14-f370f3edad737077fd79.js]
[s.pinimg.com/webapp/107-a21f7b6619923d2c0ed1.js]
[s.pinimg.com/webapp/106-b84c8c8aa0711aceb284.css]
[s.pinimg.com/webapp/106-c7abad78c36b3856bce9.js]
[s.pinimg.com/webapp/126-917b1710f1c62e2e4110.js]
[s.pinimg.com/webapp/238-4e2dbf715357254e2f96.js]
[s.pinimg.com/webapp/322-6e82c693661f512bfe1a.js]
[s.pinimg.com/webapp/345-2805099b3cc320f6acbf.js]
[s.pinimg.com/webapp/328-ec71091096c1f6c0581d.js]
[s.pinimg.com/webapp/212-a56eb21f994a94be1bb2.js]
[s.pinimg.com/webapp/335-11bcf8306b06d4417694.js]
[s.pinimg.com/webapp/www/pin/[id]/feedback-unauthdesktop-1238dc95e9ae938c74e5.css]
[s.pinimg.com/webapp/www/pin/[id]/sent-unauthdesktop-1238dc95e9ae938c74e5.css]
[s.pinimg.com/webapp/280-76ee70a2f9c02b49247d.js]
[s.pinimg.com/webapp/102-326c37a38d9646071d70.js]
[s.pinimg.com/webapp/114-c167a359965daf01a640.js]
[s.pinimg.com/webapp/116-4d46c4731b40d82c77de.js]
[s.pinimg.com/webapp/137-1c2e4675106bd6b386d0.js]
[s.pinimg.com/webapp/www/product-catalogs-authdesktop-bc2f3816811d47a49d24.css]
[s.pinimg.com/webapp/344-c2989d53b706a3264ffc.js]
[s.pinimg.com/webapp/281-4467f7174ad0dd2db054.js]
[s.pinimg.com/webapp/www/today/[term]/[title]/[articleId]-unauthdesktop-f7e66006eac53db02ea6.css]
[s.pinimg.com/webapp/www/today/popular/[interest]/[interestId]-unauthdesktop-f7e66006eac53db02ea6.css]
[s.pinimg.com/webapp/www/[username]/[slug]-unauthdesktop-1238dc95e9ae938c74e5.css]
[s.pinimg.com/webapp/www/pin/[id]-unauthdesktop-1238dc95e9ae938c74e5.css]
[www.pinterest.ph/pin/create/button/indexfe7d.html]
[www.seobusinessboost.com/images/theme-1/call-icon-btn-bg.html]
[www.seobusinessboost.com/images/call-icon-top-flat.svg]
[www.seobusinessboost.com/images/add-to-cartnew.svg]
[www.seobusinessboost.com/images/add-to-cart.svg]
[www.seobusinessboost.com/css/base/ui.base.css]
[www.seobusinessboost.com/css/base/images/ui-bg_flat_75_ffffff_40x100.png]
[www.seobusinessboost.com/css/base/images/ui-bg_highlight-soft_75_cccccc_1x100.png]
[www.seobusinessboost.com/css/base/images/ui-bg_glass_75_e6e6e6_1x400.png]
[www.seobusinessboost.com/css/base/images/ui-bg_glass_75_dadada_1x400.png]
[www.seobusinessboost.com/css/base/images/ui-bg_glass_65_ffffff_1x400.png]
[www.seobusinessboost.com/css/base/images/ui-bg_glass_55_fbf9ee_1x400.png]
[www.seobusinessboost.com/css/base/images/ui-bg_glass_95_fef1ec_1x400.png]
[www.seobusinessboost.com/css/base/images/ui-icons_222222_256x240.png]
[www.seobusinessboost.com/css/base/images/ui-icons_888888_256x240.png]
[www.seobusinessboost.com/css/base/images/ui-icons_454545_256x240.png]
[www.seobusinessboost.com/css/base/images/ui-icons_2e83ff_256x240.png]
[www.seobusinessboost.com/css/base/images/ui-icons_cd0a0a_256x240.png]
[www.seobusinessboost.com/css/base/images/ui-bg_flat_0_aaaaaa_40x100.png]
[www.seobusinessboost.com/css/base/ui.theme.css]
[www.seobusinessboost.com/images/twitter-share-btn-flat.svg]
[www.seobusinessboost.com/images/fb-share-btn-flat.svg]
[www.seobusinessboost.com/marketing-blog-b53a15.html]
[www.seobusinessboost.com/marketing-blog-b33a15.html]
[www.seobusinessboost.com/marketing-blog-b63a15.html]
[www.seobusinessboost.com/marketing-blog-b43a15.html]
[www.seobusinessboost.com/marketing-blog-b23a15.html]
[www.seobusinessboost.com/marketing-blog-b13a15.html]
[www.seobusinessboost.com/marketingblog-262679.html]
[www.seobusinessboost.com/login-member.html]
[s.pinimg.com/webapp/www/pin/create/[method]-unauthdesktop-df104d8aec69ceaac6e9.css]
[s.pinimg.com/webapp/87-3fe601c43551fa515784.css]
[www.pinterest.ph/pin/create/button/ios-app_/429047995/pinterest/add_pin/_method=button&image_url=undefined&source_url=h/www.seobusinessboost.com&media=https_/www.seobu/thumbnail_1352370005.19]
[www.pinterest.ph/pin/create/button/android-app_/com.pinterest/pinterest/www.pinterest.com/pin/create/button/_media=undefined&url=https_/www.seobusinessboost.com&media=/thumbnail_1352370005.19]
[s.pinimg.com/webapp/webapp-common-main-1x-13c5edb8.png]
[s.pinimg.com/webapp/www/[username]-unauthdesktop-b84c8c8aa0711aceb284.css]
[s.pinimg.com/webapp/57-b84c8c8aa0711aceb284.css]
[s.pinimg.com/webapp/www/discover/style_content/[id]-unauthdesktop-b84c8c8aa0711aceb284.css]
[s.pinimg.com/webapp/106-b84c8c8aa0711aceb284.css]
[s.pinimg.com/webapp/www/pin/[id]/feedback-unauthdesktop-1238dc95e9ae938c74e5.css]
[s.pinimg.com/webapp/www/pin/[id]/sent-unauthdesktop-1238dc95e9ae938c74e5.css]
[s.pinimg.com/webapp/www/product-catalogs-authdesktop-bc2f3816811d47a49d24.css]
[s.pinimg.com/webapp/www/today/[term]/[title]/[articleId]-unauthdesktop-f7e66006eac53db02ea6.css]
[s.pinimg.com/webapp/www/today/popular/[interest]/[interestId]-unauthdesktop-f7e66006eac53db02ea6.css]
[s.pinimg.com/webapp/www/[username]/[slug]-unauthdesktop-1238dc95e9ae938c74e5.css]
[s.pinimg.com/webapp/www/pin/[id]-unauthdesktop-1238dc95e9ae938c74e5.css]
[www.seobusinessboost.com/css/base/ui.core.css]
[www.seobusinessboost.com/css/base/ui.accordion.css]
[www.seobusinessboost.com/css/base/images/ui-anim.basic.16x16.gif]
[www.seobusinessboost.com/css/base/ui.autocomplete.css]
[www.seobusinessboost.com/css/base/ui.button.css]
[www.seobusinessboost.com/css/base/ui.datepicker.css]
[www.seobusinessboost.com/css/base/ui.dialog.css]
[www.seobusinessboost.com/css/base/ui.progressbar.css]
[www.seobusinessboost.com/css/base/ui.resizable.css]
[www.seobusinessboost.com/css/base/ui.slider.css]
[www.seobusinessboost.com/css/base/ui.tabs.css]
[www.seobusinessboost.com/marketing-blog-b5.html]
[www.seobusinessboost.com/marketing-blog-b3.html]
[www.seobusinessboost.com/marketing-blog-b6.html]
[www.seobusinessboost.com/marketing-blog-b4.html]
[www.seobusinessboost.com/marketing-blog-b2.html]
[www.seobusinessboost.com/marketing-blog-b1.html]
