[clerk.io/index.html]
[backblue.gif]
[fade.gif]
[index.html]
[clerk.io/css/style.css]
[clerk.io/images/logo.svg]
[clerk.io/images/sm-preview.png]
[clerk.io/search.html]
[clerk.io/recommendations.html]
[clerk.io/email.html]
[clerk.io/audience.html]
[clerk.io/cdp.html]
[clerk.io/analytics.html]
[clerk.io/merchandising.html]
[clerk.io/technology.html]
[clerk.io/integrations.html]
[clerk.io/partners.html]
[clerk.io/pricing.html]
[clerk.io/customers.html]
[clerk.io/about.html]
[clerk.io/demo.html]
[clerk.io/images/customers/people/filip.png]
[clerk.io/images/customers/logo/carlsberg.svg]
[clerk.io/images/customers/logo/jeep.svg]
[clerk.io/images/product/hero.png]
[clerk.io/images/customers/logo/aarstiderne.png]
[clerk.io/images/customers/logo/unisport.png]
[clerk.io/images/customers/logo/flyingtiger.png]
[clerk.io/images/customers/logo/stylepit.svg]
[clerk.io/images/product/recommendations.png]
[clerk.io/images/product/email.png]
[clerk.io/images/product/search.png]
[clerk.io/images/platforms/magento.svg]
[clerk.io/images/product/audience.png]
[clerk.io/images/platforms/shopify.svg]
[clerk.io/images/platforms/woocommerce.svg]
[clerk.io/images/platforms/bigcommerce.svg]
[clerk.io/images/platforms/klaviyo.svg]
[clerk.io/images/platforms/shopware.svg]
[clerk.io/images/platforms/prestashop.png]
[clerk.io/images/platforms/mailchimp.svg]
[clerk.io/images/platforms/salesforce.svg]
[clerk.io/images/platforms/activecampaign.svg]
[clerk.io/images/platforms/dandomain.svg]
[clerk.io/images/platforms/dotdigital.png]
[clerk.io/images/platforms/gads.png]
[clerk.io/images/platforms/hubspot.svg]
[clerk.io/images/platforms/lightspeed.svg]
[clerk.io/images/platforms/emailplatform.png]
[clerk.io/images/platforms/sleeknote.svg]
[clerk.io/images/platforms/shoporama.png]
[clerk.io/images/platforms/shopifyplus.svg]
[clerk.io/images/platforms/facebook.svg]
[clerk.io/images/platforms/smartweb.svg]
[clerk.io/images/platforms/mailup.svg]
[clerk.io/images/platforms/apsis.svg]
[clerk.io/images/platforms/heyloyalty.png]
[clerk.io/images/product/search/ebook.png]
[clerk.io/images/product/recommendations/ebook.png]
[clerk.io/images/product/email/ebook.png]
[clerk.io/images/product/audience/ebook.png]
[clerk.io/images/footer/g2_leader.png]
[clerk.io/images/footer/g2_best_relationship.png]
[clerk.io/images/footer/g2_fastest_implementation.png]
[clerk.io/images/footer/award_gazelle.png]
[clerk.io/images/footer/award_ehandelsprisen.png]
[clerk.io/jobs.html]
[clerk.io/love.html]
[clerk.io/terms-of-service.html]
[clerk.io/dpa.html]
[clerk.io/privacy.html]
[clerk.io/js/clerk.io.js]
[kit.fontawesome.com/5e0395fc76.js]
[clerk.io/index.html]
[widgets.legalmonster.com/v1/legal.js]
[clerk.io/images/hl/blue.png]
[clerk.io/images/hl/orange.png]
[clerk.io/images/hl/yellow.png]
[clerk.io/images/hl/green.png]
[clerk.io/images/hl/email.png]
[clerk.io/images/hl/search.svg]
[clerk.io/images/hl/recs.svg]
[clerk.io/images/hl/email.svg]
[clerk.io/images/hl/audience.svg]
[clerk.io/css/style.css]
[www.googletagmanager.com/gtm5445.html]
[clerk.io/images/logo.svg]
[clerk.io/images/hl/orange.svg]
[clerk.io/images/customers/people/jesper.jpg]
[clerk.io/images/product/search/preview.png]
[clerk.io/images/product/search/naturallanguageprocessing.png]
[clerk.io/images/product/search/hero.png]
[clerk.io/images/product/search/spelling.png]
[clerk.io/images/product/search/synonyms.png]
[clerk.io/images/product/search/contentsearch.png]
[clerk.io/images/product/search/facetedsearch.png]
[clerk.io/images/product/search/instantresults.png]
[clerk.io/search.html]
[clerk.io/images/product/search/searchanalytics.png]
[fast.wistia.com/assets/external/E-v1.js]
[clerk.io/images/customers/people/daniel.png]
[clerk.io/images/product/recommendations/preview.png]
[clerk.io/images/product/recommendations/logics.png]
[clerk.io/images/product/recommendations/hero.png]
[clerk.io/images/product/recommendations/trendsseason.png]
[clerk.io/images/product/recommendations/placements.png]
[clerk.io/images/product/recommendations/filter.png]
[clerk.io/images/product/recommendations/design.png]
[clerk.io/recommendations.html]
[clerk.io/images/product/recommendations/recommendationanalytics.png]
[clerk.io/images/customers/people/nils.jpg]
[clerk.io/images/product/email/preview.png]
[clerk.io/images/product/email/triggers.png]
[clerk.io/images/product/email/hero.png]
[clerk.io/email.html]
[clerk.io/images/product/email/emailanalytics.png]
[clerk.io/images/product/email/automails.png]
[clerk.io/images/product/audience/preview.png]
[clerk.io/images/customers/people/pierguido.jpg]
[clerk.io/images/product/audience/product-interest.png]
[clerk.io/images/product/audience/customer-type.png]
[clerk.io/images/product/audience/hero.png]
[clerk.io/images/product/audience/lifecycle.png]
[clerk.io/images/product/audience/pricesensitivity.png]
[clerk.io/images/product/audience/orderhistory.png]
[clerk.io/images/product/audience/omnichannel.png]
[clerk.io/audience.html]
[clerk.io/images/product/audience/audienceanalytics.png]
[clerk.io/images/product/cdp/cdp.png]
[clerk.io/images/product/cdp/preview.png]
[clerk.io/images/product/cdp/lifecycle.svg]
[clerk.io/images/platforms/exponea.png]
[clerk.io/images/product/cdp/cdp-custom-data.png]
[clerk.io/cdp.html]
[clerk.io/images/platforms/act-on.svg]
[clerk.io/analytics.html]
[clerk.io/images/product/analytics/growth.png]
[clerk.io/images/product/analytics/profiles-and-journeys.png]
[clerk.io/images/product/merchandising/preview.png]
[clerk.io/images/product/merchandising/merchandisingheader.png]
[clerk.io/images/product/merchandising/brandsproducts.png]
[clerk.io/images/product/merchandising/businessgoals.png]
[clerk.io/images/product/merchandising/bundling.png]
[clerk.io/merchandising.html]
[clerk.io/images/product/merchandising/promotions.png]
[clerk.io/images/product/technology/algorithm-overview.png]
[clerk.io/technology.html]
[clerk.io/integrations.html]
[clerk.io/images/product/technology/clerk-core-vs-collaborative.gif]
[clerk.io/images/partners/vervaunt.png]
[clerk.io/images/partners/grafikr.png]
[clerk.io/images/partners/ranosys.png]
[clerk.io/images/product/technology/clerk-core-brain.png]
[clerk.io/images/partners/scandiweb.png]
[clerk.io/images/partners/moca.png]
[clerk.io/images/partners/novicell.png]
[clerk.io/images/partners/digitroll.png]
[clerk.io/images/partners/alpenite.png]
[clerk.io/images/partners/webgriffe.png]
[clerk.io/images/partners/ackermann.png]
[clerk.io/images/partners/nozebra.png]
[clerk.io/images/partners/mantanera.png]
[clerk.io/images/partners/affee.png]
[clerk.io/images/partners/digitla-guru.png]
[clerk.io/images/partners/wearehumas.png]
[clerk.io/images/partners/wemakewebsites.png]
[clerk.io/images/partners/netsolutions.jpg]
[clerk.io/images/partners/news.it.png]
[clerk.io/images/partners/projectmoon.png]
[clerk.io/images/partners/spoton.png]
[clerk.io/images/partners/tunda.png]
[clerk.io/images/partners/trollweb.png]
[clerk.io/images/partners/studiocappello.png]
[clerk.io/images/partners/diennea.png]
[clerk.io/images/partners/s360.png]
[clerk.io/images/partners/scandesign-media.png]
[clerk.io/images/partners/kommunikativet.png]
[clerk.io/images/partners/vconnect.png]
[clerk.io/images/partners/decato.png]
[clerk.io/images/partners/webtimisten.png]
[clerk.io/images/partners/eaglemedia.png]
[clerk.io/images/partners/magemega.png]
[clerk.io/images/partners/pagedesign.png]
[clerk.io/images/partners/dnafactory.png]
[clerk.io/images/partners/radarsofthouse.png]
[clerk.io/images/partners/crealevant.png]
[clerk.io/images/partners/lesite.png]
[clerk.io/images/partners/linkness.jpg]
[clerk.io/images/partners/hudsondigital.png]
[clerk.io/partners.html]
[clerk.io/pricing.html]
[clerk.io/images/partners/plumastudio.png]
[blog.clerk.io/hubfs/scott-warman-h4AGlo55tTA-unsplash.jpg]
[try.clerk.io/hubfs/3-Jun-24-2021-07-15-07-73-AM.png]
[blog.clerk.io/hubfs/Untitled design (1)-4.png]
[blog.clerk.io/hubfs/web-banner-1-2_1400x.jpg]
[blog.clerk.io/hubfs/yogandha-oils-xuhdcCJI2uw-unsplash.jpg]
[blog.clerk.io/hubfs/thule-alltrail-25l-review-3.jpg]
[blog.clerk.io/hubfs/1618434230918.jpg]
[blog.clerk.io/hubfs/download.jpg]
[clerk.io/images/customers/logo/philipsonwine.png]
[clerk.io/images/customers/logo/sinful.png]
[clerk.io/images/customers/logo/tresspass.png]
[clerk.io/images/customers/logo/skechers.png]
[clerk.io/images/customers/logo/hancocks.png]
[clerk.io/images/customers/logo/lotto.svg]
[clerk.io/customers.html]
[clerk.io/images/customers/people/daniel.jpg]
[clerk.io/images/about-bg.png]
[clerk.io/images/team/group/phone.jpg]
[clerk.io/images/team/group/floor.jpg]
[clerk.io/images/team/group/smily2.jpg]
[clerk.io/images/team/group/team-sep-2020.png]
[clerk.io/images/charities/ocean-cleanup.png]
[clerk.io/images/charities/bornetelefonen.png]
[clerk.io/images/charities/bornefonden.png]
[clerk.io/images/charities/danskehospitalsklovne.png]
[clerk.io/images/charities/doctorswithoutborders.png]
[clerk.io/images/charities/greenpeace.png]
[clerk.io/images/charities/julemaerkehjemmene.png]
[clerk.io/images/charities/kirkenskorshaer.png]
[clerk.io/images/charities/kraeftensbekaempelse.png]
[clerk.io/images/charities/anima.png]
[clerk.io/images/charities/lookgoodfeelbetter.png]
[clerk.io/images/charities/rodekors.png]
[clerk.io/images/charities/savethechildren.png]
[clerk.io/images/charities/sexsamfund.png]
[clerk.io/images/charities/unicef.png]
[clerk.io/about.html]
[clerk.io/images/charities/women.png]
[js.hsforms.net/forms/v2.js]
[clerk.io/demo.html]
[clerk.io/images/customers/logo/carlsberg.svg]
[clerk.io/images/customers/people/tue.jpg]
[clerk.io/images/customers/logo/2014_Jeep_Warranty.e7.delayed]
[clerk.io/images/customers/logo/jeep.svg]
[clerk.io/images/customers/logo/stylepit.svg]
[clerk.io/images/platforms/magento.svg]
[clerk.io/images/platforms/shopify.svg]
[clerk.io/images/platforms/woocommerce.svg]
[clerk.io/images/platforms/bigcommerce.svg]
[clerk.io/images/platforms/klaviyo.svg]
[clerk.io/images/platforms/shopware.svg]
[clerk.io/images/platforms/mailchimp.svg]
[clerk.io/images/platforms/salesforce.svg]
[clerk.io/images/platforms/activecampaign.svg]
[clerk.io/images/platforms/dandomain.svg]
[clerk.io/images/platforms/hubspot.svg]
[clerk.io/images/platforms/lightspeed.svg]
[clerk.io/images/platforms/sleeknote.svg]
[clerk.io/images/platforms/shopifyplus.svg]
[clerk.io/images/platforms/facebook.svg]
[clerk.io/images/platforms/smartweb.svg]
[clerk.io/images/platforms/mailup.svg]
[clerk.io/images/platforms/apsis.svg]
[clerk.io/images/customers/people/bulent.jpg]
[clerk.io/images/customers/people/alessandro.jpg]
[clerk.io/images/customers/people/camilla.jpg]
[clerk.io/images/customers/people/kasper_broue.png]
[clerk.io/images/charities/.png]
[clerk.io/jobs.html]
[clerk.io/love.html]
[clerk.io/terms-of-service.html]
[clerk.io/images/team/hk_big.png]
[clerk.io/dpa.html]
[clerk.io/privacy.html]
[clerk.io/images/hl/search.svg]
[clerk.io/images/hl/recs.svg]
[clerk.io/images/hl/email.svg]
[clerk.io/images/hl/audience.svg]
[clerk.io/images/hl/orange.svg]
[clerk.io/images/product/cdp/lifecycle.svg]
[clerk.io/images/platforms/act-on.svg]
[clerk.io/images/customers/logo/lotto.svg]
[clerk.io/images/customers/logo/2014_Jeep_Warranty.html]
[clerk.io/images/charities/.html]
[scripts.teamtailor-cdn.com/widgets/production/jobs.html]
[blog.clerk.io/hubfs/yogandha-oils-xuhdcCJI2uw-unsplash.jpg]
[blog.clerk.io/hubfs/wesley-tingey-gdH_nbsgizM-unsplash.jpg]
